Component: ARM Compiler 5.06 update 6 (build 750) Tool: armlink [4d35ed]

==============================================================================

Section Cross References

    net_config.o(i.init_system) refers to at_ppp.o(i.ppp_init_link) for ppp_init_link
    net_config.o(i.init_system) refers to at_ip.o(i.ip_init) for ip_init
    net_config.o(i.init_system) refers to at_icmp.o(i.icmp_init) for icmp_init
    net_config.o(i.init_system) refers to at_udp.o(i.udp_init) for udp_init
    net_config.o(i.init_system) refers to at_tcp.o(i.tcp_init) for tcp_init
    net_config.o(i.init_system) refers to at_dns.o(i.dns_init) for dns_init
    net_config.o(i.run_system) refers to at_ppp.o(i.ppp_run_link) for ppp_run_link
    net_config.o(i.run_system) refers to at_ip.o(i.ip_run_local) for ip_run_local
    net_config.o(i.run_system) refers to at_icmp.o(i.icmp_run_engine) for icmp_run_engine
    net_config.o(i.run_system) refers to at_tcp.o(i.tcp_poll_sockets) for tcp_poll_sockets
    net_config.o(i.run_system) refers to at_dns.o(i.dns_run_client) for dns_run_client
    net_config.o(.constdata) refers to net_config.o(.bss) for mem_pool
    net_config.o(.constdata) refers to net_config.o(.data) for lhost_name
    main.o(i.Delay_Decrement) refers to main.o(.data) for TimingDelay
    main.o(i.Delayms) refers to app_wdt.o(i.app_wdt_feed) for app_wdt_feed
    main.o(i.Delayms) refers to main.o(.data) for TimingDelay
    main.o(i.ProcessTimeout100ms) refers to app_wdt.o(i.app_wdt_feed) for app_wdt_feed
    main.o(i.SystemManagementTask) refers to main.o(.data) for m_sys_tick
    main.o(i.main) refers to initsystem.o(i.InitSystem) for InitSystem
    main.o(i.main) refers to main.o(i.ProcessTimeout10ms) for ProcessTimeout10ms
    main.o(i.main) refers to main.o(i.ProcessTimeout100ms) for ProcessTimeout100ms
    main.o(i.main) refers to gd32e10x_gpio.o(i.gpio_bit_write) for gpio_bit_write
    main.o(i.main) refers to segger_rtt_printf.o(i.SEGGER_RTT_printf) for SEGGER_RTT_printf
    main.o(i.main) refers to main.o(.data) for TimeOut10ms
    main.o(i.sys_get_ms) refers to main.o(.data) for m_sys_tick
    systick.o(i.delay_1ms) refers to systick.o(.data) for delay
    systick.o(i.delay_decrement) refers to systick.o(.data) for delay
    systick.o(i.systick_config) refers to systick.o(i.__NVIC_SetPriority) for __NVIC_SetPriority
    systick.o(i.systick_config) refers to system_gd32e10x.o(.data) for SystemCoreClock
    app_wdt.o(i.app_wdt_feed) refers to gd32e10x_fwdgt.o(i.fwdgt_counter_reload) for fwdgt_counter_reload
    app_wdt.o(i.app_wdt_start) refers to gd32e10x_fwdgt.o(i.fwdgt_config) for fwdgt_config
    app_wdt.o(i.app_wdt_start) refers to gd32e10x_fwdgt.o(i.fwdgt_enable) for fwdgt_enable
    app_wdt.o(i.app_wdt_start) refers to gd32e10x_rcu.o(i.rcu_flag_get) for rcu_flag_get
    app_wdt.o(i.app_wdt_start) refers to gd32e10x_rcu.o(i.rcu_all_reset_flag_clear) for rcu_all_reset_flag_clear
    app_wdt.o(i.irc40k_config) refers to gd32e10x_rcu.o(i.rcu_osci_on) for rcu_osci_on
    app_wdt.o(i.irc40k_config) refers to gd32e10x_rcu.o(i.rcu_osci_stab_wait) for rcu_osci_stab_wait
    gd32e10x_it.o(i.EXTI10_15_IRQHandler) refers to gd32e10x_exti.o(i.exti_interrupt_flag_get) for exti_interrupt_flag_get
    gd32e10x_it.o(i.EXTI10_15_IRQHandler) refers to gd32e10x_exti.o(i.exti_interrupt_flag_clear) for exti_interrupt_flag_clear
    gd32e10x_it.o(i.SysTick_Handler) refers to main.o(i.SystemManagementTask) for SystemManagementTask
    gd32e10x_it.o(i.SysTick_Handler) refers to main.o(i.Delay_Decrement) for Delay_Decrement
    debug.o(i.DebugAddData) refers to debug.o(.bss) for DebugBuffer
    debug.o(i.DebugTick) refers to debug.o(i.ProcessNewDebugData) for ProcessNewDebugData
    debug.o(i.DebugTick) refers to debug.o(.bss) for DebugBuffer
    debug.o(i.ProcessNewDebugData) refers to debug.o(i.debug_printf) for debug_printf
    debug.o(i.ProcessNewDebugData) refers to strstr.o(.text) for strstr
    debug.o(i.ProcessNewDebugData) refers to utilities.o(i.GetNumberFromString) for GetNumberFromString
    debug.o(i.ProcessNewDebugData) refers to debug.o(.bss) for DebugBuffer
    debug.o(i.ProcessNewDebugData) refers to initsystem.o(.bss) for xSystem
    debug.o(i.debug_printf) refers to main.o(i.sys_get_ms) for sys_get_ms
    debug.o(i.debug_printf) refers to printfa.o(i.__0sprintf) for __2sprintf
    debug.o(i.debug_printf) refers to printfa.o(i.__0vsnprintf) for vsnprintf
    debug.o(i.debug_printf) refers to segger_rtt.o(i.SEGGER_RTT_Write) for SEGGER_RTT_Write
    driveruart.o(i.UART_Init) refers to gd32e10x_misc.o(i.nvic_irq_enable) for nvic_irq_enable
    driveruart.o(i.UART_Init) refers to gd32e10x_rcu.o(i.rcu_periph_clock_enable) for rcu_periph_clock_enable
    driveruart.o(i.UART_Init) refers to gd32e10x_gpio.o(i.gpio_init) for gpio_init
    driveruart.o(i.UART_Init) refers to gd32e10x_usart.o(i.usart_deinit) for usart_deinit
[...]
    Removing gd32e10x_i2c.o(i.i2c_pec_enable), (16 bytes).
    Removing gd32e10x_i2c.o(i.i2c_pec_transfer_enable), (16 bytes).
    Removing gd32e10x_i2c.o(i.i2c_pec_value_get), (10 bytes).
    Removing gd32e10x_i2c.o(i.i2c_sam_disable), (14 bytes).
    Removing gd32e10x_i2c.o(i.i2c_sam_enable), (14 bytes).
    Removing gd32e10x_i2c.o(i.i2c_sam_timeout_disable), (14 bytes).
    Removing gd32e10x_i2c.o(i.i2c_sam_timeout_enable), (14 bytes).
    Removing gd32e10x_i2c.o(i.i2c_slave_response_to_gcall_config), (16 bytes).
    Removing gd32e10x_i2c.o(i.i2c_smbus_arp_enable), (16 bytes).
    Removing gd32e10x_i2c.o(i.i2c_smbus_issue_alert), (16 bytes).
    Removing gd32e10x_i2c.o(i.i2c_smbus_type_config), (24 bytes).
    Removing gd32e10x_i2c.o(i.i2c_software_reset_config), (16 bytes).
    Removing gd32e10x_i2c.o(i.i2c_start_on_bus), (10 bytes).
    Removing gd32e10x_i2c.o(i.i2c_stop_on_bus), (10 bytes).
    Removing gd32e10x_i2c.o(i.i2c_stretch_scl_low_config), (16 bytes).
    Removing gd32e10x_misc.o(.rev16_text), (4 bytes).
    Removing gd32e10x_misc.o(.revsh_text), (4 bytes).
    Removing gd32e10x_misc.o(.rrx_text), (6 bytes).
    Removing gd32e10x_misc.o(i.nvic_irq_disable), (24 bytes).
    Removing gd32e10x_misc.o(i.nvic_irq_enable), (172 bytes).
    Removing gd32e10x_misc.o(i.nvic_priority_group_set), (20 bytes).
    Removing gd32e10x_misc.o(i.system_lowpower_reset), (16 bytes).
    Removing gd32e10x_misc.o(i.system_lowpower_set), (16 bytes).
    Removing gd32e10x_misc.o(i.systick_clksource_set), (40 bytes).
    Removing gd32e10x_pmu.o(.rev16_text), (4 bytes).
    Removing gd32e10x_pmu.o(.revsh_text), (4 bytes).
    Removing gd32e10x_pmu.o(.rrx_text), (6 bytes).
    Removing gd32e10x_pmu.o(i.pmu_backup_write_disable), (20 bytes).
    Removing gd32e10x_pmu.o(i.pmu_backup_write_enable), (20 bytes).
    Removing gd32e10x_pmu.o(i.pmu_deinit), (20 bytes).
    Removing gd32e10x_pmu.o(i.pmu_flag_clear), (48 bytes).
    Removing gd32e10x_pmu.o(i.pmu_flag_get), (24 bytes).
    Removing gd32e10x_pmu.o(i.pmu_ldo_output_select), (28 bytes).
    Removing gd32e10x_pmu.o(i.pmu_lvd_disable), (20 bytes).
    Removing gd32e10x_pmu.o(i.pmu_lvd_select), (48 bytes).
    Removing gd32e10x_pmu.o(i.pmu_to_deepsleepmode), (196 bytes).
    Removing gd32e10x_pmu.o(i.pmu_to_sleepmode), (28 bytes).
    Removing gd32e10x_pmu.o(i.pmu_to_standbymode), (52 bytes).
    Removing gd32e10x_pmu.o(i.pmu_wakeup_pin_disable), (20 bytes).
    Removing gd32e10x_pmu.o(i.pmu_wakeup_pin_enable), (20 bytes).
    Removing gd32e10x_pmu.o(.bss), (16 bytes).
    Removing gd32e10x_rcu.o(.rev16_text), (4 bytes).
    Removing gd32e10x_rcu.o(.revsh_text), (4 bytes).
    Removing gd32e10x_rcu.o(.rrx_text), (6 bytes).
    Removing gd32e10x_rcu.o(i.rcu_adc_clock_config), (108 bytes).
    Removing gd32e10x_rcu.o(i.rcu_ahb_clock_config), (24 bytes).
    Removing gd32e10x_rcu.o(i.rcu_all_reset_flag_clear), (20 bytes).
    Removing gd32e10x_rcu.o(i.rcu_apb1_clock_config), (24 bytes).
    Removing gd32e10x_rcu.o(i.rcu_apb2_clock_config), (24 bytes).
    Removing gd32e10x_rcu.o(i.rcu_bkp_reset_disable), (20 bytes).
    Removing gd32e10x_rcu.o(i.rcu_bkp_reset_enable), (20 bytes).
    Removing gd32e10x_rcu.o(i.rcu_ck48m_clock_config), (28 bytes).
    Removing gd32e10x_rcu.o(i.rcu_ckout0_config), (24 bytes).
    Removing gd32e10x_rcu.o(i.rcu_clock_freq_get), (384 bytes).
    Removing gd32e10x_rcu.o(i.rcu_deepsleep_voltage_set), (16 bytes).
    Removing gd32e10x_rcu.o(i.rcu_deinit), (100 bytes).
    Removing gd32e10x_rcu.o(i.rcu_flag_get), (36 bytes).
    Removing gd32e10x_rcu.o(i.rcu_hxtal_clock_monitor_disable), (20 bytes).
    Removing gd32e10x_rcu.o(i.rcu_hxtal_clock_monitor_enable), (20 bytes).
    Removing gd32e10x_rcu.o(i.rcu_i2s1_clock_config), (24 bytes).
    Removing gd32e10x_rcu.o(i.rcu_i2s2_clock_config), (24 bytes).
    Removing gd32e10x_rcu.o(i.rcu_interrupt_disable), (32 bytes).
    Removing gd32e10x_rcu.o(i.rcu_interrupt_enable), (32 bytes).
    Removing gd32e10x_rcu.o(i.rcu_interrupt_flag_clear), (32 bytes).
    Removing gd32e10x_rcu.o(i.rcu_interrupt_flag_get), (36 bytes).
    Removing gd32e10x_rcu.o(i.rcu_irc8m_adjust_value_set), (28 bytes).
    Removing gd32e10x_rcu.o(i.rcu_lxtal_drive_capability_config), (24 bytes).
    Removing gd32e10x_rcu.o(i.rcu_osci_bypass_mode_disable), (112 bytes).
    Removing gd32e10x_rcu.o(i.rcu_osci_bypass_mode_enable), (112 bytes).
    Removing gd32e10x_rcu.o(i.rcu_osci_off), (32 bytes).
    Removing gd32e10x_rcu.o(i.rcu_osci_on), (32 bytes).
    Removing gd32e10x_rcu.o(i.rcu_osci_stab_wait), (348 bytes).
    Removing gd32e10x_rcu.o(i.rcu_periph_clock_disable), (32 bytes).
    Removing gd32e10x_rcu.o(i.rcu_periph_clock_sleep_disable), (32 bytes).
    Removing gd32e10x_rcu.o(i.rcu_periph_clock_sleep_enable), (32 bytes).
    Removing gd32e10x_rcu.o(i.rcu_periph_reset_disable), (32 bytes).
    Removing gd32e10x_rcu.o(i.rcu_periph_reset_enable), (32 bytes).
    Removing gd32e10x_rcu.o(i.rcu_pll1_config), (28 bytes).
    Removing gd32e10x_rcu.o(i.rcu_pll2_config), (28 bytes).
    Removing gd32e10x_rcu.o(i.rcu_pll_config), (32 bytes).
    Removing gd32e10x_rcu.o(i.rcu_pllpresel_config), (24 bytes).
    Removing gd32e10x_rcu.o(i.rcu_predv0_config), (32 bytes).
    Removing gd32e10x_rcu.o(i.rcu_predv1_config), (24 bytes).
    Removing gd32e10x_rcu.o(i.rcu_rtc_clock_config), (24 bytes).
    Removing gd32e10x_rcu.o(i.rcu_system_clock_source_config), (24 bytes).
    Removing gd32e10x_rcu.o(i.rcu_system_clock_source_get), (16 bytes).
    Removing gd32e10x_rcu.o(i.rcu_usb_clock_config), (24 bytes).
    Removing gd32e10x_rtc.o(.rev16_text), (4 bytes).
    Removing gd32e10x_rtc.o(.revsh_text), (4 bytes).
    Removing gd32e10x_rtc.o(.rrx_text), (6 bytes).
    Removing gd32e10x_rtc.o(i.rtc_alarm_config), (32 bytes).
    Removing gd32e10x_rtc.o(i.rtc_configuration_mode_enter), (20 bytes).
    Removing gd32e10x_rtc.o(i.rtc_configuration_mode_exit), (20 bytes).
    Removing gd32e10x_rtc.o(i.rtc_counter_get), (20 bytes).
    Removing gd32e10x_rtc.o(i.rtc_counter_set), (32 bytes).
    Removing gd32e10x_rtc.o(i.rtc_divider_get), (24 bytes).
    Removing gd32e10x_rtc.o(i.rtc_flag_clear), (16 bytes).
    Removing gd32e10x_rtc.o(i.rtc_flag_get), (24 bytes).
    Removing gd32e10x_rtc.o(i.rtc_interrupt_disable), (16 bytes).
    Removing gd32e10x_rtc.o(i.rtc_interrupt_enable), (16 bytes).
    Removing gd32e10x_rtc.o(i.rtc_interrupt_flag_clear), (16 bytes).
    Removing gd32e10x_rtc.o(i.rtc_interrupt_flag_get), (24 bytes).
    Removing gd32e10x_rtc.o(i.rtc_lwoff_wait), (20 bytes).
    Removing gd32e10x_rtc.o(i.rtc_prescaler_set), (32 bytes).
    Removing gd32e10x_rtc.o(i.rtc_register_sync_wait), (32 bytes).
    Removing gd32e10x_spi.o(.rev16_text), (4 bytes).
    Removing gd32e10x_spi.o(.revsh_text), (4 bytes).
    Removing gd32e10x_spi.o(.rrx_text), (6 bytes).
    Removing gd32e10x_spi.o(i.i2s_disable), (10 bytes).
    Removing gd32e10x_spi.o(i.i2s_enable), (10 bytes).
    Removing gd32e10x_spi.o(i.i2s_init), (28 bytes).
    Removing gd32e10x_spi.o(i.i2s_psc_config), (280 bytes).
    Removing gd32e10x_spi.o(i.qspi_disable), (14 bytes).
    Removing gd32e10x_spi.o(i.qspi_enable), (14 bytes).
    Removing gd32e10x_spi.o(i.qspi_io23_output_disable), (14 bytes).
    Removing gd32e10x_spi.o(i.qspi_io23_output_enable), (14 bytes).
    Removing gd32e10x_spi.o(i.qspi_read_enable), (14 bytes).
    Removing gd32e10x_spi.o(i.qspi_write_enable), (14 bytes).
    Removing gd32e10x_spi.o(i.spi_bidirectional_transfer_config), (26 bytes).
    Removing gd32e10x_spi.o(i.spi_crc_error_clear), (10 bytes).
    Removing gd32e10x_spi.o(i.spi_crc_get), (16 bytes).
    Removing gd32e10x_spi.o(i.spi_crc_next), (10 bytes).
    Removing gd32e10x_spi.o(i.spi_crc_off), (10 bytes).
    Removing gd32e10x_spi.o(i.spi_crc_on), (10 bytes).
    Removing gd32e10x_spi.o(i.spi_crc_polynomial_get), (8 bytes).
    Removing gd32e10x_spi.o(i.spi_crc_polynomial_set), (12 bytes).
    Removing gd32e10x_spi.o(i.spi_disable), (10 bytes).
    Removing gd32e10x_spi.o(i.spi_dma_disable), (22 bytes).
    Removing gd32e10x_spi.o(i.spi_dma_enable), (22 bytes).
    Removing gd32e10x_spi.o(i.spi_enable), (10 bytes).
    Removing gd32e10x_spi.o(i.spi_i2s_data_frame_format_config), (16 bytes).
    Removing gd32e10x_spi.o(i.spi_i2s_data_receive), (8 bytes).
    Removing gd32e10x_spi.o(i.spi_i2s_data_transmit), (4 bytes).
    Removing gd32e10x_spi.o(i.spi_i2s_deinit), (88 bytes).
    Removing gd32e10x_spi.o(i.spi_i2s_flag_get), (16 bytes).
    Removing gd32e10x_spi.o(i.spi_i2s_interrupt_disable), (48 bytes).
    Removing gd32e10x_spi.o(i.spi_i2s_interrupt_enable), (48 bytes).
    Removing gd32e10x_spi.o(i.spi_i2s_interrupt_flag_get), (112 bytes).
    Removing gd32e10x_spi.o(i.spi_init), (50 bytes).
    Removing gd32e10x_spi.o(i.spi_nss_internal_high), (10 bytes).
    Removing gd32e10x_spi.o(i.spi_nss_internal_low), (10 bytes).
    Removing gd32e10x_spi.o(i.spi_nss_output_disable), (10 bytes).
    Removing gd32e10x_spi.o(i.spi_nss_output_enable), (10 bytes).
    Removing gd32e10x_spi.o(i.spi_nssp_mode_disable), (10 bytes).
    Removing gd32e10x_spi.o(i.spi_nssp_mode_enable), (10 bytes).
    Removing gd32e10x_spi.o(i.spi_struct_para_init), (16 bytes).
    Removing gd32e10x_spi.o(i.spi_ti_mode_disable), (10 bytes).
    Removing gd32e10x_spi.o(i.spi_ti_mode_enable), (10 bytes).
    Removing gd32e10x_timer.o(.rev16_text), (4 bytes).
    Removing gd32e10x_timer.o(.revsh_text), (4 bytes).
    Removing gd32e10x_timer.o(.rrx_text), (6 bytes).
    Removing gd32e10x_timer.o(i.timer_auto_reload_shadow_disable), (10 bytes).
    Removing gd32e10x_timer.o(i.timer_auto_reload_shadow_enable), (10 bytes).
    Removing gd32e10x_timer.o(i.timer_automatic_output_disable), (10 bytes).
    Removing gd32e10x_timer.o(i.timer_automatic_output_enable), (10 bytes).
    Removing gd32e10x_timer.o(i.timer_autoreload_value_config), (4 bytes).
    Removing gd32e10x_timer.o(i.timer_break_config), (30 bytes).
    Removing gd32e10x_timer.o(i.timer_break_disable), (10 bytes).
    Removing gd32e10x_timer.o(i.timer_break_enable), (10 bytes).
    Removing gd32e10x_timer.o(i.timer_break_struct_para_init), (18 bytes).
    Removing gd32e10x_timer.o(i.timer_channel_capture_value_register_read), (42 bytes).
    Removing gd32e10x_timer.o(i.timer_channel_complementary_output_polarity_config), (70 bytes).
    Removing gd32e10x_timer.o(i.timer_channel_complementary_output_state_config), (70 bytes).
    Removing gd32e10x_timer.o(i.timer_channel_control_shadow_config), (24 bytes).
    Removing gd32e10x_timer.o(i.timer_channel_control_shadow_update_config), (26 bytes).
    Removing gd32e10x_timer.o(i.timer_channel_dma_request_source_select), (26 bytes).
    Removing gd32e10x_timer.o(i.timer_channel_input_capture_prescaler_config), (90 bytes).
    Removing gd32e10x_timer.o(i.timer_channel_input_struct_para_init), (16 bytes).
    Removing gd32e10x_timer.o(i.timer_channel_output_clear_config), (90 bytes).
    Removing gd32e10x_timer.o(i.timer_channel_output_config), (492 bytes).
    Removing gd32e10x_timer.o(i.timer_channel_output_fast_config), (90 bytes).
    Removing gd32e10x_timer.o(i.timer_channel_output_mode_config), (90 bytes).
    Removing gd32e10x_timer.o(i.timer_channel_output_polarity_config), (92 bytes).
    Removing gd32e10x_timer.o(i.timer_channel_output_pulse_value_config), (38 bytes).
    Removing gd32e10x_timer.o(i.timer_channel_output_shadow_config), (90 bytes).
    Removing gd32e10x_timer.o(i.timer_channel_output_state_config), (92 bytes).
    Removing gd32e10x_timer.o(i.timer_channel_output_struct_para_init), (16 bytes).
    Removing gd32e10x_timer.o(i.timer_counter_alignment), (16 bytes).
    Removing gd32e10x_timer.o(i.timer_counter_down_direction), (10 bytes).
    Removing gd32e10x_timer.o(i.timer_counter_read), (8 bytes).
    Removing gd32e10x_timer.o(i.timer_counter_up_direction), (10 bytes).
    Removing gd32e10x_timer.o(i.timer_counter_value_config), (4 bytes).
    Removing gd32e10x_timer.o(i.timer_deinit), (388 bytes).
    Removing gd32e10x_timer.o(i.timer_disable), (10 bytes).
    Removing gd32e10x_timer.o(i.timer_dma_disable), (8 bytes).
    Removing gd32e10x_timer.o(i.timer_dma_enable), (8 bytes).
    Removing gd32e10x_timer.o(i.timer_dma_transfer_config), (24 bytes).
    Removing gd32e10x_timer.o(i.timer_enable), (10 bytes).
    Removing gd32e10x_timer.o(i.timer_event_software_generate), (8 bytes).
    Removing gd32e10x_timer.o(i.timer_external_clock_mode0_config), (40 bytes).
    Removing gd32e10x_timer.o(i.timer_external_clock_mode1_config), (32 bytes).
    Removing gd32e10x_timer.o(i.timer_external_clock_mode1_disable), (10 bytes).
    Removing gd32e10x_timer.o(i.timer_external_trigger_as_external_clock_config), (166 bytes).
    Removing gd32e10x_timer.o(i.timer_external_trigger_config), (30 bytes).
    Removing gd32e10x_timer.o(i.timer_flag_clear), (6 bytes).
    Removing gd32e10x_timer.o(i.timer_flag_get), (16 bytes).
    Removing gd32e10x_timer.o(i.timer_hall_mode_config), (26 bytes).
    Removing gd32e10x_timer.o(i.timer_init), (164 bytes).
    Removing gd32e10x_timer.o(i.timer_input_capture_config), (326 bytes).
    Removing gd32e10x_timer.o(i.timer_input_pwm_capture_config), (356 bytes).
    Removing gd32e10x_timer.o(i.timer_input_trigger_source_select), (16 bytes).
    Removing gd32e10x_timer.o(i.timer_internal_clock_config), (10 bytes).
    Removing gd32e10x_timer.o(i.timer_internal_trigger_as_external_clock_config), (32 bytes).
    Removing gd32e10x_timer.o(i.timer_interrupt_disable), (8 bytes).
    Removing gd32e10x_timer.o(i.timer_interrupt_enable), (8 bytes).
    Removing gd32e10x_timer.o(i.timer_interrupt_flag_clear), (6 bytes).
    Removing gd32e10x_timer.o(i.timer_interrupt_flag_get), (24 bytes).
    Removing gd32e10x_timer.o(i.timer_master_output_trigger_source_select), (16 bytes).
    Removing gd32e10x_timer.o(i.timer_master_slave_mode_config), (26 bytes).
    Removing gd32e10x_timer.o(i.timer_output_value_selection_config), (34 bytes).
    Removing gd32e10x_timer.o(i.timer_prescaler_config), (16 bytes).
    Removing gd32e10x_timer.o(i.timer_prescaler_read), (10 bytes).
    Removing gd32e10x_timer.o(i.timer_primary_output_config), (24 bytes).
    Removing gd32e10x_timer.o(i.timer_quadrature_decoder_mode_config), (64 bytes).
    Removing gd32e10x_timer.o(i.timer_repetition_value_config), (4 bytes).
    Removing gd32e10x_timer.o(i.timer_single_pulse_mode_config), (26 bytes).
    Removing gd32e10x_timer.o(i.timer_slave_mode_select), (16 bytes).
    Removing gd32e10x_timer.o(i.timer_struct_para_init), (22 bytes).
    Removing gd32e10x_timer.o(i.timer_update_event_disable), (10 bytes).
    Removing gd32e10x_timer.o(i.timer_update_event_enable), (10 bytes).
    Removing gd32e10x_timer.o(i.timer_update_source_config), (26 bytes).
    Removing gd32e10x_timer.o(i.timer_write_chxval_register_config), (34 bytes).
    Removing gd32e10x_usart.o(.rev16_text), (4 bytes).
    Removing gd32e10x_usart.o(.revsh_text), (4 bytes).
    Removing gd32e10x_usart.o(.rrx_text), (6 bytes).
    Removing gd32e10x_usart.o(i.usart_address_config), (20 bytes).
    Removing gd32e10x_usart.o(i.usart_baudrate_set), (144 bytes).
    Removing gd32e10x_usart.o(i.usart_block_length_config), (28 bytes).
    Removing gd32e10x_usart.o(i.usart_data_first_config), (20 bytes).
    Removing gd32e10x_usart.o(i.usart_deinit), (144 bytes).
    Removing gd32e10x_usart.o(i.usart_disable), (10 bytes).
    Removing gd32e10x_usart.o(i.usart_dma_receive_config), (16 bytes).
    Removing gd32e10x_usart.o(i.usart_dma_transmit_config), (16 bytes).
    Removing gd32e10x_usart.o(i.usart_enable), (10 bytes).
    Removing gd32e10x_usart.o(i.usart_flag_clear), (26 bytes).
    Removing gd32e10x_usart.o(i.usart_flag_get), (30 bytes).
    Removing gd32e10x_usart.o(i.usart_guard_time_config), (24 bytes).
    Removing gd32e10x_usart.o(i.usart_halfduplex_disable), (10 bytes).
    Removing gd32e10x_usart.o(i.usart_halfduplex_enable), (10 bytes).
    Removing gd32e10x_usart.o(i.usart_hardware_flow_coherence_config), (24 bytes).
    Removing gd32e10x_usart.o(i.usart_hardware_flow_cts_config), (16 bytes).
    Removing gd32e10x_usart.o(i.usart_hardware_flow_rts_config), (16 bytes).
    Removing gd32e10x_usart.o(i.usart_interrupt_enable), (26 bytes).
    Removing gd32e10x_usart.o(i.usart_interrupt_flag_clear), (26 bytes).
    Removing gd32e10x_usart.o(i.usart_invert_config), (104 bytes).
    Removing gd32e10x_usart.o(i.usart_irda_lowpower_config), (20 bytes).
    Removing gd32e10x_usart.o(i.usart_irda_mode_disable), (10 bytes).
    Removing gd32e10x_usart.o(i.usart_irda_mode_enable), (10 bytes).
    Removing gd32e10x_usart.o(i.usart_lin_break_detection_length_config), (20 bytes).
    Removing gd32e10x_usart.o(i.usart_lin_mode_disable), (10 bytes).
    Removing gd32e10x_usart.o(i.usart_lin_mode_enable), (10 bytes).
    Removing gd32e10x_usart.o(i.usart_mute_mode_disable), (10 bytes).
    Removing gd32e10x_usart.o(i.usart_mute_mode_enable), (10 bytes).
    Removing gd32e10x_usart.o(i.usart_mute_mode_wakeup_config), (16 bytes).
    Removing gd32e10x_usart.o(i.usart_parity_config), (16 bytes).
    Removing gd32e10x_usart.o(i.usart_prescaler_config), (16 bytes).
    Removing gd32e10x_usart.o(i.usart_receive_config), (16 bytes).
    Removing gd32e10x_usart.o(i.usart_receiver_timeout_disable), (14 bytes).
    Removing gd32e10x_usart.o(i.usart_receiver_timeout_enable), (14 bytes).
    Removing gd32e10x_usart.o(i.usart_receiver_timeout_threshold_config), (20 bytes).
    Removing gd32e10x_usart.o(i.usart_send_break), (10 bytes).
    Removing gd32e10x_usart.o(i.usart_smartcard_autoretry_config), (26 bytes).
    Removing gd32e10x_usart.o(i.usart_smartcard_mode_disable), (10 bytes).
    Removing gd32e10x_usart.o(i.usart_smartcard_mode_enable), (10 bytes).
    Removing gd32e10x_usart.o(i.usart_smartcard_mode_nack_disable), (10 bytes).
    Removing gd32e10x_usart.o(i.usart_smartcard_mode_nack_enable), (10 bytes).
    Removing gd32e10x_usart.o(i.usart_stop_bit_set), (16 bytes).
    Removing gd32e10x_usart.o(i.usart_synchronous_clock_config), (34 bytes).
    Removing gd32e10x_usart.o(i.usart_synchronous_clock_disable), (10 bytes).
    Removing gd32e10x_usart.o(i.usart_synchronous_clock_enable), (10 bytes).
    Removing gd32e10x_usart.o(i.usart_transmit_config), (16 bytes).
    Removing gd32e10x_usart.o(i.usart_word_length_set), (16 bytes).
    Removing gd32e10x_wwdgt.o(.rev16_text), (4 bytes).
    Removing gd32e10x_wwdgt.o(.revsh_text), (4 bytes).
    Removing gd32e10x_wwdgt.o(.rrx_text), (6 bytes).
    Removing gd32e10x_wwdgt.o(i.wwdgt_config), (56 bytes).
    Removing gd32e10x_wwdgt.o(i.wwdgt_counter_update), (28 bytes).
    Removing gd32e10x_wwdgt.o(i.wwdgt_deinit), (20 bytes).
    Removing gd32e10x_wwdgt.o(i.wwdgt_enable), (20 bytes).
    Removing gd32e10x_wwdgt.o(i.wwdgt_flag_clear), (20 bytes).
    Removing gd32e10x_wwdgt.o(i.wwdgt_flag_get), (24 bytes).
    Removing gd32e10x_wwdgt.o(i.wwdgt_interrupt_enable), (20 bytes).
    Removing startup_gd32e10x.o(HEAP), (1024 bytes).
    Removing at_ip.o(i.ip_chk_frame), (212 bytes).
    Removing at_ip.o(i.ip_get_chksum), (10 bytes).
    Removing at_ip.o(i.ip_get_locadr), (184 bytes).
    Removing at_ip.o(i.ip_init), (12 bytes).
    Removing at_ip.o(i.ip_run_local), (92 bytes).
    Removing at_ip.o(i.ip_send_frame), (332 bytes).
    Removing at_ip.o(i.is_subnet_bcast), (32 bytes).
    Removing at_ip.o(.constdata), (8 bytes).
    Removing at_ip.o(.data), (12 bytes).
    Removing at_icmp.o(i.icmp_init), (16 bytes).
    Removing at_icmp.o(i.icmp_ping), (104 bytes).
    Removing at_icmp.o(i.icmp_process), (204 bytes).
    Removing at_icmp.o(i.icmp_run_engine), (72 bytes).
    Removing at_icmp.o(i.icmp_send_message), (112 bytes).
    Removing at_icmp.o(.bss), (16 bytes).
    Removing at_tcp.o(i.tcp_abort), (80 bytes).
    Removing at_tcp.o(i.tcp_check_send), (56 bytes).
    Removing at_tcp.o(i.tcp_close), (156 bytes).
    Removing at_tcp.o(i.tcp_connect), (180 bytes).
    Removing at_tcp.o(i.tcp_get_adr), (28 bytes).
    Removing at_tcp.o(i.tcp_get_buf), (32 bytes).
    Removing at_tcp.o(i.tcp_get_free_port), (68 bytes).
    Removing at_tcp.o(i.tcp_get_socket), (76 bytes).
    Removing at_tcp.o(i.tcp_get_state), (36 bytes).
    Removing at_tcp.o(i.tcp_init), (24 bytes).
    Removing at_tcp.o(i.tcp_ioctl_socket), (60 bytes).
    Removing at_tcp.o(i.tcp_listen), (108 bytes).
    Removing at_tcp.o(i.tcp_map_socket), (152 bytes).
    Removing at_tcp.o(i.tcp_max_dsize), (36 bytes).
    Removing at_tcp.o(i.tcp_no_ack), (12 bytes).
    Removing at_tcp.o(i.tcp_parse_opt), (94 bytes).
    Removing at_tcp.o(i.tcp_poll_sockets), (644 bytes).
    Removing at_tcp.o(i.tcp_proc_acknr), (196 bytes).
    Removing at_tcp.o(i.tcp_proc_dupack), (82 bytes).
    Removing at_tcp.o(i.tcp_process), (1220 bytes).
    Removing at_tcp.o(i.tcp_que_free), (26 bytes).
    Removing at_tcp.o(i.tcp_que_init), (26 bytes).
    Removing at_tcp.o(i.tcp_que_resend), (148 bytes).
    Removing at_tcp.o(i.tcp_release_socket), (56 bytes).
    Removing at_tcp.o(i.tcp_reset_tout), (44 bytes).
    Removing at_tcp.o(i.tcp_reset_window), (68 bytes).
    Removing at_tcp.o(i.tcp_send), (212 bytes).
    Removing at_tcp.o(i.tcp_send_ctrl), (102 bytes).
    Removing at_tcp.o(i.tcp_send_data), (78 bytes).
    Removing at_tcp.o(i.tcp_send_reset), (104 bytes).
    Removing at_tcp.o(i.tcp_set_cwnd), (38 bytes).
    Removing at_tcp.o(i.tcp_transit), (104 bytes).
    Removing at_tcp.o(i.tcp_write), (192 bytes).
    Removing at_tcp.o(.data), (4 bytes).
    Removing at_udp.o(i.udp_close), (44 bytes).
    Removing at_udp.o(i.udp_free_buf), (6 bytes).
    Removing at_udp.o(i.udp_get_buf), (32 bytes).
    Removing at_udp.o(i.udp_get_socket), (68 bytes).
    Removing at_udp.o(i.udp_init), (24 bytes).
    Removing at_udp.o(i.udp_keep_buf), (60 bytes).
    Removing at_udp.o(i.udp_mcast_ttl), (44 bytes).
    Removing at_udp.o(i.udp_open), (104 bytes).
    Removing at_udp.o(i.udp_port_in_use), (44 bytes).
    Removing at_udp.o(i.udp_process), (184 bytes).
    Removing at_udp.o(i.udp_release_socket), (48 bytes).
    Removing at_udp.o(i.udp_send), (284 bytes).
    Removing at_udp.o(.data), (2 bytes).
    Removing at_dns.o(i.dns_init), (68 bytes).
    Removing at_dns.o(i.dns_listener), (444 bytes).
    Removing at_dns.o(i.dns_run_client), (168 bytes).
    Removing at_dns.o(i.dns_send_message), (112 bytes).
    Removing at_dns.o(i.dns_stop), (48 bytes).
    Removing at_dns.o(i.get_dns_ip), (64 bytes).
    Removing at_dns.o(i.get_host_by_name), (376 bytes).
    Removing at_dns.o(i.get_locm), (60 bytes).
    Removing at_dns.o(i.is_str_ip), (124 bytes).
    Removing at_dns.o(.bss), (32 bytes).
    Removing at_ppp.o(i.ppp_chk_frame), (106 bytes).
    Removing at_ppp.o(i.ppp_close), (24 bytes).
    Removing at_ppp.o(i.ppp_connect), (36 bytes).
    Removing at_ppp.o(i.ppp_cp_code_reject), (72 bytes).
    Removing at_ppp.o(i.ppp_get_fcs), (40 bytes).
    Removing at_ppp.o(i.ppp_init_link), (48 bytes).
    Removing at_ppp.o(i.ppp_is_up), (20 bytes).
    Removing at_ppp.o(i.ppp_listen), (36 bytes).
    Removing at_ppp.o(i.ppp_receive), (232 bytes).
    Removing at_ppp.o(i.ppp_run_link), (348 bytes).
    Removing at_ppp.o(i.ppp_send_frame), (196 bytes).
    Removing at_ppp.o(i.ppp_shutdown), (36 bytes).
    Removing at_ppp.o(i.ppp_transmit), (196 bytes).
    Removing at_ppp.o(.bss), (28 bytes).
    Removing at_ppp.o(.constdata), (512 bytes).
    Removing at_lib.o(i.asc_to_b64), (64 bytes).
    Removing at_lib.o(i.b64_to_asc), (122 bytes).
    Removing at_lib.o(i.bin_to_b64), (66 bytes).
    Removing at_lib.o(i.calc_chksum16be), (18 bytes).
    Removing at_lib.o(i.chksum16_buf), (40 bytes).
    Removing at_lib.o(i.chksum16_val), (10 bytes).
    Removing at_lib.o(i.encode_b64), (76 bytes).
    Removing at_lib.o(i.get_crc32), (36 bytes).
    Removing at_lib.o(i.is_subnet), (20 bytes).
    Removing at_lib.o(i.mem_comp), (24 bytes).
    Removing at_lib.o(i.mem_copy), (22 bytes).
    Removing at_lib.o(i.mem_crc32), (32 bytes).
    Removing at_lib.o(i.mem_rcopy), (32 bytes).
    Removing at_lib.o(i.mem_set), (10 bytes).
    Removing at_lib.o(i.mem_test), (20 bytes).
    Removing at_lib.o(i.nrd_u16be), (10 bytes).
    Removing at_lib.o(i.nrd_u32be), (22 bytes).
    Removing at_lib.o(i.nwr_u16be), (8 bytes).
    Removing at_lib.o(i.nwr_u32be), (16 bytes).
    Removing at_lib.o(i.str_copy), (18 bytes).
    Removing at_lib.o(i.str_crc32), (26 bytes).
    Removing at_lib.o(i.str_pos), (22 bytes).
    Removing at_lib.o(i.str_scomp), (26 bytes).
    Removing at_lib.o(i.str_ucomp), (46 bytes).
    Removing at_lib.o(i.str_up_case), (26 bytes).
    Removing at_ppp_lcp.o(i.lcp_conf_rq), (308 bytes).
    Removing at_ppp_lcp.o(i.lcp_configure), (116 bytes).
    Removing at_ppp_lcp.o(i.lcp_echo), (52 bytes).
    Removing at_ppp_lcp.o(i.lcp_echo_rq), (60 bytes).
    Removing at_ppp_lcp.o(i.lcp_init), (52 bytes).
    Removing at_ppp_lcp.o(i.lcp_process), (1238 bytes).
    Removing at_ppp_lcp.o(i.lcp_run), (96 bytes).
    Removing at_ppp_lcp.o(i.lcp_send), (22 bytes).
    Removing at_ppp_lcp.o(i.lcp_term_rq), (48 bytes).
    Removing at_ppp_lcp.o(i.lcp_terminate), (48 bytes).
    Removing at_ppp_lcp.o(.bss), (20 bytes).
    Removing at_ppp_pap.o(i.pap_auth_rq), (128 bytes).
    Removing at_ppp_pap.o(i.pap_init), (12 bytes).
    Removing at_ppp_pap.o(i.pap_process), (168 bytes).
    Removing at_ppp_pap.o(i.pap_run), (88 bytes).
    Removing at_ppp_pap.o(i.pap_send), (22 bytes).
    Removing at_ppp_pap.o(i.str_compare), (34 bytes).
    Removing at_ppp_pap.o(.data), (4 bytes).
    Removing at_ppp_chap.o(i.chap_auth_rq), (160 bytes).
    Removing at_ppp_chap.o(i.chap_init), (12 bytes).
    Removing at_ppp_chap.o(i.chap_process), (396 bytes).
    Removing at_ppp_chap.o(i.chap_run), (88 bytes).
    Removing at_ppp_chap.o(i.chap_send), (22 bytes).
    Removing at_ppp_chap.o(.bss), (20 bytes).
    Removing at_ppp_ipcp.o(i.ipcp_conf_rq), (148 bytes).
    Removing at_ppp_ipcp.o(i.ipcp_configure), (48 bytes).
    Removing at_ppp_ipcp.o(i.ipcp_init), (68 bytes).
    Removing at_ppp_ipcp.o(i.ipcp_process), (660 bytes).
    Removing at_ppp_ipcp.o(i.ipcp_run), (112 bytes).
    Removing at_ppp_ipcp.o(i.ipcp_send), (22 bytes).
    Removing at_ppp_ipcp.o(i.ipcp_set_rem_ip), (60 bytes).
    Removing at_ppp_ipcp.o(.bss), (22 bytes).
    Removing at_mem.o(i.alloc_mem), (184 bytes).
    Removing at_mem.o(i.avail_mem), (28 bytes).
    Removing at_mem.o(i.free_mem), (132 bytes).
    Removing at_mem.o(i.ifree_mem), (56 bytes).
    Removing at_mem.o(i.init_mem), (96 bytes).
    Removing at_mem.o(i.resize_mem), (72 bytes).
    Removing at_mem.o(.bss), (16 bytes).
    Removing at_system.o(.emb_text), (0 bytes).
    Removing at_system.o(i.get_rnd32), (28 bytes).
    Removing at_system.o(i.init_TcpNet), (48 bytes).
    Removing at_system.o(i.main_TcpNet), (100 bytes).
    Removing at_system.o(i.timer_tick), (20 bytes).
    Removing at_system.o(.bss), (76 bytes).
    Removing at_md5.o(i.md5_final), (94 bytes).
    Removing at_md5.o(i.md5_init), (36 bytes).
    Removing at_md5.o(i.md5_transform), (368 bytes).
    Removing at_md5.o(i.md5_update), (104 bytes).
    Removing at_md5.o(.constdata), (272 bytes).
    Removing at_lib_def.o(i.int_disable_eth), (2 bytes).
    Removing at_lib_def.o(i.int_enable_eth), (2 bytes).
    Removing dadd.o(.text), (334 bytes).
    Removing dmul.o(.text), (228 bytes).
    Removing ddiv.o(.text), (222 bytes).
    Removing dfixul.o(.text), (48 bytes).
    Removing cdrcmple.o(.text), (48 bytes).
    Removing depilogue.o(.text), (186 bytes).
    Removing at_lib_def.o(.ARM.RL_ARM1), (82 bytes).
    Removing at_lib_def.o(.ARM.RL_ARM2), (76 bytes).
    Removing at_lib_def.o(.ARM.RL_ARM3), (45 bytes).
    Removing at_lib_def.o(.ARM.RL_ARM4), (65 bytes).
    Removing at_lib_def.o(.ARM.RL_ARM5), (82 bytes).
    Removing at_lib_def.o(.ARM.RL_ARM6), (77 bytes).

1111 unused section(s) (total 84804 bytes) removed from the image.

==============================================================================

Image Symbol Table

    Local Symbols

    Symbol Name                              Value     Ov Type        Size  Object(Section)

    ../clib/microlib/ctype/ctype.c           0x00000000   Number         0  isblank_o.o ABSOLUTE
    ../clib/microlib/ctype/ctype.c           0x00000000   Number         0  ctype_o.o ABSOLUTE
    ../clib/microlib/ctype/ctype.c           0x00000000   Number         0  isalpha_o.o ABSOLUTE
    ../clib/microlib/ctype/ctype.c           0x00000000   Number         0  isxdigit_o.o ABSOLUTE
    ../clib/microlib/ctype/ctype.c           0x00000000   Number         0  isalnum_o.o ABSOLUTE
    ../clib/microlib/ctype/ctype.c           0x00000000   Number         0  iscntrl_o.o ABSOLUTE
    ../clib/microlib/ctype/ctype.c           0x00000000   Number         0  isupper_o.o ABSOLUTE
    ../clib/microlib/ctype/ctype.c           0x00000000   Number         0  isspace_o.o ABSOLUTE
    ../clib/microlib/ctype/ctype.c           0x00000000   Number         0  ispunct_o.o ABSOLUTE
    ../clib/microlib/ctype/ctype.c           0x00000000   Number         0  isprint_o.o ABSOLUTE
    ../clib/microlib/ctype/ctype.c           0x00000000   Number         0  islower_o.o ABSOLUTE
    ../clib/microlib/ctype/ctype.c           0x00000000   Number         0  isgraph_o.o ABSOLUTE
    ../clib/microlib/ctype/ctype.c           0x00000000   Number         0  isdigit_o.o ABSOLUTE
    ../clib/microlib/division.c              0x00000000   Number         0  uidiv.o ABSOLUTE
    ../clib/microlib/division.c              0x00000000   Number         0  uldiv.o ABSOLUTE
    ../clib/microlib/errno.c                 0x00000000   Number         0  errno.o ABSOLUTE
    ../clib/microlib/init/entry.s            0x00000000   Number         0  entry10b.o ABSOLUTE
    ../clib/microlib/init/entry.s            0x00000000   Number         0  entry11a.o ABSOLUTE
    ../clib/microlib/init/entry.s            0x00000000   Number         0  entry5.o ABSOLUTE
    ../clib/microlib/init/entry.s            0x00000000   Number         0  entry2.o ABSOLUTE
    ../clib/microlib/init/entry.s            0x00000000   Number         0  entry11b.o ABSOLUTE
    ../clib/microlib/init/entry.s            0x00000000   Number         0  entry7a.o ABSOLUTE
    ../clib/microlib/init/entry.s            0x00000000   Number         0  entry10a.o ABSOLUTE
    ../clib/microlib/init/entry.s            0x00000000   Number         0  entry.o ABSOLUTE
    ../clib/microlib/init/entry.s            0x00000000   Number         0  entry9b.o ABSOLUTE
    ../clib/microlib/init/entry.s            0x00000000   Number         0  entry9a.o ABSOLUTE
    ../clib/microlib/init/entry.s            0x00000000   Number         0  entry8b.o ABSOLUTE
    ../clib/microlib/init/entry.s            0x00000000   Number         0  entry8a.o ABSOLUTE
    ../clib/microlib/init/entry.s            0x00000000   Number         0  entry7b.o ABSOLUTE
    ../clib/microlib/longlong.c              0x00000000   Number         0  llushr.o ABSOLUTE
    ../clib/microlib/longlong.c              0x00000000   Number         0  llsshr.o ABSOLUTE
    ../clib/microlib/longlong.c              0x00000000   Number         0  llshl.o ABSOLUTE
    ../clib/microlib/printf/printf.c         0x00000000   Number         0  printf5.o ABSOLUTE
    ../clib/microlib/printf/printf.c         0x00000000   Number         0  printf3.o ABSOLUTE
    ../clib/microlib/printf/printf.c         0x00000000   Number         0  printf2.o ABSOLUTE
    ../clib/microlib/printf/printf.c         0x00000000   Number         0  printf1.o ABSOLUTE
    ../clib/microlib/printf/printf.c         0x00000000   Number         0  printf0.o ABSOLUTE
    ../clib/microlib/printf/printf.c         0x00000000   Number         0  printfb.o ABSOLUTE
    ../clib/microlib/printf/printf.c         0x00000000   Number         0  printf4.o ABSOLUTE
    ../clib/microlib/printf/printf.c         0x00000000   Number         0  printfa.o ABSOLUTE
    ../clib/microlib/printf/printf.c         0x00000000   Number         0  printf8.o ABSOLUTE
    ../clib/microlib/printf/printf.c         0x00000000   Number         0  printf7.o ABSOLUTE
    ../clib/microlib/printf/printf.c         0x00000000   Number         0  printf6.o ABSOLUTE
    ../clib/microlib/printf/stubs.s          0x00000000   Number         0  stubs.o ABSOLUTE
    ../clib/microlib/stdio/fclose.c          0x00000000   Number         0  fclose.o ABSOLUTE
    ../clib/microlib/stdio/fgetc.c           0x00000000   Number         0  fgetc.o ABSOLUTE
    ../clib/microlib/stdio/fgetc.c           0x00000000   Number         0  fgetc_ub.o ABSOLUTE
    ../clib/microlib/stdio/fgetc.c           0x00000000   Number         0  fgetc_u.o ABSOLUTE
    ../clib/microlib/stdio/fgetc.c           0x00000000   Number         0  fgetc_b.o ABSOLUTE
    ../clib/microlib/stdio/fopen.c           0x00000000   Number         0  fopen.o ABSOLUTE
    ../clib/microlib/stdio/fputc.c           0x00000000   Number         0  fputc.o ABSOLUTE
    ../clib/microlib/stdio/semi.s            0x00000000   Number         0  semi.o ABSOLUTE
    ../clib/microlib/stdio/streams.c         0x00000000   Number         0  stdout.o ABSOLUTE
    ../clib/microlib/string/memcmp.c         0x00000000   Number         0  memcmp.o ABSOLUTE
    ../clib/microlib/string/memcpy.c         0x00000000   Number         0  memcpyb.o ABSOLUTE
    ../clib/microlib/string/memcpy.c         0x00000000   Number         0  memcpya.o ABSOLUTE
    ../clib/microlib/string/memset.c         0x00000000   Number         0  memseta.o ABSOLUTE
    ../clib/microlib/string/strcpy.c         0x00000000   Number         0  strcpy.o ABSOLUTE
    ../clib/microlib/string/strlen.c         0x00000000   Number         0  strlen.o ABSOLUTE
    ../clib/microlib/string/strncmp.c        0x00000000   Number         0  strncmp.o ABSOLUTE
    ../clib/microlib/string/strstr.c         0x00000000   Number         0  strstr.o ABSOLUTE
    ../clib/microlib/stubs.s                 0x00000000   Number         0  iusesemip.o ABSOLUTE
    ../clib/microlib/stubs.s                 0x00000000   Number         0  iusesemig.o ABSOLUTE
    ../clib/microlib/stubs.s                 0x00000000   Number         0  iusefp.o ABSOLUTE
    ../clib/scanf.c                          0x00000000   Number         0  strtol.o ABSOLUTE
    ../clib/scanf.c                          0x00000000   Number         0  _strtoul.o ABSOLUTE
    ../clib/scanf.c                          0x00000000   Number         0  _chval.o ABSOLUTE
    ../clib/scanf.c                          0x00000000   Number         0  atoi.o ABSOLUTE
    ../fplib/microlib/fpadd.c                0x00000000   Number         0  dadd.o ABSOLUTE
    ../fplib/microlib/fpdiv.c                0x00000000   Number         0  ddiv.o ABSOLUTE
    ../fplib/microlib/fpepilogue.c           0x00000000   Number         0  depilogue.o ABSOLUTE
    ../fplib/microlib/fpfix.c                0x00000000   Number         0  dfixul.o ABSOLUTE
    ../fplib/microlib/fpmul.c                0x00000000   Number         0  dmul.o ABSOLUTE
    ..\..\Library\CMSIS\GD\GD32E10x\Source\ARM\startup_gd32e10x.s 0x00000000   Number         0  startup_gd32e10x.o ABSOLUTE
    ..\..\Library\CMSIS\GD\GD32E10x\Source\system_gd32e10x.c 0x00000000   Number         0  system_gd32e10x.o ABSOLUTE
    ..\..\Library\GD32E10x_standard_peripheral\Source\gd32e10x_adc.c 0x00000000   Number         0  gd32e10x_adc.o ABSOLUTE
    ..\..\Library\GD32E10x_standard_peripheral\Source\gd32e10x_bkp.c 0x00000000   Number         0  gd32e10x_bkp.o ABSOLUTE
    ..\..\Library\GD32E10x_standard_peripheral\Source\gd32e10x_can.c 0x00000000   Number         0  gd32e10x_can.o ABSOLUTE
    ..\..\Library\GD32E10x_standard_peripheral\Source\gd32e10x_crc.c 0x00000000   Number         0  gd32e10x_crc.o ABSOLUTE
    ..\..\Library\GD32E10x_standard_peripheral\Source\gd32e10x_ctc.c 0x00000000   Number         0  gd32e10x_ctc.o ABSOLUTE
    ..\..\Library\GD32E10x_standard_peripheral\Source\gd32e10x_dac.c 0x00000000   Number         0  gd32e10x_dac.o ABSOLUTE
    ..\..\Library\GD32E10x_standard_peripheral\Source\gd32e10x_dbg.c 0x00000000   Number         0  gd32e10x_dbg.o ABSOLUTE
    ..\..\Library\GD32E10x_standard_peripheral\Source\gd32e10x_dma.c 0x00000000   Number         0  gd32e10x_dma.o ABSOLUTE
    ..\..\Library\GD32E10x_standard_peripheral\Source\gd32e10x_exmc.c 0x00000000   Number         0  gd32e10x_exmc.o ABSOLUTE
    ..\..\Library\GD32E10x_standard_peripheral\Source\gd32e10x_exti.c 0x00000000   Number         0  gd32e10x_exti.o ABSOLUTE
    ..\..\Library\GD32E10x_standard_peripheral\Source\gd32e10x_fmc.c 0x00000000   Number         0  gd32e10x_fmc.o ABSOLUTE
    ..\..\Library\GD32E10x_standard_peripheral\Source\gd32e10x_fwdgt.c 0x00000000   Number         0  gd32e10x_fwdgt.o ABSOLUTE
    ..\..\Library\GD32E10x_standard_peripheral\Source\gd32e10x_gpio.c 0x00000000   Number         0  gd32e10x_gpio.o ABSOLUTE
    ..\..\Library\GD32E10x_standard_peripheral\Source\gd32e10x_i2c.c 0x00000000   Number         0  gd32e10x_i2c.o ABSOLUTE
    ..\..\Library\GD32E10x_standard_peripheral\Source\gd32e10x_misc.c 0x00000000   Number         0  gd32e10x_misc.o ABSOLUTE
    ..\..\Library\GD32E10x_standard_peripheral\Source\gd32e10x_pmu.c 0x00000000   Number         0  gd32e10x_pmu.o ABSOLUTE
    ..\..\Library\GD32E10x_standard_peripheral\Source\gd32e10x_rcu.c 0x00000000   Number         0  gd32e10x_rcu.o ABSOLUTE
    ..\..\Library\GD32E10x_standard_peripheral\Source\gd32e10x_rtc.c 0x00000000   Number         0  gd32e10x_rtc.o ABSOLUTE
    ..\..\Library\GD32E10x_standard_peripheral\Source\gd32e10x_spi.c 0x00000000   Number         0  gd32e10x_spi.o ABSOLUTE
    ..\..\Library\GD32E10x_standard_peripheral\Source\gd32e10x_timer.c 0x00000000   Number         0  gd32e10x_timer.o ABSOLUTE
    ..\..\Library\GD32E10x_standard_peripheral\Source\gd32e10x_usart.c 0x00000000   Number         0  gd32e10x_usart.o ABSOLUTE
    ..\..\Library\GD32E10x_standard_peripheral\Source\gd32e10x_wwdgt.c 0x00000000   Number         0  gd32e10x_wwdgt.o ABSOLUTE
    ..\..\Library\RL\TCPNet\Config\Net_Config.c 0x00000000   Number         0  net_config.o ABSOLUTE
    ..\\..\\Library\\CMSIS\\GD\\GD32E10x\\Source\\system_gd32e10x.c 0x00000000   Number         0  system_gd32e10x.o ABSOLUTE
    ..\\..\\Library\\GD32E10x_standard_peripheral\\Source\\gd32e10x_adc.c 0x00000000   Number         0  gd32e10x_adc.o ABSOLUTE
    ..\\..\\Library\\GD32E10x_standard_peripheral\\Source\\gd32e10x_bkp.c 0x00000000   Number         0  gd32e10x_bkp.o ABSOLUTE
    ..\\..\\Library\\GD32E10x_standard_peripheral\\Source\\gd32e10x_can.c 0x00000000   Number         0  gd32e10x_can.o ABSOLUTE
    ..\\..\\Library\\GD32E10x_standard_peripheral\\Source\\gd32e10x_crc.c 0x00000000   Number         0  gd32e10x_crc.o ABSOLUTE
    ..\\..\\Library\\GD32E10x_standard_peripheral\\Source\\gd32e10x_ctc.c 0x00000000   Number         0  gd32e10x_ctc.o ABSOLUTE
    ..\\..\\Library\\GD32E10x_standard_peripheral\\Source\\gd32e10x_dac.c 0x00000000   Number         0  gd32e10x_dac.o ABSOLUTE
    ..\\..\\Library\\GD32E10x_standard_peripheral\\Source\\gd32e10x_dbg.c 0x00000000   Number         0  gd32e10x_dbg.o ABSOLUTE
    ..\\..\\Library\\GD32E10x_standard_peripheral\\Source\\gd32e10x_dma.c 0x00000000   Number         0  gd32e10x_dma.o ABSOLUTE
    ..\\..\\Library\\GD32E10x_standard_peripheral\\Source\\gd32e10x_exmc.c 0x00000000   Number         0  gd32e10x_exmc.o ABSOLUTE
    ..\\..\\Library\\GD32E10x_standard_peripheral\\Source\\gd32e10x_exti.c 0x00000000   Number         0  gd32e10x_exti.o ABSOLUTE
    ..\\..\\Library\\GD32E10x_standard_peripheral\\Source\\gd32e10x_fmc.c 0x00000000   Number         0  gd32e10x_fmc.o ABSOLUTE
    ..\\..\\Library\\GD32E10x_standard_peripheral\\Source\\gd32e10x_fwdgt.c 0x00000000   Number         0  gd32e10x_fwdgt.o ABSOLUTE
    ..\\..\\Library\\GD32E10x_standard_peripheral\\Source\\gd32e10x_gpio.c 0x00000000   Number         0  gd32e10x_gpio.o ABSOLUTE
    ..\\..\\Library\\GD32E10x_standard_peripheral\\Source\\gd32e10x_i2c.c 0x00000000   Number         0  gd32e10x_i2c.o ABSOLUTE
    ..\\..\\Library\\GD32E10x_standard_peripheral\\Source\\gd32e10x_misc.c 0x00000000   Number         0  gd32e10x_misc.o ABSOLUTE
    ..\\..\\Library\\GD32E10x_standard_peripheral\\Source\\gd32e10x_pmu.c 0x00000000   Number         0  gd32e10x_pmu.o ABSOLUTE
    ..\\..\\Library\\GD32E10x_standard_peripheral\\Source\\gd32e10x_rcu.c 0x00000000   Number         0  gd32e10x_rcu.o ABSOLUTE
    ..\\..\\Library\\GD32E10x_standard_peripheral\\Source\\gd32e10x_rtc.c 0x00000000   Number         0  gd32e10x_rtc.o ABSOLUTE
    ..\\..\\Library\\GD32E10x_standard_peripheral\\Source\\gd32e10x_spi.c 0x00000000   Number         0  gd32e10x_spi.o ABSOLUTE
    ..\\..\\Library\\GD32E10x_standard_peripheral\\Source\\gd32e10x_timer.c 0x00000000   Number         0  gd32e10x_timer.o ABSOLUTE
    ..\\..\\Library\\GD32E10x_standard_peripheral\\Source\\gd32e10x_usart.c 0x00000000   Number         0  gd32e10x_usart.o ABSOLUTE
    ..\\..\\Library\\GD32E10x_standard_peripheral\\Source\\gd32e10x_wwdgt.c 0x00000000   Number         0  gd32e10x_wwdgt.o ABSOLUTE
    ..\\gd32e10x_it.c                        0x00000000   Number         0  gd32e10x_it.o ABSOLUTE
    ..\\main.c                               0x00000000   Number         0  main.o ABSOLUTE
    ..\\src\\Debug.c                         0x00000000   Number         0  debug.o ABSOLUTE
    ..\\src\\DriverUART.c                    0x00000000   Number         0  driveruart.o ABSOLUTE
    ..\\src\\ESP32DataLayer.c                0x00000000   Number         0  esp32datalayer.o ABSOLUTE
    ..\\src\\GSM\\GSM_DataLayer.c            0x00000000   Number         0  gsm_datalayer.o ABSOLUTE
    ..\\src\\GSM\\GSM_HardwareLayer.c        0x00000000   Number         0  gsm_hardwarelayer.o ABSOLUTE
    ..\\src\\GSM\\GSM_Utilities.c            0x00000000   Number         0  gsm_utilities.o ABSOLUTE
    ..\\src\\HardwareManager.c               0x00000000   Number         0  hardwaremanager.o ABSOLUTE
    ..\\src\\InitSystem.c                    0x00000000   Number         0  initsystem.o ABSOLUTE
    ..\\src\\MQTTPaho\\MQTTConnectClient.c   0x00000000   Number         0  mqttconnectclient.o ABSOLUTE
    ..\\src\\MQTTPaho\\MQTTDeserializePublish.c 0x00000000   Number         0  mqttdeserializepublish.o ABSOLUTE
    ..\\src\\MQTTPaho\\MQTTPacket.c          0x00000000   Number         0  mqttpacket.o ABSOLUTE
    ..\\src\\MQTTPaho\\MQTTSubscribeServer.c 0x00000000   Number         0  mqttsubscribeserver.o ABSOLUTE
    ..\\src\\MQTTUser\\MQTT_ClientMessage.c  0x00000000   Number         0  mqtt_clientmessage.o ABSOLUTE
    ..\\src\\MQTTUser\\MQTT_HardwareLayer.c  0x00000000   Number         0  mqtt_hardwarelayer.o ABSOLUTE
    ..\\src\\Utilities.c                     0x00000000   Number         0  utilities.o ABSOLUTE
    ..\\src\\app_wdt.c                       0x00000000   Number         0  app_wdt.o ABSOLUTE
    ..\\src\\base64.c                        0x00000000   Number         0  base64.o ABSOLUTE
    ..\\src\\board_hw.c                      0x00000000   Number         0  board_hw.o ABSOLUTE
    ..\\systick.c                            0x00000000   Number         0  systick.o ABSOLUTE
    ..\gd32e10x_it.c                         0x00000000   Number         0  gd32e10x_it.o ABSOLUTE
    ..\lwrb\lwrb\src\lwrb\lwrb.c             0x00000000   Number         0  lwrb.o ABSOLUTE
    ..\main.c                                0x00000000   Number         0  main.o ABSOLUTE
    ..\src\Debug.c                           0x00000000   Number         0  debug.o ABSOLUTE
    ..\src\DriverUART.c                      0x00000000   Number         0  driveruart.o ABSOLUTE
    ..\src\ESP32DataLayer.c                  0x00000000   Number         0  esp32datalayer.o ABSOLUTE
    ..\src\GSM\GSM_DataLayer.c               0x00000000   Number         0  gsm_datalayer.o ABSOLUTE
    ..\src\GSM\GSM_HardwareLayer.c           0x00000000   Number         0  gsm_hardwarelayer.o ABSOLUTE
    ..\src\GSM\GSM_Utilities.c               0x00000000   Number         0  gsm_utilities.o ABSOLUTE
    ..\src\HardwareManager.c                 0x00000000   Number         0  hardwaremanager.o ABSOLUTE
    ..\src\InitSystem.c                      0x00000000   Number         0  initsystem.o ABSOLUTE
    ..\src\MQTTPaho\MQTTConnectClient.c      0x00000000   Number         0  mqttconnectclient.o ABSOLUTE
    ..\src\MQTTPaho\MQTTConnectServer.c      0x00000000   Number         0  mqttconnectserver.o ABSOLUTE
    ..\src\MQTTPaho\MQTTDeserializePublish.c 0x00000000   Number         0  mqttdeserializepublish.o ABSOLUTE
    ..\src\MQTTPaho\MQTTFormat.c             0x00000000   Number         0  mqttformat.o ABSOLUTE
    ..\src\MQTTPaho\MQTTPacket.c             0x00000000   Number         0  mqttpacket.o ABSOLUTE
    ..\src\MQTTPaho\MQTTSerializePublish.c   0x00000000   Number         0  mqttserializepublish.o ABSOLUTE
    ..\src\MQTTPaho\MQTTSubscribeClient.c    0x00000000   Number         0  mqttsubscribeclient.o ABSOLUTE
    ..\src\MQTTPaho\MQTTSubscribeServer.c    0x00000000   Number         0  mqttsubscribeserver.o ABSOLUTE
    ..\src\MQTTPaho\MQTTUnsubscribeClient.c  0x00000000   Number         0  mqttunsubscribeclient.o ABSOLUTE
    ..\src\MQTTPaho\MQTTUnsubscribeServer.c  0x00000000   Number         0  mqttunsubscribeserver.o ABSOLUTE
    ..\src\MQTTUser\MQTT_ClientMessage.c     0x00000000   Number         0  mqtt_clientmessage.o ABSOLUTE
    ..\src\MQTTUser\MQTT_HardwareLayer.c     0x00000000   Number         0  mqtt_hardwarelayer.o ABSOLUTE
    ..\src\SEGGER_RTT_V698b\RTT\SEGGER_RTT.c 0x00000000   Number         0  segger_rtt.o ABSOLUTE
    ..\src\SEGGER_RTT_V698b\RTT\SEGGER_RTT_printf.c 0x00000000   Number         0  segger_rtt_printf.o ABSOLUTE
    ..\src\Utilities.c                       0x00000000   Number         0  utilities.o ABSOLUTE
    ..\src\aes.c                             0x00000000   Number         0  aes.o ABSOLUTE
    ..\src\app_wdt.c                         0x00000000   Number         0  app_wdt.o ABSOLUTE
    ..\src\base64.c                          0x00000000   Number         0  base64.o ABSOLUTE
    ..\src\board_hw.c                        0x00000000   Number         0  board_hw.o ABSOLUTE
    ..\systick.c                             0x00000000   Number         0  systick.o ABSOLUTE
    RL_ARM.s                                 0x00000000   Number         0  at_ppp.o ABSOLUTE
    RL_ARM.s                                 0x00000000   Number         0  at_udp.o ABSOLUTE
    RL_ARM.s                                 0x00000000   Number         0  at_ppp_chap.o ABSOLUTE
    RL_ARM.s                                 0x00000000   Number         0  at_icmp.o ABSOLUTE
    RL_ARM.s                                 0x00000000   Number         0  at_ip.o ABSOLUTE
    RL_ARM.s                                 0x00000000   Number         0  at_ppp_ipcp.o ABSOLUTE
    RL_ARM.s                                 0x00000000   Number         0  at_system.o ABSOLUTE
    RL_ARM.s                                 0x00000000   Number         0  at_md5.o ABSOLUTE
    RL_ARM.s                                 0x00000000   Number         0  at_lib_def.o ABSOLUTE
    RL_ARM.s                                 0x00000000   Number         0  at_ppp_lcp.o ABSOLUTE
    RL_ARM.s                                 0x00000000   Number         0  at_dns.o ABSOLUTE
    RL_ARM.s                                 0x00000000   Number         0  at_mem.o ABSOLUTE
    RL_ARM.s                                 0x00000000   Number         0  at_lib.o ABSOLUTE
    RL_ARM.s                                 0x00000000   Number         0  at_tcp.o ABSOLUTE
    RL_ARM.s                                 0x00000000   Number         0  at_ppp_pap.o ABSOLUTE
    SRC\\at_System.c                         0x00000000   Number         0  at_system.o ABSOLUTE
    SRC\at_DNS.c                             0x00000000   Number         0  at_dns.o ABSOLUTE
    SRC\at_ICMP.c                            0x00000000   Number         0  at_icmp.o ABSOLUTE
    SRC\at_IP.c                              0x00000000   Number         0  at_ip.o ABSOLUTE
    SRC\at_Lib.c                             0x00000000   Number         0  at_lib.o ABSOLUTE
    SRC\at_Lib_def.c                         0x00000000   Number         0  at_lib_def.o ABSOLUTE
    SRC\at_MD5.c                             0x00000000   Number         0  at_md5.o ABSOLUTE
    SRC\at_Mem.c                             0x00000000   Number         0  at_mem.o ABSOLUTE
    SRC\at_PPP.c                             0x00000000   Number         0  at_ppp.o ABSOLUTE
    SRC\at_PPP_CHAP.c                        0x00000000   Number         0  at_ppp_chap.o ABSOLUTE
    SRC\at_PPP_IPCP.c                        0x00000000   Number         0  at_ppp_ipcp.o ABSOLUTE
    SRC\at_PPP_LCP.c                         0x00000000   Number         0  at_ppp_lcp.o ABSOLUTE
    SRC\at_PPP_PAP.c                         0x00000000   Number         0  at_ppp_pap.o ABSOLUTE
    SRC\at_System.c                          0x00000000   Number         0  at_system.o ABSOLUTE
    SRC\at_TCP.c                             0x00000000   Number         0  at_tcp.o ABSOLUTE
    SRC\at_UDP.c                             0x00000000   Number         0  at_udp.o ABSOLUTE
    cdrcmple.s                               0x00000000   Number         0  cdrcmple.o ABSOLUTE
    dc.s                                     0x00000000   Number         0  dc.o ABSOLUTE
    handlers.s                               0x00000000   Number         0  handlers.o ABSOLUTE
    init.s                                   0x00000000   Number         0  init.o ABSOLUTE
    RESET                                    0x08000000   Section      336  startup_gd32e10x.o(RESET)
    .ARM.Collect$$$$00000000                 0x08000150   Section        0  entry.o(.ARM.Collect$$$$00000000)
    .ARM.Collect$$$$00000001                 0x08000150   Section        4  entry2.o(.ARM.Collect$$$$00000001)
    .ARM.Collect$$$$00000004                 0x08000154   Section        4  entry5.o(.ARM.Collect$$$$00000004)
    .ARM.Collect$$$$00000008                 0x08000158   Section        0  entry7b.o(.ARM.Collect$$$$00000008)
    .ARM.Collect$$$$0000000A                 0x08000158   Section        0  entry8b.o(.ARM.Collect$$$$0000000A)
    .ARM.Collect$$$$0000000B                 0x08000158   Section        8  entry9a.o(.ARM.Collect$$$$0000000B)
    .ARM.Collect$$$$0000000D                 0x08000160   Section        0  entry10a.o(.ARM.Collect$$$$0000000D)
    .ARM.Collect$$$$0000000F                 0x08000160   Section        0  entry11a.o(.ARM.Collect$$$$0000000F)
    .ARM.Collect$$$$00002712                 0x08000160   Section        4  entry2.o(.ARM.Collect$$$$00002712)
    __lit__00000000                          0x08000160   Data           4  entry2.o(.ARM.Collect$$$$00002712)
    .text                                    0x08000164   Section       36  startup_gd32e10x.o(.text)
    $v0                                      0x08000164   Number         0  startup_gd32e10x.o(.text)
    .text                                    0x08000188   Section        0  memcpya.o(.text)
    .text                                    0x080001ac   Section        0  strcpy.o(.text)
    .text                                    0x080001c0   Section       36  init.o(.text)
    i.BusFault_Handler                       0x080001e4   Section        0  gd32e10x_it.o(i.BusFault_Handler)
    i.DebugMon_Handler                       0x080001e8   Section        0  gd32e10x_it.o(i.DebugMon_Handler)
    i.Delay_Decrement                        0x080001ec   Section        0  main.o(i.Delay_Decrement)
    i.ESPUARTAddData                         0x08000204   Section        0  esp32datalayer.o(i.ESPUARTAddData)
    ESPUARTAddData                           0x08000205   Thumb Code    42  esp32datalayer.o(i.ESPUARTAddData)
    i.EXTI0_IRQHandler                       0x08000234   Section        0  gd32e10x_it.o(i.EXTI0_IRQHandler)
    i.EXTI10_15_IRQHandler                   0x08000236   Section        0  gd32e10x_it.o(i.EXTI10_15_IRQHandler)
    i.FMUARTAddData                          0x0800024c   Section        0  esp32datalayer.o(i.FMUARTAddData)
    FMUARTAddData                            0x0800024d   Thumb Code    42  esp32datalayer.o(i.FMUARTAddData)
    i.HardFault_Handler                      0x0800027c   Section        0  gd32e10x_it.o(i.HardFault_Handler)
    i.InitIO                                 0x08000280   Section        0  initsystem.o(i.InitIO)
    InitIO                                   0x08000281   Thumb Code    72  initsystem.o(i.InitIO)
    i.InitSystem                             0x080002cc   Section        0  initsystem.o(i.InitSystem)
    i.InitVariable                           0x080002f0   Section        0  initsystem.o(i.InitVariable)
    InitVariable                             0x080002f1   Thumb Code     2  initsystem.o(i.InitVariable)
    i.MemManage_Handler                      0x080002f2   Section        0  gd32e10x_it.o(i.MemManage_Handler)
    i.NMI_Handler                            0x080002f6   Section        0  gd32e10x_it.o(i.NMI_Handler)
    i.PendSV_Handler                         0x080002f8   Section        0  gd32e10x_it.o(i.PendSV_Handler)
    i.ProcessTimeout100ms                    0x080002fa   Section        0  main.o(i.ProcessTimeout100ms)
    ProcessTimeout100ms                      0x080002fb   Thumb Code     8  main.o(i.ProcessTimeout100ms)
    i.ProcessTimeout10ms                     0x08000302   Section        0  main.o(i.ProcessTimeout10ms)
    ProcessTimeout10ms                       0x08000303   Thumb Code     2  main.o(i.ProcessTimeout10ms)
    i.RCC_Config                             0x08000304   Section        0  initsystem.o(i.RCC_Config)
    RCC_Config                               0x08000305   Thumb Code   106  initsystem.o(i.RCC_Config)
    i.SEGGER_RTT_Write                       0x0800037c   Section        0  segger_rtt.o(i.SEGGER_RTT_Write)
    i.SEGGER_RTT_WriteNoLock                 0x080003c4   Section        0  segger_rtt.o(i.SEGGER_RTT_WriteNoLock)
    i.SEGGER_RTT_printf                      0x08000448   Section        0  segger_rtt_printf.o(i.SEGGER_RTT_printf)
    i.SEGGER_RTT_vprintf                     0x0800046a   Section        0  segger_rtt_printf.o(i.SEGGER_RTT_vprintf)
    i.SVC_Handler                            0x08000674   Section        0  gd32e10x_it.o(i.SVC_Handler)
    i.SysTick_Handler                        0x08000676   Section        0  gd32e10x_it.o(i.SysTick_Handler)
    i.SystemInit                             0x08000684   Section        0  system_gd32e10x.o(i.SystemInit)
    i.SystemManagementTask                   0x080006dc   Section        0  main.o(i.SystemManagementTask)
    i.USART0_IRQHandler                      0x08000718   Section        0  esp32datalayer.o(i.USART0_IRQHandler)
    i.USART1_IRQHandler                      0x08000778   Section        0  esp32datalayer.o(i.USART1_IRQHandler)
    i.UsageFault_Handler                     0x080007d8   Section        0  gd32e10x_it.o(i.UsageFault_Handler)
    i.WatchDogInit                           0x080007dc   Section        0  hardwaremanager.o(i.WatchDogInit)
    i._DoInit                                0x080007e0   Section        0  segger_rtt.o(i._DoInit)
    _DoInit                                  0x080007e1   Thumb Code    74  segger_rtt.o(i._DoInit)
    i._GetAvailWriteSpace                    0x08000850   Section        0  segger_rtt.o(i._GetAvailWriteSpace)
    _GetAvailWriteSpace                      0x08000851   Thumb Code    28  segger_rtt.o(i._GetAvailWriteSpace)
    i._PrintInt                              0x0800086c   Section        0  segger_rtt_printf.o(i._PrintInt)
    _PrintInt                                0x0800086d   Thumb Code   236  segger_rtt_printf.o(i._PrintInt)
    i._PrintUnsigned                         0x08000958   Section        0  segger_rtt_printf.o(i._PrintUnsigned)
    _PrintUnsigned                           0x08000959   Thumb Code   230  segger_rtt_printf.o(i._PrintUnsigned)
    i._StoreChar                             0x08000a44   Section        0  segger_rtt_printf.o(i._StoreChar)
    _StoreChar                               0x08000a45   Thumb Code    68  segger_rtt_printf.o(i._StoreChar)
    i._WriteBlocking                         0x08000a88   Section        0  segger_rtt.o(i._WriteBlocking)
    _WriteBlocking                           0x08000a89   Thumb Code   118  segger_rtt.o(i._WriteBlocking)
    i._WriteNoCheck                          0x08000afe   Section        0  segger_rtt.o(i._WriteNoCheck)
    _WriteNoCheck                            0x08000aff   Thumb Code    88  segger_rtt.o(i._WriteNoCheck)
    i.__NVIC_SetPriority                     0x08000b58   Section        0  initsystem.o(i.__NVIC_SetPriority)
    __NVIC_SetPriority                       0x08000b59   Thumb Code    32  initsystem.o(i.__NVIC_SetPriority)
    i.__scatterload_copy                     0x08000b80   Section       14  handlers.o(i.__scatterload_copy)
    i.__scatterload_null                     0x08000b8e   Section        2  handlers.o(i.__scatterload_null)
    i.__scatterload_zeroinit                 0x08000b90   Section       14  handlers.o(i.__scatterload_zeroinit)
    i.app_wdt_feed                           0x08000b9e   Section        0  app_wdt.o(i.app_wdt_feed)
    i.driver_uart0_get_new_data_to_send      0x08000ba8   Section        0  driveruart.o(i.driver_uart0_get_new_data_to_send)
    i.driver_uart1_get_new_data_to_send      0x08000bbc   Section        0  driveruart.o(i.driver_uart1_get_new_data_to_send)
    i.exti_interrupt_flag_clear              0x08000bd0   Section        0  gd32e10x_exti.o(i.exti_interrupt_flag_clear)
    i.exti_interrupt_flag_get                0x08000bdc   Section        0  gd32e10x_exti.o(i.exti_interrupt_flag_get)
    i.fwdgt_counter_reload                   0x08000c00   Section        0  gd32e10x_fwdgt.o(i.fwdgt_counter_reload)
    i.gpio_bit_write                         0x08000c10   Section        0  gd32e10x_gpio.o(i.gpio_bit_write)
    i.gpio_init                              0x08000c1a   Section        0  gd32e10x_gpio.o(i.gpio_init)
    i.lwrb_get_full                          0x08000cd8   Section        0  lwrb.o(i.lwrb_get_full)
    i.lwrb_read                              0x08000d1c   Section        0  lwrb.o(i.lwrb_read)
    i.main                                   0x08000dc8   Section        0  main.o(i.main)
    i.nvic_vector_table_set                  0x08000e48   Section        0  gd32e10x_misc.o(i.nvic_vector_table_set)
    i.rcu_periph_clock_enable                0x08000e5c   Section        0  gd32e10x_rcu.o(i.rcu_periph_clock_enable)
    i.system_clock_72m_irc8m                 0x08000e7c   Section        0  system_gd32e10x.o(i.system_clock_72m_irc8m)
    system_clock_72m_irc8m                   0x08000e7d   Thumb Code   174  system_gd32e10x.o(i.system_clock_72m_irc8m)
    i.system_clock_config                    0x08000f3c   Section        0  system_gd32e10x.o(i.system_clock_config)
    system_clock_config                      0x08000f3d   Thumb Code     8  system_gd32e10x.o(i.system_clock_config)
    i.usart_data_receive                     0x08000f44   Section        0  gd32e10x_usart.o(i.usart_data_receive)
    i.usart_data_transmit                    0x08000f4e   Section        0  gd32e10x_usart.o(i.usart_data_transmit)
    i.usart_interrupt_disable                0x08000f56   Section        0  gd32e10x_usart.o(i.usart_interrupt_disable)
    i.usart_interrupt_flag_get               0x08000f70   Section        0  gd32e10x_usart.o(i.usart_interrupt_flag_get)
    .constdata                               0x08000fa8   Section       16  segger_rtt_printf.o(.constdata)
    _aV2C                                    0x08000fa8   Data          16  segger_rtt_printf.o(.constdata)
    .data                                    0x20000000   Section       18  main.o(.data)
    m_net_info                               0x20000000   Data           4  main.o(.data)
    TimeOut10ms                              0x20000004   Data           1  main.o(.data)
    TimeOut100ms                             0x20000005   Data           1  main.o(.data)
    TimeOut500ms                             0x20000006   Data           2  main.o(.data)
    TimeOut1000ms                            0x20000008   Data           2  main.o(.data)
    .data                                    0x20000014   Section        4  system_gd32e10x.o(.data)
    .bss                                     0x20000018   Section      568  driveruart.o(.bss)
    m_ringbuff_tx_usart0                     0x20000018   Data          28  driveruart.o(.bss)
    m_tx_buffer_usart0                       0x20000034   Data         256  driveruart.o(.bss)
    m_ringbuff_tx_usart1                     0x20000134   Data          28  driveruart.o(.bss)
    m_tx_buffer_usart1                       0x20000150   Data         256  driveruart.o(.bss)
    .bss                                     0x20000250   Section      864  esp32datalayer.o(.bss)
    .bss                                     0x200005b0   Section     2904  initsystem.o(.bss)
    .bss                                     0x20001108   Section      696  segger_rtt.o(.bss)
    _acUpBuffer                              0x200011b0   Data         512  segger_rtt.o(.bss)
    _acDownBuffer                            0x200013b0   Data          16  segger_rtt.o(.bss)
    STACK                                    0x200013c0   Section     1024  startup_gd32e10x.o(STACK)

    Global Symbols

    Symbol Name                              Value     Ov Type        Size  Object(Section)

    BuildAttributes$$THM_ISAv4$E$P$D$K$B$S$7EM$VFPi3$EXTD16$VFPS$VFMA$PE$A:L22UL41UL21$X:L11$S22US41US21$IEEE1$IW$~IW$USESV6$~STKCKD$USESV7$~SHL$OSPACE$ROPI$EBA8$MICROLIB$REQ8$PRES8$EABIv2 0x00000000   Number         0  anon$$obj.o ABSOLUTE
    __ARM_use_no_argv                        0x00000000   Number         0  main.o ABSOLUTE
    _printf_a                                0x00000000   Number         0  stubs.o ABSOLUTE
    _printf_c                                0x00000000   Number         0  stubs.o ABSOLUTE
    _printf_charcount                        0x00000000   Number         0  stubs.o ABSOLUTE
    _printf_d                                0x00000000   Number         0  stubs.o ABSOLUTE
    _printf_e                                0x00000000   Number         0  stubs.o ABSOLUTE
    _printf_f                                0x00000000   Number         0  stubs.o ABSOLUTE
    _printf_flags                            0x00000000   Number         0  stubs.o ABSOLUTE
    _printf_fp_dec                           0x00000000   Number         0  stubs.o ABSOLUTE
    _printf_fp_hex                           0x00000000   Number         0  stubs.o ABSOLUTE
    _printf_g                                0x00000000   Number         0  stubs.o ABSOLUTE
    _printf_i                                0x00000000   Number         0  stubs.o ABSOLUTE
    _printf_int_dec                          0x00000000   Number         0  stubs.o ABSOLUTE
    _printf_l                                0x00000000   Number         0  stubs.o ABSOLUTE
    _printf_lc                               0x00000000   Number         0  stubs.o ABSOLUTE
    _printf_ll                               0x00000000   Number         0  stubs.o ABSOLUTE
    _printf_lld                              0x00000000   Number         0  stubs.o ABSOLUTE
    _printf_lli                              0x00000000   Number         0  stubs.o ABSOLUTE
    _printf_llo                              0x00000000   Number         0  stubs.o ABSOLUTE
    _printf_llu                              0x00000000   Number         0  stubs.o ABSOLUTE
    _printf_llx                              0x00000000   Number         0  stubs.o ABSOLUTE
    _printf_longlong_dec                     0x00000000   Number         0  stubs.o ABSOLUTE
    _printf_longlong_hex                     0x00000000   Number         0  stubs.o ABSOLUTE
    _printf_longlong_oct                     0x00000000   Number         0  stubs.o ABSOLUTE
    _printf_ls                               0x00000000   Number         0  stubs.o ABSOLUTE
    _printf_mbtowc                           0x00000000   Number         0  stubs.o ABSOLUTE
    _printf_n                                0x00000000   Number         0  stubs.o ABSOLUTE
    _printf_o                                0x00000000   Number         0  stubs.o ABSOLUTE
    _printf_p                                0x00000000   Number         0  stubs.o ABSOLUTE
    _printf_percent                          0x00000000   Number         0  stubs.o ABSOLUTE
    _printf_pre_padding                      0x00000000   Number         0  stubs.o ABSOLUTE
    _printf_return_value                     0x00000000   Number         0  stubs.o ABSOLUTE
    _printf_s                                0x00000000   Number         0  stubs.o ABSOLUTE
    _printf_sizespec                         0x00000000   Number         0  stubs.o ABSOLUTE
    _printf_str                              0x00000000   Number         0  stubs.o ABSOLUTE
    _printf_truncate_signed                  0x00000000   Number         0  stubs.o ABSOLUTE
    _printf_truncate_unsigned                0x00000000   Number         0  stubs.o ABSOLUTE
    _printf_u                                0x00000000   Number         0  stubs.o ABSOLUTE
    _printf_wc                               0x00000000   Number         0  stubs.o ABSOLUTE
    _printf_wctomb                           0x00000000   Number         0  stubs.o ABSOLUTE
    _printf_widthprec                        0x00000000   Number         0  stubs.o ABSOLUTE
    _printf_x                                0x00000000   Number         0  stubs.o ABSOLUTE
    __cpp_initialize__aeabi_                  - Undefined Weak Reference
    __cxa_finalize                            - Undefined Weak Reference
    __decompress                              - Undefined Weak Reference
    _clock_init                               - Undefined Weak Reference
    _microlib_exit                            - Undefined Weak Reference
    __Vectors_Size                           0x00000150   Number         0  startup_gd32e10x.o ABSOLUTE
    __RL_TCP_VER                             0x00000477   Number         0  at_system.o ABSOLUTE
    __Vectors                                0x08000000   Data           4  startup_gd32e10x.o(RESET)
    __Vectors_End                            0x08000150   Data           0  startup_gd32e10x.o(RESET)
    __main                                   0x08000151   Thumb Code     0  entry.o(.ARM.Collect$$$$00000000)
    _main_stk                                0x08000151   Thumb Code     0  entry2.o(.ARM.Collect$$$$00000001)
    _main_scatterload                        0x08000155   Thumb Code     0  entry5.o(.ARM.Collect$$$$00000004)
    __main_after_scatterload                 0x08000159   Thumb Code     0  entry5.o(.ARM.Collect$$$$00000004)
    _main_clock                              0x08000159   Thumb Code     0  entry7b.o(.ARM.Collect$$$$00000008)
    _main_cpp_init                           0x08000159   Thumb Code     0  entry8b.o(.ARM.Collect$$$$0000000A)
    _main_init                               0x08000159   Thumb Code     0  entry9a.o(.ARM.Collect$$$$0000000B)
    __rt_final_cpp                           0x08000161   Thumb Code     0  entry10a.o(.ARM.Collect$$$$0000000D)
    __rt_final_exit                          0x08000161   Thumb Code     0  entry11a.o(.ARM.Collect$$$$0000000F)
    Reset_Handler                            0x08000165   Thumb Code     8  startup_gd32e10x.o(.text)
    ADC0_1_IRQHandler                        0x0800017f   Thumb Code     0  startup_gd32e10x.o(.text)
    CAN0_EWMC_IRQHandler                     0x0800017f   Thumb Code     0  startup_gd32e10x.o(.text)
    CAN0_RX0_IRQHandler                      0x0800017f   Thumb Code     0  startup_gd32e10x.o(.text)
    CAN0_RX1_IRQHandler                      0x0800017f   Thumb Code     0  startup_gd32e10x.o(.text)
    CAN0_TX_IRQHandler                       0x0800017f   Thumb Code     0  startup_gd32e10x.o(.text)
    CAN1_EWMC_IRQHandler                     0x0800017f   Thumb Code     0  startup_gd32e10x.o(.text)
    CAN1_RX0_IRQHandler                      0x0800017f   Thumb Code     0  startup_gd32e10x.o(.text)
    CAN1_RX1_IRQHandler                      0x0800017f   Thumb Code     0  startup_gd32e10x.o(.text)
    CAN1_TX_IRQHandler                       0x0800017f   Thumb Code     0  startup_gd32e10x.o(.text)
    DMA0_Channel0_IRQHandler                 0x0800017f   Thumb Code     0  startup_gd32e10x.o(.text)
    DMA0_Channel1_IRQHandler                 0x0800017f   Thumb Code     0  startup_gd32e10x.o(.text)
    DMA0_Channel2_IRQHandler                 0x0800017f   Thumb Code     0  startup_gd32e10x.o(.text)
    DMA0_Channel3_IRQHandler                 0x0800017f   Thumb Code     0  startup_gd32e10x.o(.text)
    DMA0_Channel4_IRQHandler                 0x0800017f   Thumb Code     0  startup_gd32e10x.o(.text)
    DMA0_Channel5_IRQHandler                 0x0800017f   Thumb Code     0  startup_gd32e10x.o(.text)
    DMA0_Channel6_IRQHandler                 0x0800017f   Thumb Code     0  startup_gd32e10x.o(.text)
    DMA1_Channel0_IRQHandler                 0x0800017f   Thumb Code     0  startup_gd32e10x.o(.text)
    DMA1_Channel1_IRQHandler                 0x0800017f   Thumb Code     0  startup_gd32e10x.o(.text)
    DMA1_Channel2_IRQHandler                 0x0800017f   Thumb Code     0  startup_gd32e10x.o(.text)
    DMA1_Channel3_IRQHandler                 0x0800017f   Thumb Code     0  startup_gd32e10x.o(.text)
    DMA1_Channel4_IRQHandler                 0x0800017f   Thumb Code     0  startup_gd32e10x.o(.text)
    EXMC_IRQHandler                          0x0800017f   Thumb Code     0  startup_gd32e10x.o(.text)
    EXTI1_IRQHandler                         0x0800017f   Thumb Code     0  startup_gd32e10x.o(.text)
    EXTI2_IRQHandler                         0x0800017f   Thumb Code     0  startup_gd32e10x.o(.text)
    EXTI3_IRQHandler                         0x0800017f   Thumb Code     0  startup_gd32e10x.o(.text)
    EXTI4_IRQHandler                         0x0800017f   Thumb Code     0  startup_gd32e10x.o(.text)
    EXTI5_9_IRQHandler                       0x0800017f   Thumb Code     0  startup_gd32e10x.o(.text)
    FMC_IRQHandler                           0x0800017f   Thumb Code     0  startup_gd32e10x.o(.text)
    I2C0_ER_IRQHandler                       0x0800017f   Thumb Code     0  startup_gd32e10x.o(.text)
    I2C0_EV_IRQHandler                       0x0800017f   Thumb Code     0  startup_gd32e10x.o(.text)
    I2C1_ER_IRQHandler                       0x0800017f   Thumb Code     0  startup_gd32e10x.o(.text)
    I2C1_EV_IRQHandler                       0x0800017f   Thumb Code     0  startup_gd32e10x.o(.text)
    LVD_IRQHandler                           0x0800017f   Thumb Code     0  startup_gd32e10x.o(.text)
    RCU_CTC_IRQHandler                       0x0800017f   Thumb Code     0  startup_gd32e10x.o(.text)
    RTC_Alarm_IRQHandler                     0x0800017f   Thumb Code     0  startup_gd32e10x.o(.text)
    RTC_IRQHandler                           0x0800017f   Thumb Code     0  startup_gd32e10x.o(.text)
    SPI0_IRQHandler                          0x0800017f   Thumb Code     0  startup_gd32e10x.o(.text)
    SPI1_IRQHandler                          0x0800017f   Thumb Code     0  startup_gd32e10x.o(.text)
    SPI2_IRQHandler                          0x0800017f   Thumb Code     0  startup_gd32e10x.o(.text)
    TAMPER_IRQHandler                        0x0800017f   Thumb Code     0  startup_gd32e10x.o(.text)
    TIMER0_BRK_TIMER8_IRQHandler             0x0800017f   Thumb Code     0  startup_gd32e10x.o(.text)
    TIMER0_Channel_IRQHandler                0x0800017f   Thumb Code     0  startup_gd32e10x.o(.text)
    TIMER0_TRG_CMT_TIMER10_IRQHandler        0x0800017f   Thumb Code     0  startup_gd32e10x.o(.text)
    TIMER0_UP_TIMER9_IRQHandler              0x0800017f   Thumb Code     0  startup_gd32e10x.o(.text)
    TIMER1_IRQHandler                        0x0800017f   Thumb Code     0  startup_gd32e10x.o(.text)
    TIMER2_IRQHandler                        0x0800017f   Thumb Code     0  startup_gd32e10x.o(.text)
    TIMER3_IRQHandler                        0x0800017f   Thumb Code     0  startup_gd32e10x.o(.text)
    TIMER4_IRQHandler                        0x0800017f   Thumb Code     0  startup_gd32e10x.o(.text)
    TIMER5_IRQHandler                        0x0800017f   Thumb Code     0  startup_gd32e10x.o(.text)
    TIMER6_IRQHandler                        0x0800017f   Thumb Code     0  startup_gd32e10x.o(.text)
    TIMER7_BRK_TIMER11_IRQHandler            0x0800017f   Thumb Code     0  startup_gd32e10x.o(.text)
    TIMER7_Channel_IRQHandler                0x0800017f   Thumb Code     0  startup_gd32e10x.o(.text)
    TIMER7_TRG_CMT_TIMER13_IRQHandler        0x0800017f   Thumb Code     0  startup_gd32e10x.o(.text)
    TIMER7_UP_TIMER12_IRQHandler             0x0800017f   Thumb Code     0  startup_gd32e10x.o(.text)
    UART3_IRQHandler                         0x0800017f   Thumb Code     0  startup_gd32e10x.o(.text)
    UART4_IRQHandler                         0x0800017f   Thumb Code     0  startup_gd32e10x.o(.text)
    USART2_IRQHandler                        0x0800017f   Thumb Code     0  startup_gd32e10x.o(.text)
    USBFS_IRQHandler                         0x0800017f   Thumb Code     0  startup_gd32e10x.o(.text)
    USBFS_WKUP_IRQHandler                    0x0800017f   Thumb Code     0  startup_gd32e10x.o(.text)
    WWDGT_IRQHandler                         0x0800017f   Thumb Code     0  startup_gd32e10x.o(.text)
    __aeabi_memcpy                           0x08000189   Thumb Code    36  memcpya.o(.text)
    __aeabi_memcpy4                          0x08000189   Thumb Code     0  memcpya.o(.text)
    __aeabi_memcpy8                          0x08000189   Thumb Code     0  memcpya.o(.text)
    strcpy                                   0x080001ad   Thumb Code    18  strcpy.o(.text)
    __scatterload                            0x080001c1   Thumb Code    28  init.o(.text)
    __scatterload_rt2                        0x080001c1   Thumb Code     0  init.o(.text)
    BusFault_Handler                         0x080001e5   Thumb Code     4  gd32e10x_it.o(i.BusFault_Handler)
    DebugMon_Handler                         0x080001e9   Thumb Code     2  gd32e10x_it.o(i.DebugMon_Handler)
    Delay_Decrement                          0x080001ed   Thumb Code    20  main.o(i.Delay_Decrement)
    EXTI0_IRQHandler                         0x08000235   Thumb Code     2  gd32e10x_it.o(i.EXTI0_IRQHandler)
    EXTI10_15_IRQHandler                     0x08000237   Thumb Code    22  gd32e10x_it.o(i.EXTI10_15_IRQHandler)
    HardFault_Handler                        0x0800027d   Thumb Code     4  gd32e10x_it.o(i.HardFault_Handler)
    InitSystem                               0x080002cd   Thumb Code    30  initsystem.o(i.InitSystem)
    MemManage_Handler                        0x080002f3   Thumb Code     4  gd32e10x_it.o(i.MemManage_Handler)
    NMI_Handler                              0x080002f7   Thumb Code     2  gd32e10x_it.o(i.NMI_Handler)
    PendSV_Handler                           0x080002f9   Thumb Code     2  gd32e10x_it.o(i.PendSV_Handler)
    SEGGER_RTT_Write                         0x0800037d   Thumb Code    68  segger_rtt.o(i.SEGGER_RTT_Write)
    SEGGER_RTT_WriteNoLock                   0x080003c5   Thumb Code   126  segger_rtt.o(i.SEGGER_RTT_WriteNoLock)
    SEGGER_RTT_printf                        0x08000449   Thumb Code    34  segger_rtt_printf.o(i.SEGGER_RTT_printf)
    SEGGER_RTT_vprintf                       0x0800046b   Thumb Code   522  segger_rtt_printf.o(i.SEGGER_RTT_vprintf)
    SVC_Handler                              0x08000675   Thumb Code     2  gd32e10x_it.o(i.SVC_Handler)
    SysTick_Handler                          0x08000677   Thumb Code    12  gd32e10x_it.o(i.SysTick_Handler)
    SystemInit                               0x08000685   Thumb Code    76  system_gd32e10x.o(i.SystemInit)
    SystemManagementTask                     0x080006dd   Thumb Code    42  main.o(i.SystemManagementTask)
    USART0_IRQHandler                        0x08000719   Thumb Code    84  esp32datalayer.o(i.USART0_IRQHandler)
    USART1_IRQHandler                        0x08000779   Thumb Code    84  esp32datalayer.o(i.USART1_IRQHandler)
    UsageFault_Handler                       0x080007d9   Thumb Code     4  gd32e10x_it.o(i.UsageFault_Handler)
    WatchDogInit                             0x080007dd   Thumb Code     2  hardwaremanager.o(i.WatchDogInit)
    __scatterload_copy                       0x08000b81   Thumb Code    14  handlers.o(i.__scatterload_copy)
    __scatterload_null                       0x08000b8f   Thumb Code     2  handlers.o(i.__scatterload_null)
    __scatterload_zeroinit                   0x08000b91   Thumb Code    14  handlers.o(i.__scatterload_zeroinit)
    app_wdt_feed                             0x08000b9f   Thumb Code     8  app_wdt.o(i.app_wdt_feed)
    driver_uart0_get_new_data_to_send        0x08000ba9   Thumb Code    16  driveruart.o(i.driver_uart0_get_new_data_to_send)
    driver_uart1_get_new_data_to_send        0x08000bbd   Thumb Code    16  driveruart.o(i.driver_uart1_get_new_data_to_send)
    exti_interrupt_flag_clear                0x08000bd1   Thumb Code     6  gd32e10x_exti.o(i.exti_interrupt_flag_clear)
    exti_interrupt_flag_get                  0x08000bdd   Thumb Code    32  gd32e10x_exti.o(i.exti_interrupt_flag_get)
    fwdgt_counter_reload                     0x08000c01   Thumb Code    10  gd32e10x_fwdgt.o(i.fwdgt_counter_reload)
    gpio_bit_write                           0x08000c11   Thumb Code    10  gd32e10x_gpio.o(i.gpio_bit_write)
    gpio_init                                0x08000c1b   Thumb Code   188  gd32e10x_gpio.o(i.gpio_init)
    lwrb_get_full                            0x08000cd9   Thumb Code    64  lwrb.o(i.lwrb_get_full)
    lwrb_read                                0x08000d1d   Thumb Code   168  lwrb.o(i.lwrb_read)
    main                                     0x08000dc9   Thumb Code   100  main.o(i.main)
    nvic_vector_table_set                    0x08000e49   Thumb Code    12  gd32e10x_misc.o(i.nvic_vector_table_set)
    rcu_periph_clock_enable                  0x08000e5d   Thumb Code    28  gd32e10x_rcu.o(i.rcu_periph_clock_enable)
    usart_data_receive                       0x08000f45   Thumb Code    10  gd32e10x_usart.o(i.usart_data_receive)
    usart_data_transmit                      0x08000f4f   Thumb Code     8  gd32e10x_usart.o(i.usart_data_transmit)
    usart_interrupt_disable                  0x08000f57   Thumb Code    26  gd32e10x_usart.o(i.usart_interrupt_disable)
    usart_interrupt_flag_get                 0x08000f71   Thumb Code    56  gd32e10x_usart.o(i.usart_interrupt_flag_get)
    Region$$Table$$Base                      0x08000fb8   Number         0  anon$$obj.o(Region$$Table)
    Region$$Table$$Limit                     0x08000fd8   Number         0  anon$$obj.o(Region$$Table)
    TimingDelay                              0x2000000a   Data           2  main.o(.data)
    m_sys_tick                               0x2000000c   Data           4  main.o(.data)
    adc_vin_value                            0x20000010   Data           2  main.o(.data)
    SystemCoreClock                          0x20000014   Data           4  system_gd32e10x.o(.data)
    ESPBuffer                                0x20000250   Data         257  esp32datalayer.o(.bss)
    FMBuffer                                 0x20000351   Data         257  esp32datalayer.o(.bss)
    BanTinESP                                0x20000452   Data         150  esp32datalayer.o(.bss)
    espMessage                               0x200004e8   Data         200  esp32datalayer.o(.bss)
    xSystem                                  0x200005b0   Data        2904  initsystem.o(.bss)
    _SEGGER_RTT                              0x20001108   Data         168  segger_rtt.o(.bss)
    __initial_sp                             0x200017c0   Data           0  startup_gd32e10x.o(STACK)



==============================================================================

Memory Map of the image

  Image Entry point : 0x08000151

  Load Region LR_IROM1 (Base: 0x08000000, Size: 0x00000ff0, Max: 0x00020000, ABSOLUTE)

    Execution Region ER_IROM1 (Exec base: 0x08000000, Load base: 0x08000000, Size: 0x00000fd8, Max: 0x00020000, ABSOLUTE)

    Exec Addr    Load Addr    Size         Type   Attr      Idx    E Section Name        Object

    0x08000000   0x08000000   0x00000150   Data   RO         6223    RESET               startup_gd32e10x.o
    0x08000150   0x08000150   0x00000000   Code   RO         6631  * .ARM.Collect$$$$00000000  mc_w.l(entry.o)
    0x08000150   0x08000150   0x00000004   Code   RO         6930    .ARM.Collect$$$$00000001  mc_w.l(entry2.o)
    0x08000154   0x08000154   0x00000004   Code   RO         6933    .ARM.Collect$$$$00000004  mc_w.l(entry5.o)
    0x08000158   0x08000158   0x00000000   Code   RO         6935    .ARM.Collect$$$$00000008  mc_w.l(entry7b.o)
    0x08000158   0x08000158   0x00000000   Code   RO         6937    .ARM.Collect$$$$0000000A  mc_w.l(entry8b.o)
    0x08000158   0x08000158   0x00000008   Code   RO         6938    .ARM.Collect$$$$0000000B  mc_w.l(entry9a.o)
    0x08000160   0x08000160   0x00000000   Code   RO         6940    .ARM.Collect$$$$0000000D  mc_w.l(entry10a.o)
    0x08000160   0x08000160   0x00000000   Code   RO         6942    .ARM.Collect$$$$0000000F  mc_w.l(entry11a.o)
    0x08000160   0x08000160   0x00000004   Code   RO         6931    .ARM.Collect$$$$00002712  mc_w.l(entry2.o)
    0x08000164   0x08000164   0x00000024   Code   RO         6224    .text               startup_gd32e10x.o
    0x08000188   0x08000188   0x00000024   Code   RO         6651    .text               mc_w.l(memcpya.o)
    0x080001ac   0x080001ac   0x00000012   Code   RO         6661    .text               mc_w.l(strcpy.o)
    0x080001be   0x080001be   0x00000002   PAD
    0x080001c0   0x080001c0   0x00000024   Code   RO         6972    .text               mc_w.l(init.o)
    0x080001e4   0x080001e4   0x00000004   Code   RO          433    i.BusFault_Handler  gd32e10x_it.o
    0x080001e8   0x080001e8   0x00000002   Code   RO          434    i.DebugMon_Handler  gd32e10x_it.o
    0x080001ea   0x080001ea   0x00000002   PAD
    0x080001ec   0x080001ec   0x00000018   Code   RO           86    i.Delay_Decrement   main.o
    0x08000204   0x08000204   0x00000030   Code   RO          674    i.ESPUARTAddData    esp32datalayer.o
    0x08000234   0x08000234   0x00000002   Code   RO          435    i.EXTI0_IRQHandler  gd32e10x_it.o
    0x08000236   0x08000236   0x00000016   Code   RO          436    i.EXTI10_15_IRQHandler  gd32e10x_it.o
    0x0800024c   0x0800024c   0x00000030   Code   RO          675    i.FMUARTAddData     esp32datalayer.o
    0x0800027c   0x0800027c   0x00000004   Code   RO          437    i.HardFault_Handler  gd32e10x_it.o
    0x08000280   0x08000280   0x0000004c   Code   RO          808    i.InitIO            initsystem.o
    0x080002cc   0x080002cc   0x00000024   Code   RO          809    i.InitSystem        initsystem.o
    0x080002f0   0x080002f0   0x00000002   Code   RO          810    i.InitVariable      initsystem.o
    0x080002f2   0x080002f2   0x00000004   Code   RO          438    i.MemManage_Handler  gd32e10x_it.o
    0x080002f6   0x080002f6   0x00000002   Code   RO          439    i.NMI_Handler       gd32e10x_it.o
    0x080002f8   0x080002f8   0x00000002   Code   RO          440    i.PendSV_Handler    gd32e10x_it.o
    0x080002fa   0x080002fa   0x00000008   Code   RO           89    i.ProcessTimeout100ms  main.o
    0x08000302   0x08000302   0x00000002   Code   RO           90    i.ProcessTimeout10ms  main.o
    0x08000304   0x08000304   0x00000078   Code   RO          812    i.RCC_Config        initsystem.o
    0x0800037c   0x0800037c   0x00000048   Code   RO         2278    i.SEGGER_RTT_Write  segger_rtt.o
    0x080003c4   0x080003c4   0x00000084   Code   RO         2281    i.SEGGER_RTT_WriteNoLock  segger_rtt.o
    0x08000448   0x08000448   0x00000022   Code   RO         2483    i.SEGGER_RTT_printf  segger_rtt_printf.o
    0x0800046a   0x0800046a   0x0000020a   Code   RO         2484    i.SEGGER_RTT_vprintf  segger_rtt_printf.o
    0x08000674   0x08000674   0x00000002   Code   RO          441    i.SVC_Handler       gd32e10x_it.o
    0x08000676   0x08000676   0x0000000c   Code   RO          442    i.SysTick_Handler   gd32e10x_it.o
    0x08000682   0x08000682   0x00000002   PAD
    0x08000684   0x08000684   0x00000058   Code   RO         2525    i.SystemInit        system_gd32e10x.o
    0x080006dc   0x080006dc   0x0000003c   Code   RO           91    i.SystemManagementTask  main.o
    0x08000718   0x08000718   0x00000060   Code   RO          678    i.USART0_IRQHandler  esp32datalayer.o
    0x08000778   0x08000778   0x00000060   Code   RO          679    i.USART1_IRQHandler  esp32datalayer.o
    0x080007d8   0x080007d8   0x00000004   Code   RO          443    i.UsageFault_Handler  gd32e10x_it.o
    0x080007dc   0x080007dc   0x00000002   Code   RO          751    i.WatchDogInit      hardwaremanager.o
    0x080007de   0x080007de   0x00000002   PAD
    0x080007e0   0x080007e0   0x00000070   Code   RO         2285    i._DoInit           segger_rtt.o
    0x08000850   0x08000850   0x0000001c   Code   RO         2286    i._GetAvailWriteSpace  segger_rtt.o
    0x0800086c   0x0800086c   0x000000ec   Code   RO         2485    i._PrintInt         segger_rtt_printf.o
    0x08000958   0x08000958   0x000000ec   Code   RO         2486    i._PrintUnsigned    segger_rtt_printf.o
    0x08000a44   0x08000a44   0x00000044   Code   RO         2487    i._StoreChar        segger_rtt_printf.o
    0x08000a88   0x08000a88   0x00000076   Code   RO         2288    i._WriteBlocking    segger_rtt.o
    0x08000afe   0x08000afe   0x00000058   Code   RO         2289    i._WriteNoCheck     segger_rtt.o
    0x08000b56   0x08000b56   0x00000002   PAD
    0x08000b58   0x08000b58   0x00000028   Code   RO          813    i.__NVIC_SetPriority  initsystem.o
    0x08000b80   0x08000b80   0x0000000e   Code   RO         7015    i.__scatterload_copy  mc_w.l(handlers.o)
    0x08000b8e   0x08000b8e   0x00000002   Code   RO         7016    i.__scatterload_null  mc_w.l(handlers.o)
    0x08000b90   0x08000b90   0x0000000e   Code   RO         7017    i.__scatterload_zeroinit  mc_w.l(handlers.o)
    0x08000b9e   0x08000b9e   0x00000008   Code   RO          352    i.app_wdt_feed      app_wdt.o
    0x08000ba6   0x08000ba6   0x00000002   PAD
    0x08000ba8   0x08000ba8   0x00000014   Code   RO          587    i.driver_uart0_get_new_data_to_send  driveruart.o
    0x08000bbc   0x08000bbc   0x00000014   Code   RO          588    i.driver_uart1_get_new_data_to_send  driveruart.o
    0x08000bd0   0x08000bd0   0x0000000c   Code   RO         3863    i.exti_interrupt_flag_clear  gd32e10x_exti.o
    0x08000bdc   0x08000bdc   0x00000024   Code   RO         3864    i.exti_interrupt_flag_get  gd32e10x_exti.o
    0x08000c00   0x08000c00   0x00000010   Code   RO         4178    i.fwdgt_counter_reload  gd32e10x_fwdgt.o
    0x08000c10   0x08000c10   0x0000000a   Code   RO         4234    i.gpio_bit_write    gd32e10x_gpio.o
    0x08000c1a   0x08000c1a   0x000000bc   Code   RO         4242    i.gpio_init         gd32e10x_gpio.o
    0x08000cd6   0x08000cd6   0x00000002   PAD
    0x08000cd8   0x08000cd8   0x00000044   Code   RO          956    i.lwrb_get_full     lwrb.o
    0x08000d1c   0x08000d1c   0x000000ac   Code   RO          964    i.lwrb_read         lwrb.o
    0x08000dc8   0x08000dc8   0x00000080   Code   RO           92    i.main              main.o
    0x08000e48   0x08000e48   0x00000014   Code   RO         4594    i.nvic_vector_table_set  gd32e10x_misc.o
    0x08000e5c   0x08000e5c   0x00000020   Code   RO         4777    i.rcu_periph_clock_enable  gd32e10x_rcu.o
    0x08000e7c   0x08000e7c   0x000000c0   Code   RO         2526    i.system_clock_72m_irc8m  system_gd32e10x.o
    0x08000f3c   0x08000f3c   0x00000008   Code   RO         2527    i.system_clock_config  system_gd32e10x.o
    0x08000f44   0x08000f44   0x0000000a   Code   RO         5844    i.usart_data_receive  gd32e10x_usart.o
    0x08000f4e   0x08000f4e   0x00000008   Code   RO         5845    i.usart_data_transmit  gd32e10x_usart.o
    0x08000f56   0x08000f56   0x0000001a   Code   RO         5859    i.usart_interrupt_disable  gd32e10x_usart.o
    0x08000f70   0x08000f70   0x00000038   Code   RO         5862    i.usart_interrupt_flag_get  gd32e10x_usart.o
    0x08000fa8   0x08000fa8   0x00000010   Data   RO         2488    .constdata          segger_rtt_printf.o
    0x08000fb8   0x08000fb8   0x00000020   Data   RO         7014    Region$$Table       anon$$obj.o


    Execution Region RW_IRAM1 (Exec base: 0x20000000, Load base: 0x08000fd8, Size: 0x000017c0, Max: 0x00008000, ABSOLUTE)

    Exec Addr    Load Addr    Size         Type   Attr      Idx    E Section Name        Object

    0x20000000   0x08000fd8   0x00000012   Data   RW           94    .data               main.o
    0x20000012   0x08000fea   0x00000002   PAD
    0x20000014   0x08000fec   0x00000004   Data   RW         2528    .data               system_gd32e10x.o
    0x20000018        -       0x00000238   Zero   RW          589    .bss                driveruart.o
    0x20000250        -       0x00000360   Zero   RW          680    .bss                esp32datalayer.o
    0x200005b0        -       0x00000b58   Zero   RW          815    .bss                initsystem.o
    0x20001108        -       0x000002b8   Zero   RW         2290    .bss                segger_rtt.o
    0x200013c0        -       0x00000400   Zero   RW         6221    STACK               startup_gd32e10x.o


==============================================================================

Image component sizes


      Code (inc. data)   RO Data    RW Data    ZI Data      Debug   Object Name

         8          0          0          0          0      43439   app_wdt.o
        40          8          0          0        568       4314   driveruart.o
       288         36          0          0        864       3474   esp32datalayer.o
        48         10          0          0          0       1382   gd32e10x_exti.o
        16          6          0          0          0        567   gd32e10x_fwdgt.o
       198          0          0          0          0       1617   gd32e10x_gpio.o
        60          0          0          0          0       5100   gd32e10x_it.o
        20          8          0          0          0        652   gd32e10x_misc.o
        32          4          0          0          0        610   gd32e10x_rcu.o
       100          0          0          0          0       2828   gd32e10x_usart.o
         2          0          0          0          0        463   hardwaremanager.o
       274         32          0          0       2904      32233   initsystem.o
       240          8          0          0          0       3052   lwrb.o
       222         50          0         18          0      10449   main.o
         0          0          0          0          0       1444   net_config.o
       550         48          0          0        696       9650   segger_rtt.o
      1096          6         16          0          0       5977   segger_rtt_printf.o
        36          8        336          0       1024        900   startup_gd32e10x.o
       288         30          0          4          0       2023   system_gd32e10x.o

    ----------------------------------------------------------------------
      3530        254        384         24       6056     130174   Object Totals
         0          0         32          0          0          0   (incl. Generated)
        12          0          0          2          0          0   (incl. Padding)

    ----------------------------------------------------------------------

      Code (inc. data)   RO Data    RW Data    ZI Data      Debug   Library Member Name

         0          0          0          0          0          0   entry.o
         0          0          0          0          0          0   entry10a.o
         0          0          0          0          0          0   entry11a.o
         8          4          0          0          0          0   entry2.o
         4          0          0          0          0          0   entry5.o
         0          0          0          0          0          0   entry7b.o
         0          0          0          0          0          0   entry8b.o
         8          4          0          0          0          0   entry9a.o
        30          0          0          0          0          0   handlers.o
        36          8          0          0          0         68   init.o
        36          0          0          0          0         68   memcpya.o
        18          0          0          0          0         68   strcpy.o

    ----------------------------------------------------------------------
       142         16          0          0          0        204   Library Totals
         2          0          0          0          0          0   (incl. Padding)

    ----------------------------------------------------------------------

      Code (inc. data)   RO Data    RW Data    ZI Data      Debug   Library Name

       140         16          0          0          0        204   mc_w.l

    ----------------------------------------------------------------------
       142         16          0          0          0        204   Library Totals

    ----------------------------------------------------------------------

==============================================================================


      Code (inc. data)   RO Data    RW Data    ZI Data      Debug   

      3672        270        384         24       6056     125430   Grand Totals
      3672        270        384         24       6056     125430   ELF Image Totals
      3672        270        384         24          0          0   ROM Totals

==============================================================================

    Total RO  Size (Code + RO Data)                 4056 (   3.96kB)
    Total RW  Size (RW Data + ZI Data)              6080 (   5.94kB)
    Total ROM Size (Code + RO Data + RW Data)       4080 (   3.98kB)

==============================================================================

