Component: ARM Compiler 5.06 update 6 (build 750) Tool: armlink [4d35ed]

==============================================================================

Section Cross References

    net_config.o(i.init_system) refers to at_ppp.o(i.ppp_init_link) for ppp_init_link
    net_config.o(i.init_system) refers to at_ip.o(i.ip_init) for ip_init
    net_config.o(i.init_system) refers to at_icmp.o(i.icmp_init) for icmp_init
    net_config.o(i.init_system) refers to at_udp.o(i.udp_init) for udp_init
    net_config.o(i.init_system) refers to at_tcp.o(i.tcp_init) for tcp_init
    net_config.o(i.init_system) refers to at_dns.o(i.dns_init) for dns_init
    net_config.o(i.init_system) refers to at_sntp.o(i.sntp_init) for sntp_init
    net_config.o(i.run_system) refers to at_ppp.o(i.ppp_run_link) for ppp_run_link
    net_config.o(i.run_system) refers to at_ip.o(i.ip_run_local) for ip_run_local
    net_config.o(i.run_system) refers to at_icmp.o(i.icmp_run_engine) for icmp_run_engine
    net_config.o(i.run_system) refers to at_tcp.o(i.tcp_poll_sockets) for tcp_poll_sockets
    net_config.o(i.run_system) refers to at_dns.o(i.dns_run_client) for dns_run_client
    net_config.o(i.run_system) refers to at_sntp.o(i.sntp_run_client) for sntp_run_client
    net_config.o(.constdata) refers to net_config.o(.bss) for mem_pool
    net_config.o(.constdata) refers to net_config.o(.data) for lhost_name
    hardwaremanager.o(i.DetectResetReason) refers to hardwaremanager.o(i.debug_printf) for debug_printf
    hardwaremanager.o(i.DetectResetReason) refers to gd32e10x_rcu.o(i.rcu_flag_get) for rcu_flag_get
    hardwaremanager.o(i.DetectResetReason) refers to gd32e10x_rcu.o(i.rcu_all_reset_flag_clear) for rcu_all_reset_flag_clear
    hardwaremanager.o(i.DetectResetReason) refers to initsystem.o(.bss) for xSystem
    hardwaremanager.o(i.Hardware_XoaCoLoi) refers to gd32e10x_usart.o(i.usart_flag_get) for usart_flag_get
    hardwaremanager.o(i.Hardware_XoaCoLoi) refers to hardwaremanager.o(i.debug_printf) for debug_printf
    hardwaremanager.o(i.Hardware_XoaCoLoi) refers to gd32e10x_usart.o(i.usart_flag_clear) for usart_flag_clear
    hardwaremanager.o(i.ResetWatchdog) refers to app_wdt.o(i.app_wdt_feed) for app_wdt_feed
    hardwaremanager.o(i.SystemReset) refers to segger_rtt_printf.o(i.SEGGER_RTT_printf) for SEGGER_RTT_printf
    hardwaremanager.o(i.WatchDogInit) refers to app_wdt.o(i.app_wdt_start) for app_wdt_start
    hardwaremanager.o(i.debug_printf) refers to main.o(i.sys_get_ms) for sys_get_ms
    hardwaremanager.o(i.debug_printf) refers to printfa.o(i.__0sprintf) for __2sprintf
    hardwaremanager.o(i.debug_printf) refers to printfa.o(i.__0vsnprintf) for vsnprintf
    hardwaremanager.o(i.debug_printf) refers to segger_rtt.o(i.SEGGER_RTT_Write) for SEGGER_RTT_Write
    initsystem.o(i.ADC_Config) refers to gd32e10x_gpio.o(i.gpio_init) for gpio_init
    initsystem.o(i.ADC_Config) refers to gd32e10x_dma.o(i.dma_deinit) for dma_deinit
    initsystem.o(i.ADC_Config) refers to gd32e10x_dma.o(i.dma_init) for dma_init
    initsystem.o(i.ADC_Config) refers to gd32e10x_dma.o(i.dma_circulation_enable) for dma_circulation_enable
    initsystem.o(i.ADC_Config) refers to gd32e10x_dma.o(i.dma_channel_enable) for dma_channel_enable
    initsystem.o(i.ADC_Config) refers to gd32e10x_adc.o(i.adc_deinit) for adc_deinit
    initsystem.o(i.ADC_Config) refers to gd32e10x_adc.o(i.adc_mode_config) for adc_mode_config
    initsystem.o(i.ADC_Config) refers to gd32e10x_adc.o(i.adc_special_function_config) for adc_special_function_config
    initsystem.o(i.ADC_Config) refers to gd32e10x_adc.o(i.adc_data_alignment_config) for adc_data_alignment_config
    initsystem.o(i.ADC_Config) refers to gd32e10x_adc.o(i.adc_channel_length_config) for adc_channel_length_config
    initsystem.o(i.ADC_Config) refers to gd32e10x_adc.o(i.adc_regular_channel_config) for adc_regular_channel_config
    initsystem.o(i.ADC_Config) refers to gd32e10x_adc.o(i.adc_external_trigger_source_config) for adc_external_trigger_source_config
    initsystem.o(i.ADC_Config) refers to gd32e10x_adc.o(i.adc_external_trigger_config) for adc_external_trigger_config
    initsystem.o(i.ADC_Config) refers to gd32e10x_adc.o(i.adc_enable) for adc_enable
    initsystem.o(i.ADC_Config) refers to main.o(i.Delayms) for Delayms
    initsystem.o(i.ADC_Config) refers to gd32e10x_adc.o(i.adc_calibration_enable) for adc_calibration_enable
    initsystem.o(i.ADC_Config) refers to gd32e10x_adc.o(i.adc_dma_mode_enable) for adc_dma_mode_enable
    initsystem.o(i.ADC_Config) refers to gd32e10x_adc.o(i.adc_software_trigger_enable) for adc_software_trigger_enable
    initsystem.o(i.ADC_Config) refers to measureinput.o(.data) for ADC_RegularConvertedValueTab
    initsystem.o(i.DrawScreen) refers to initsystem.o(i.debug_raw) for debug_raw
    initsystem.o(i.DrawScreen) refers to gd32e10x_rcu.o(i.rcu_clock_freq_get) for rcu_clock_freq_get
    initsystem.o(i.DrawScreen) refers to initsystem.o(.constdata) for WelcomeStr
[...]
    MQTT_Init                                0x0800262d   Thumb Code    72  mqtt_hardwarelayer.o(i.MQTT_Init)
    MQTT_InitBufferQueue                     0x080026ad   Thumb Code    70  mqtt_clientmessage.o(i.MQTT_InitBufferQueue)
    MQTT_ProcThread                          0x08002715   Thumb Code   416  mqtt_hardwarelayer.o(i.MQTT_ProcThread)
    MQTT_ProcessDataFromServer               0x08002a71   Thumb Code    66  mqtt_servermessage.o(i.MQTT_ProcessDataFromServer)
    MQTT_PublishDataMsg                      0x08002ad5   Thumb Code   586  mqtt_clientmessage.o(i.MQTT_PublishDataMsg)
    MQTT_SendBufferToServer                  0x08002e61   Thumb Code     6  mqtt_clientmessage.o(i.MQTT_SendBufferToServer)
    MQTT_SendPINGReq                         0x08002e69   Thumb Code    68  mqtt_hardwarelayer.o(i.MQTT_SendPINGReq)
    MQTT_SubscribeNewTopic                   0x08002edd   Thumb Code    90  mqtt_hardwarelayer.o(i.MQTT_SubscribeNewTopic)
    MQTT_Tick                                0x08003061   Thumb Code   976  mqtt_hardwarelayer.o(i.MQTT_Tick)
    MQTTstrlen                               0x08003625   Thumb Code    24  mqttpacket.o(i.MQTTstrlen)
    Measure_Init                             0x080036a5   Thumb Code    76  measureinput.o(i.Measure_Init)
    Measure_PulseTick                        0x08003715   Thumb Code   142  measureinput.o(i.Measure_PulseTick)
    Measure_Tick                             0x080037e5   Thumb Code   282  measureinput.o(i.Measure_Tick)
    MemManage_Handler                        0x080039a5   Thumb Code     4  gd32e10x_it.o(i.MemManage_Handler)
    NMI_Handler                              0x080039a9   Thumb Code     2  gd32e10x_it.o(i.NMI_Handler)
    OpenPPPStack                             0x080039ad   Thumb Code   230  gsm_datalayer.o(i.OpenPPPStack)
    Output_Init                              0x08003b39   Thumb Code    20  controloutput.o(i.Output_Init)
    Output_Tick                              0x08003b51   Thumb Code    84  controloutput.o(i.Output_Tick)
    PendSV_Handler                           0x08003bad   Thumb Code     2  gd32e10x_it.o(i.PendSV_Handler)
    PowerOnModuleGSM                         0x08003bb1   Thumb Code  1932  gsm_datalayer.o(i.PowerOnModuleGSM)
    ProcessSetParameters                     0x080044b9   Thumb Code   574  mqtt_servermessage.o(i.ProcessSetParameters)
    ResetWatchdog                            0x0800493d   Thumb Code     8  hardwaremanager.o(i.ResetWatchdog)
    SEGGER_RTT_Read                          0x08004945   Thumb Code    56  segger_rtt.o(i.SEGGER_RTT_Read)
    SEGGER_RTT_ReadNoLock                    0x0800497d   Thumb Code   164  segger_rtt.o(i.SEGGER_RTT_ReadNoLock)
    SEGGER_RTT_Write                         0x08004a25   Thumb Code    68  segger_rtt.o(i.SEGGER_RTT_Write)
    SEGGER_RTT_WriteNoLock                   0x08004a6d   Thumb Code   126  segger_rtt.o(i.SEGGER_RTT_WriteNoLock)
    SEGGER_RTT_printf                        0x08004af1   Thumb Code    34  segger_rtt_printf.o(i.SEGGER_RTT_printf)
    SEGGER_RTT_vprintf                       0x08004b13   Thumb Code   522  segger_rtt_printf.o(i.SEGGER_RTT_vprintf)
    SVC_Handler                              0x08004d1d   Thumb Code     2  gd32e10x_it.o(i.SVC_Handler)
    SendATCommand                            0x08004d21   Thumb Code   118  gsm_hardwarelayer.o(i.SendATCommand)
    SysTick_Handler                          0x08004de9   Thumb Code    12  gd32e10x_it.o(i.SysTick_Handler)
    SystemInit                               0x08004df5   Thumb Code    76  system_gd32e10x.o(i.SystemInit)
    SystemManagementTask                     0x08004e4d   Thumb Code    62  main.o(i.SystemManagementTask)
    SystemReset                              0x08004ea5   Thumb Code    48  hardwaremanager.o(i.SystemReset)
    ThucHienLenhAT                           0x08004ef9   Thumb Code    62  gsm_datalayer.o(i.ThucHienLenhAT)
    UART_Init                                0x08004f45   Thumb Code   192  driveruart.o(i.UART_Init)
    USART0_IRQHandler                        0x0800501d   Thumb Code   168  gsm_hardwarelayer.o(i.USART0_IRQHandler)
    USART2_IRQHandler                        0x080050e1   Thumb Code    36  measureinput.o(i.USART2_IRQHandler)
    UsageFault_Handler                       0x0800510d   Thumb Code     4  gd32e10x_it.o(i.UsageFault_Handler)
    WatchDogInit                             0x08005111   Thumb Code     8  hardwaremanager.o(i.WatchDogInit)
    __0sprintf                               0x08005491   Thumb Code    34  printfa.o(i.__0sprintf)
    __1sprintf                               0x08005491   Thumb Code     0  printfa.o(i.__0sprintf)
    __2sprintf                               0x08005491   Thumb Code     0  printfa.o(i.__0sprintf)
    __c89sprintf                             0x08005491   Thumb Code     0  printfa.o(i.__0sprintf)
    sprintf                                  0x08005491   Thumb Code     0  printfa.o(i.__0sprintf)
    __0vsnprintf                             0x080054b9   Thumb Code    40  printfa.o(i.__0vsnprintf)
    __1vsnprintf                             0x080054b9   Thumb Code     0  printfa.o(i.__0vsnprintf)
    __2vsnprintf                             0x080054b9   Thumb Code     0  printfa.o(i.__0vsnprintf)
    __c89vsnprintf                           0x080054b9   Thumb Code     0  printfa.o(i.__0vsnprintf)
    vsnprintf                                0x080054b9   Thumb Code     0  printfa.o(i.__0vsnprintf)
    __aeabi_errno_addr                       0x08005555   Thumb Code     4  errno.o(i.__aeabi_errno_addr)
    __rt_errno_addr                          0x08005555   Thumb Code     0  errno.o(i.__aeabi_errno_addr)
    __scatterload_copy                       0x0800555d   Thumb Code    14  handlers.o(i.__scatterload_copy)
    __scatterload_null                       0x0800556b   Thumb Code     2  handlers.o(i.__scatterload_null)
    __scatterload_zeroinit                   0x0800556d   Thumb Code    14  handlers.o(i.__scatterload_zeroinit)
    adc_calibration_enable                   0x08005e4f   Thumb Code    42  gd32e10x_adc.o(i.adc_calibration_enable)
    adc_channel_length_config                0x08005e79   Thumb Code    70  gd32e10x_adc.o(i.adc_channel_length_config)
    adc_data_alignment_config                0x08005ebf   Thumb Code    22  gd32e10x_adc.o(i.adc_data_alignment_config)
    adc_deinit                               0x08005ed5   Thumb Code    60  gd32e10x_adc.o(i.adc_deinit)
    adc_dma_mode_enable                      0x08005f15   Thumb Code    10  gd32e10x_adc.o(i.adc_dma_mode_enable)
    adc_enable                               0x08005f1f   Thumb Code    18  gd32e10x_adc.o(i.adc_enable)
    adc_external_trigger_config              0x08005f31   Thumb Code    62  gd32e10x_adc.o(i.adc_external_trigger_config)
    adc_external_trigger_source_config       0x08005f6f   Thumb Code    48  gd32e10x_adc.o(i.adc_external_trigger_source_config)
    adc_mode_config                          0x08005fa1   Thumb Code    22  gd32e10x_adc.o(i.adc_mode_config)
    adc_regular_channel_config               0x08005fbd   Thumb Code   172  gd32e10x_adc.o(i.adc_regular_channel_config)
    adc_software_trigger_enable              0x08006069   Thumb Code    30  gd32e10x_adc.o(i.adc_software_trigger_enable)
    adc_special_function_config              0x08006087   Thumb Code    90  gd32e10x_adc.o(i.adc_special_function_config)
    alloc_mem                                0x080060e1   Thumb Code   176  at_mem.o(i.alloc_mem)
    app_bkup_init                            0x08006199   Thumb Code    24  app_bkup.o(i.app_bkup_init)
    app_bkup_read_pulse_counter              0x080061b1   Thumb Code    52  app_bkup.o(i.app_bkup_read_pulse_counter)
    app_bkup_write_pulse_counter             0x080061fd   Thumb Code    38  app_bkup.o(i.app_bkup_write_pulse_counter)
    app_wdt_feed                             0x08006223   Thumb Code     8  app_wdt.o(i.app_wdt_feed)
    app_wdt_start                            0x0800622b   Thumb Code    32  app_wdt.o(i.app_wdt_start)
    avail_mem                                0x0800624d   Thumb Code    22  at_mem.o(i.avail_mem)
    bkp_data_read                            0x08006269   Thumb Code    50  gd32e10x_bkp.o(i.bkp_data_read)
    bkp_data_write                           0x080062a1   Thumb Code    46  gd32e10x_bkp.o(i.bkp_data_write)
    bufchar                                  0x080062d5   Thumb Code    36  mqttpacket.o(i.bufchar)
    calc_chksum16be                          0x080062fd   Thumb Code    18  at_lib.o(i.calc_chksum16be)
    chap_init                                0x080063b1   Thumb Code     8  at_ppp_chap.o(i.chap_init)
    chap_process                             0x080063bd   Thumb Code   388  at_ppp_chap.o(i.chap_process)
    chap_run                                 0x08006549   Thumb Code    74  at_ppp_chap.o(i.chap_run)
    chksum16_buf                             0x080065b9   Thumb Code    40  at_lib.o(i.chksum16_buf)
    chksum16_val                             0x080065e1   Thumb Code    10  at_lib.o(i.chksum16_val)
    com_getchar                              0x080065ed   Thumb Code    44  gsm_hardwarelayer.o(i.com_getchar)
    com_put_at_character                     0x0800661d   Thumb Code   100  gsm_hardwarelayer.o(i.com_put_at_character)
    com_put_at_string                        0x0800668d   Thumb Code    24  gsm_hardwarelayer.o(i.com_put_at_string)
    com_putchar                              0x080066a5   Thumb Code   112  gsm_hardwarelayer.o(i.com_putchar)
    com_tx_active                            0x08006725   Thumb Code     8  gsm_hardwarelayer.o(i.com_tx_active)
    dac_data_set                             0x08006731   Thumb Code    82  gd32e10x_dac.o(i.dac_data_set)
    dac_deinit                               0x08006789   Thumb Code    20  gd32e10x_dac.o(i.dac_deinit)
    dac_enable                               0x0800679d   Thumb Code    30  gd32e10x_dac.o(i.dac_enable)
    dac_output_buffer_enable                 0x080067c1   Thumb Code    30  gd32e10x_dac.o(i.dac_output_buffer_enable)
    dac_trigger_disable                      0x080067e5   Thumb Code    30  gd32e10x_dac.o(i.dac_trigger_disable)
    dac_wave_mode_config                     0x08006809   Thumb Code    48  gd32e10x_dac.o(i.dac_wave_mode_config)
    dma_channel_enable                       0x0800695d   Thumb Code    50  gd32e10x_dma.o(i.dma_channel_enable)
    dma_circulation_enable                   0x0800698f   Thumb Code    50  gd32e10x_dma.o(i.dma_circulation_enable)
    dma_deinit                               0x080069c1   Thumb Code   112  gd32e10x_dma.o(i.dma_deinit)
    dma_init                                 0x08006a31   Thumb Code   302  gd32e10x_dma.o(i.dma_init)
    dns_init                                 0x08006b79   Thumb Code    54  at_dns.o(i.dns_init)
    dns_run_client                           0x08006d79   Thumb Code   150  at_dns.o(i.dns_run_client)
    eth_chk_adr                              0x08006ec1   Thumb Code     4  net_config.o(i.eth_chk_adr)
    eth_send_frame                           0x08006ec5   Thumb Code     4  net_config.o(i.eth_send_frame)
    exti_interrupt_flag_clear                0x08006ec9   Thumb Code     6  gd32e10x_exti.o(i.exti_interrupt_flag_clear)
    exti_interrupt_flag_get                  0x08006ed5   Thumb Code    32  gd32e10x_exti.o(i.exti_interrupt_flag_get)
    fmc_flag_clear                           0x08006ef9   Thumb Code    28  gd32e10x_fmc.o(i.fmc_flag_clear)
    fmc_lock                                 0x08006f19   Thumb Code    14  gd32e10x_fmc.o(i.fmc_lock)
    fmc_page_erase                           0x08006f2d   Thumb Code    66  gd32e10x_fmc.o(i.fmc_page_erase)
    fmc_unlock                               0x08006fd9   Thumb Code    22  gd32e10x_fmc.o(i.fmc_unlock)
    fmc_word_program                         0x08006ffd   Thumb Code    60  gd32e10x_fmc.o(i.fmc_word_program)
    free_mem                                 0x0800703d   Thumb Code   124  at_mem.o(i.free_mem)
    fwdgt_config                             0x080070c1   Thumb Code    94  gd32e10x_fwdgt.o(i.fwdgt_config)
    fwdgt_counter_reload                     0x08007129   Thumb Code    10  gd32e10x_fwdgt.o(i.fwdgt_counter_reload)
    fwdgt_enable                             0x08007139   Thumb Code    10  gd32e10x_fwdgt.o(i.fwdgt_enable)
    getTimeNTP                               0x08007149   Thumb Code    28  main.o(i.getTimeNTP)
    get_host_by_name                         0x080071fd   Thumb Code   362  at_dns.o(i.get_host_by_name)
    get_rnd32                                0x080073b1   Thumb Code    18  at_system.o(i.get_rnd32)
    getdata                                  0x080073cd   Thumb Code    94  mqtt_hardwarelayer.o(i.getdata)
    gpio_bit_reset                           0x08007431   Thumb Code     4  gd32e10x_gpio.o(i.gpio_bit_reset)
    gpio_bit_set                             0x08007435   Thumb Code     4  gd32e10x_gpio.o(i.gpio_bit_set)
    gpio_bit_write                           0x08007439   Thumb Code    10  gd32e10x_gpio.o(i.gpio_bit_write)
    gpio_init                                0x08007443   Thumb Code   188  gd32e10x_gpio.o(i.gpio_init)
    gpio_input_bit_get                       0x080074ff   Thumb Code    16  gd32e10x_gpio.o(i.gpio_input_bit_get)
    gpio_pin_remap_config                    0x08007511   Thumb Code   138  gd32e10x_gpio.o(i.gpio_pin_remap_config)
    gsmWakeUpPeriodically                    0x080075a1   Thumb Code     2  gsm_datalayer.o(i.gsmWakeUpPeriodically)
    icmp_init                                0x080075a5   Thumb Code    10  at_icmp.o(i.icmp_init)
    icmp_process                             0x080075b5   Thumb Code   198  at_icmp.o(i.icmp_process)
    icmp_run_engine                          0x08007681   Thumb Code    58  at_icmp.o(i.icmp_run_engine)
    igmp_is_member                           0x08007739   Thumb Code     4  net_config.o(i.igmp_is_member)
    init_TcpNet                              0x0800773d   Thumb Code    38  at_system.o(i.init_TcpNet)
    init_mem                                 0x0800776d   Thumb Code    86  at_mem.o(i.init_mem)
    init_serial                              0x080077cd   Thumb Code    34  gsm_hardwarelayer.o(i.init_serial)
    init_system                              0x080077f5   Thumb Code    34  net_config.o(i.init_system)
    int_disable_eth                          0x08007817   Thumb Code     2  at_lib_def.o(i.int_disable_eth)
    int_enable_eth                           0x08007819   Thumb Code     2  at_lib_def.o(i.int_enable_eth)
    ip_chk_frame                             0x0800781d   Thumb Code   202  at_ip.o(i.ip_chk_frame)
    ip_get_locadr                            0x080078fd   Thumb Code   166  at_ip.o(i.ip_get_locadr)
    ip_init                                  0x080079b5   Thumb Code     8  at_ip.o(i.ip_init)
    ip_run_local                             0x080079c1   Thumb Code    82  at_ip.o(i.ip_run_local)
    ip_send_frame                            0x08007a1d   Thumb Code   322  at_ip.o(i.ip_send_frame)
    ipcp_init                                0x08007c2d   Thumb Code    50  at_ppp_ipcp.o(i.ipcp_init)
    ipcp_process                             0x08007c71   Thumb Code   648  at_ppp_ipcp.o(i.ipcp_process)
    ipcp_run                                 0x08007f05   Thumb Code    98  at_ppp_ipcp.o(i.ipcp_run)
    is_subnet                                0x08008045   Thumb Code    20  at_lib.o(i.is_subnet)
    lcp_echo                                 0x08008221   Thumb Code    38  at_ppp_lcp.o(i.lcp_echo)
    lcp_init                                 0x08008291   Thumb Code    40  at_ppp_lcp.o(i.lcp_init)
    lcp_process                              0x080082c5   Thumb Code  1238  at_ppp_lcp.o(i.lcp_process)
    lcp_run                                  0x0800879d   Thumb Code    86  at_ppp_lcp.o(i.lcp_run)
    lcp_terminate                            0x08008845   Thumb Code    36  at_ppp_lcp.o(i.lcp_terminate)
    main                                     0x08008875   Thumb Code   122  main.o(i.main)
    main_TcpNet                              0x08008909   Thumb Code    86  at_system.o(i.main_TcpNet)
    md5_final                                0x0800896d   Thumb Code    94  at_md5.o(i.md5_final)
    md5_init                                 0x080089cd   Thumb Code    26  at_md5.o(i.md5_init)
    md5_update                               0x08008b61   Thumb Code   104  at_md5.o(i.md5_update)
    mem_comp                                 0x08008bc9   Thumb Code    24  at_lib.o(i.mem_comp)
    mem_copy                                 0x08008be1   Thumb Code    22  at_lib.o(i.mem_copy)
    mem_rcopy                                0x08008bf7   Thumb Code    32  at_lib.o(i.mem_rcopy)
    mem_set                                  0x08008c17   Thumb Code    10  at_lib.o(i.mem_set)
    mem_test                                 0x08008c21   Thumb Code    20  at_lib.o(i.mem_test)
    modem_dial                               0x08008c35   Thumb Code    14  gsm_hardwarelayer.o(i.modem_dial)
    modem_hangup                             0x08008c49   Thumb Code     2  gsm_hardwarelayer.o(i.modem_hangup)
    modem_init                               0x08008c4d   Thumb Code    10  gsm_hardwarelayer.o(i.modem_init)
    modem_online                             0x08008c5d   Thumb Code    18  gsm_hardwarelayer.o(i.modem_online)
    modem_process                            0x08008c75   Thumb Code   272  gsm_hardwarelayer.o(i.modem_process)
    modem_run                                0x08008e25   Thumb Code   208  gsm_hardwarelayer.o(i.modem_run)
    nrd_u16be                                0x080090d5   Thumb Code    10  at_lib.o(i.nrd_u16be)
    nrd_u32be                                0x080090df   Thumb Code    22  at_lib.o(i.nrd_u32be)
    nvic_irq_enable                          0x080090f5   Thumb Code   162  gd32e10x_misc.o(i.nvic_irq_enable)
    nvic_priority_group_set                  0x080091a1   Thumb Code    10  gd32e10x_misc.o(i.nvic_priority_group_set)
    nvic_vector_table_set                    0x080091b5   Thumb Code    12  gd32e10x_misc.o(i.nvic_vector_table_set)
    nwr_u32be                                0x080091c9   Thumb Code    16  at_lib.o(i.nwr_u32be)
    pap_init                                 0x08009259   Thumb Code     8  at_ppp_pap.o(i.pap_init)
    pap_process                              0x08009265   Thumb Code   158  at_ppp_pap.o(i.pap_process)
    pap_run                                  0x0800930d   Thumb Code    74  at_ppp_pap.o(i.pap_run)
    pmu_backup_write_enable                  0x0800937d   Thumb Code    14  gd32e10x_pmu.o(i.pmu_backup_write_enable)
    ppp_close                                0x080093fd   Thumb Code    20  at_ppp.o(i.ppp_close)
    ppp_connect                              0x08009415   Thumb Code    30  at_ppp.o(i.ppp_connect)
    ppp_cp_code_reject                       0x08009439   Thumb Code    72  at_ppp.o(i.ppp_cp_code_reject)
    ppp_init_link                            0x080094a9   Thumb Code    42  at_ppp.o(i.ppp_init_link)
    ppp_is_up                                0x080094d9   Thumb Code    16  at_ppp.o(i.ppp_is_up)
    ppp_run_link                             0x080095d5   Thumb Code   334  at_ppp.o(i.ppp_run_link)
    ppp_send_frame                           0x08009731   Thumb Code   190  at_ppp.o(i.ppp_send_frame)
    ppp_shutdown                             0x080097f5   Thumb Code    30  at_ppp.o(i.ppp_shutdown)
    rcu_adc_clock_config                     0x080098dd   Thumb Code    98  gd32e10x_rcu.o(i.rcu_adc_clock_config)
    rcu_all_reset_flag_clear                 0x08009949   Thumb Code    14  gd32e10x_rcu.o(i.rcu_all_reset_flag_clear)
    rcu_clock_freq_get                       0x0800995d   Thumb Code   352  gd32e10x_rcu.o(i.rcu_clock_freq_get)
    rcu_flag_get                             0x08009add   Thumb Code    30  gd32e10x_rcu.o(i.rcu_flag_get)
    rcu_periph_clock_enable                  0x08009b01   Thumb Code    28  gd32e10x_rcu.o(i.rcu_periph_clock_enable)
    rcu_periph_reset_disable                 0x08009b21   Thumb Code    28  gd32e10x_rcu.o(i.rcu_periph_reset_disable)
    rcu_periph_reset_enable                  0x08009b41   Thumb Code    28  gd32e10x_rcu.o(i.rcu_periph_reset_enable)
    readChar                                 0x08009b61   Thumb Code    14  mqttpacket.o(i.readChar)
    readInt                                  0x08009b6f   Thumb Code    26  mqttpacket.o(i.readInt)
    readMQTTLenString                        0x08009b89   Thumb Code    58  mqttpacket.o(i.readMQTTLenString)
    resize_mem                               0x08009bc5   Thumb Code    68  at_mem.o(i.resize_mem)
    run_system                               0x08009c0d   Thumb Code    30  net_config.o(i.run_system)
    slip_send_frame                          0x08009c2b   Thumb Code     4  net_config.o(i.slip_send_frame)
    sntp_get_time                            0x08009c31   Thumb Code   120  at_sntp.o(i.sntp_get_time)
    sntp_init                                0x08009cb5   Thumb Code    26  at_sntp.o(i.sntp_init)
    sntp_run_client                          0x08009d5d   Thumb Code    66  at_sntp.o(i.sntp_run_client)
    str_copy                                 0x08009e17   Thumb Code    18  at_lib.o(i.str_copy)
    str_crc32                                0x08009e29   Thumb Code    26  at_lib.o(i.str_crc32)
    str_pos                                  0x08009e43   Thumb Code    22  at_lib.o(i.str_pos)
    str_scomp                                0x08009e59   Thumb Code    26  at_lib.o(i.str_scomp)
    sys_error                                0x08009e73   Thumb Code    36  net_config.o(i.sys_error)
    sys_get_ms                               0x08009e99   Thumb Code     6  main.o(i.sys_get_ms)
    tcp_abort                                0x08009f19   Thumb Code    76  at_tcp.o(i.tcp_abort)
    tcp_check_send                           0x08009f69   Thumb Code    52  at_tcp.o(i.tcp_check_send)
    tcp_connect                              0x08009fa1   Thumb Code   174  at_tcp.o(i.tcp_connect)
    tcp_get_buf                              0x0800a055   Thumb Code    32  at_tcp.o(i.tcp_get_buf)
    tcp_get_free_port                        0x0800a075   Thumb Code    58  at_tcp.o(i.tcp_get_free_port)
    tcp_get_socket                           0x0800a0b9   Thumb Code    70  at_tcp.o(i.tcp_get_socket)
    tcp_get_state                            0x0800a105   Thumb Code    32  at_tcp.o(i.tcp_get_state)
    tcp_init                                 0x0800a129   Thumb Code    18  at_tcp.o(i.tcp_init)
    tcp_max_dsize                            0x0800a1d9   Thumb Code    30  at_tcp.o(i.tcp_max_dsize)
    tcp_poll_sockets                         0x0800a25d   Thumb Code   630  at_tcp.o(i.tcp_poll_sockets)
    tcp_process                              0x0800a5f9   Thumb Code  1206  at_tcp.o(i.tcp_process)
    tcp_release_socket                       0x0800ab85   Thumb Code    50  at_tcp.o(i.tcp_release_socket)
    tcp_send                                 0x0800abbd   Thumb Code   202  at_tcp.o(i.tcp_send)
    timer_tick                               0x0800af7d   Thumb Code    14  at_system.o(i.timer_tick)
    toUpperCase                              0x0800af91   Thumb Code    38  utilities.o(i.toUpperCase)
    udp_close                                0x0800afb9   Thumb Code    38  at_udp.o(i.udp_close)
    udp_get_buf                              0x0800afe5   Thumb Code    32  at_udp.o(i.udp_get_buf)
    udp_get_socket                           0x0800b005   Thumb Code    62  at_udp.o(i.udp_get_socket)
    udp_init                                 0x0800b049   Thumb Code    18  at_udp.o(i.udp_init)
    udp_open                                 0x0800b061   Thumb Code    96  at_udp.o(i.udp_open)
    udp_process                              0x0800b0f5   Thumb Code   178  at_udp.o(i.udp_process)
    udp_send                                 0x0800b1ad   Thumb Code   280  at_udp.o(i.udp_send)
    usart_baudrate_set                       0x0800b2c9   Thumb Code   136  gd32e10x_usart.o(i.usart_baudrate_set)
    usart_data_receive                       0x0800b359   Thumb Code    10  gd32e10x_usart.o(i.usart_data_receive)
    usart_data_transmit                      0x0800b363   Thumb Code     8  gd32e10x_usart.o(i.usart_data_transmit)
    usart_deinit                             0x0800b36d   Thumb Code   136  gd32e10x_usart.o(i.usart_deinit)
    usart_enable                             0x0800b3fd   Thumb Code    10  gd32e10x_usart.o(i.usart_enable)
    usart_flag_clear                         0x0800b407   Thumb Code    26  gd32e10x_usart.o(i.usart_flag_clear)
    usart_flag_get                           0x0800b421   Thumb Code    30  gd32e10x_usart.o(i.usart_flag_get)
    usart_interrupt_disable                  0x0800b43f   Thumb Code    26  gd32e10x_usart.o(i.usart_interrupt_disable)
    usart_interrupt_enable                   0x0800b459   Thumb Code    26  gd32e10x_usart.o(i.usart_interrupt_enable)
    usart_interrupt_flag_clear               0x0800b473   Thumb Code    26  gd32e10x_usart.o(i.usart_interrupt_flag_clear)
    usart_interrupt_flag_get                 0x0800b48d   Thumb Code    56  gd32e10x_usart.o(i.usart_interrupt_flag_get)
    usart_parity_config                      0x0800b4c5   Thumb Code    16  gd32e10x_usart.o(i.usart_parity_config)
    usart_receive_config                     0x0800b4d5   Thumb Code    16  gd32e10x_usart.o(i.usart_receive_config)
    usart_stop_bit_set                       0x0800b4e5   Thumb Code    16  gd32e10x_usart.o(i.usart_stop_bit_set)
    usart_transmit_config                    0x0800b4f5   Thumb Code    16  gd32e10x_usart.o(i.usart_transmit_config)
    usart_word_length_set                    0x0800b505   Thumb Code    16  gd32e10x_usart.o(i.usart_word_length_set)
    writeCString                             0x0800b515   Thumb Code    40  mqttpacket.o(i.writeCString)
    writeChar                                0x0800b53d   Thumb Code    12  mqttpacket.o(i.writeChar)
    writeInt                                 0x0800b549   Thumb Code    48  mqttpacket.o(i.writeInt)
    writeMQTTString                          0x0800b579   Thumb Code    62  mqttpacket.o(i.writeMQTTString)
    nlocalm                                  0x0800b5b8   Data          60  net_config.o(.constdata)
    sys_config                               0x0800b5f4   Data          16  net_config.o(.constdata)
    ppp_config                               0x0800b604   Data          12  net_config.o(.constdata)
    udp_config                               0x0800b610   Data           8  net_config.o(.constdata)
    tcp_config                               0x0800b618   Data          24  net_config.o(.constdata)
    dns_config                               0x0800b630   Data           8  net_config.o(.constdata)
    sntp_config                              0x0800b638   Data           5  net_config.o(.constdata)
    WelcomeStr                               0x0800b63d   Data          29  initsystem.o(.constdata)
    IP_Broadcast                             0x0800b66a   Data           4  at_ip.o(.constdata)
    __ctype_table                            0x0800b984   Data         129  ctype_o.o(.constdata)
    Region$$Table$$Base                      0x0800ba0c   Number         0  anon$$obj.o(Region$$Table)
    Region$$Table$$Limit                     0x0800ba2c   Number         0  anon$$obj.o(Region$$Table)
    lhost_name                               0x20000000   Data          16  net_config.o(.data)
    TimingDelay                              0x20000018   Data           2  main.o(.data)
    m_sys_tick                               0x2000001c   Data           4  main.o(.data)
    getNTPTimeout                            0x20000020   Data           1  main.o(.data)
    ledToggle                                0x20000021   Data           1  main.o(.data)
    ADC_RegularConvertedValueTab             0x20000028   Data           4  measureinput.o(.data)
    VphotoAvg                                0x2000002e   Data           4  measureinput.o(.data)
    lastPulseState                           0x20000032   Data           1  measureinput.o(.data)
    curPulseState                            0x20000033   Data           1  measureinput.o(.data)
    pulseLengthInMs                          0x20000034   Data           2  measureinput.o(.data)
    measureTimeout                           0x20000036   Data           1  measureinput.o(.data)
    WaitGSMReady                             0x2000003e   Data           1  gsm_datalayer.o(.data)
    GSMNotReady                              0x2000003f   Data           1  gsm_datalayer.o(.data)
    SendATOPeriod                            0x20000040   Data           1  gsm_datalayer.o(.data)
    ModuleNotMounted                         0x20000041   Data           1  gsm_datalayer.o(.data)
    InSleepModeTick                          0x20000042   Data           1  gsm_datalayer.o(.data)
    TimeoutToSleep                           0x20000043   Data           1  gsm_datalayer.o(.data)
    GetSignalLevelTimeOut                    0x20000044   Data           2  gsm_datalayer.o(.data)
    SendATInATModeIdle                       0x20000046   Data           1  gsm_datalayer.o(.data)
    LastRIState                              0x2000004b   Data           1  gsm_datalayer.o(.data)
    CallCounter                              0x2000004c   Data           1  gsm_datalayer.o(.data)
    TrangThaiDen                             0x20000056   Data           1  mqtt_clientmessage.o(.data)
    pub_dup                                  0x2000005a   Data           1  mqtt_clientmessage.o(.data)
    pub_retained                             0x2000005b   Data           1  mqtt_clientmessage.o(.data)
    MqttClientInfo                           0x20000064   Data          88  mqtt_hardwarelayer.o(.data)
    DNSResolved                              0x200000bc   Data           1  mqtt_hardwarelayer.o(.data)
    pubPackageId                             0x200000c4   Data           2  mqtt_hardwarelayer.o(.data)
    subPayload                               0x200000c8   Data           4  mqtt_hardwarelayer.o(.data)
    isSubscribed                             0x200000cc   Data           1  mqtt_hardwarelayer.o(.data)
    SystemCoreClock                          0x200000d8   Data           4  system_gd32e10x.o(.data)
    xSystem                                  0x200013f4   Data        2968  initsystem.o(.bss)
    SensorUartBuffer                         0x20001f8c   Data         257  measureinput.o(.bss)
    debugBuffer                              0x2000208d   Data          52  debug.o(.bss)
    tmpRTTBuff                               0x200020c1   Data          20  debug.o(.bss)
    GSM_Hardware                             0x20002128   Data        3292  gsm_hardwarelayer.o(.bss)
    GSM_Manager                              0x20002e04   Data          18  gsm_hardwarelayer.o(.bss)
    mqttBuffer                               0x20003018   Data        1028  mqtt_clientmessage.o(.bss)
    PubTopicString                           0x2000341c   Data          12  mqtt_clientmessage.o(.bss)
    SubTopicString                           0x20003428   Data          12  mqtt_hardwarelayer.o(.bss)
    RecvSubTopic                             0x20003434   Data          12  mqtt_hardwarelayer.o(.bss)
    mqttTcpRecvBuff                          0x20003540   Data         516  mqtt_hardwarelayer.o(.bss)
    mqttClientIdBuff                         0x20003744   Data          35  mqtt_hardwarelayer.o(.bss)
    _SEGGER_RTT                              0x20003768   Data         168  segger_rtt.o(.bss)
    ppp_control                              0x20003a60   Data          28  at_ppp.o(.bss)
    localm                                   0x20003a7c   Data          60  at_system.o(.bss)
    sys_control                              0x20003ab8   Data          16  at_system.o(.bss)
    __initial_sp                             0x20003f18   Data           0  startup_gd32e10x.o(STACK)



==============================================================================

Memory Map of the image

  Image Entry point : 0x08000151

  Load Region LR_IROM1 (Base: 0x08000000, Size: 0x0000bb24, Max: 0x00020000, ABSOLUTE)

    Execution Region ER_IROM1 (Exec base: 0x08000000, Load base: 0x08000000, Size: 0x0000ba2c, Max: 0x00020000, ABSOLUTE)

    Exec Addr    Load Addr    Size         Type   Attr      Idx    E Section Name        Object

    0x08000000   0x08000000   0x00000150   Data   RO         6185    RESET               startup_gd32e10x.o
    0x08000150   0x08000150   0x00000000   Code   RO         6612  * .ARM.Collect$$$$00000000  mc_w.l(entry.o)
    0x08000150   0x08000150   0x00000004   Code   RO         6898    .ARM.Collect$$$$00000001  mc_w.l(entry2.o)
    0x08000154   0x08000154   0x00000004   Code   RO         6901    .ARM.Collect$$$$00000004  mc_w.l(entry5.o)
    0x08000158   0x08000158   0x00000000   Code   RO         6903    .ARM.Collect$$$$00000008  mc_w.l(entry7b.o)
    0x08000158   0x08000158   0x00000000   Code   RO         6905    .ARM.Collect$$$$0000000A  mc_w.l(entry8b.o)
    0x08000158   0x08000158   0x00000008   Code   RO         6906    .ARM.Collect$$$$0000000B  mc_w.l(entry9a.o)
    0x08000160   0x08000160   0x00000000   Code   RO         6908    .ARM.Collect$$$$0000000D  mc_w.l(entry10a.o)
    0x08000160   0x08000160   0x00000000   Code   RO         6910    .ARM.Collect$$$$0000000F  mc_w.l(entry11a.o)
    0x08000160   0x08000160   0x00000004   Code   RO         6899    .ARM.Collect$$$$00002712  mc_w.l(entry2.o)
    0x08000164   0x08000164   0x00000024   Code   RO         6186    .text               startup_gd32e10x.o
    0x08000188   0x08000188   0x00000024   Code   RO         6615    .text               mc_w.l(memcpya.o)
    0x080001ac   0x080001ac   0x00000024   Code   RO         6617    .text               mc_w.l(memseta.o)
    0x080001d0   0x080001d0   0x00000018   Code   RO         6619    .text               mc_w.l(strcat.o)
    0x080001e8   0x080001e8   0x00000024   Code   RO         6621    .text               mc_w.l(strstr.o)
    0x0800020c   0x0800020c   0x0000000e   Code   RO         6623    .text               mc_w.l(strlen.o)
    0x0800021a   0x0800021a   0x00000012   Code   RO         6627    .text               mc_w.l(strcpy.o)
    0x0800022c   0x0800022c   0x0000001a   Code   RO         6894    .text               mc_w.l(atoi.o)
    0x08000246   0x08000246   0x00000026   Code   RO         6896    .text               mf_w.l(f2d.o)
    0x0800026c   0x0800026c   0x0000002c   Code   RO         6915    .text               mc_w.l(uidiv.o)
    0x08000298   0x08000298   0x00000062   Code   RO         6917    .text               mc_w.l(uldiv.o)
    0x080002fa   0x080002fa   0x00000070   Code   RO         6926    .text               mc_w.l(strtol.o)
    0x0800036a   0x0800036a   0x00000000   Code   RO         6928    .text               mc_w.l(iusefp.o)
    0x0800036a   0x0800036a   0x0000014e   Code   RO         6929    .text               mf_w.l(dadd.o)
    0x080004b8   0x080004b8   0x000000e4   Code   RO         6931    .text               mf_w.l(dmul.o)
    0x0800059c   0x0800059c   0x000000de   Code   RO         6933    .text               mf_w.l(ddiv.o)
    0x0800067a   0x0800067a   0x00000030   Code   RO         6935    .text               mf_w.l(dfixul.o)
    0x080006aa   0x080006aa   0x00000002   PAD
    0x080006ac   0x080006ac   0x00000030   Code   RO         6937    .text               mf_w.l(cdrcmple.o)
    0x080006dc   0x080006dc   0x00000024   Code   RO         6939    .text               mc_w.l(init.o)
    0x08000700   0x08000700   0x0000001e   Code   RO         6942    .text               mc_w.l(llshl.o)
    0x0800071e   0x0800071e   0x00000020   Code   RO         6944    .text               mc_w.l(llushr.o)
    0x0800073e   0x0800073e   0x00000024   Code   RO         6946    .text               mc_w.l(llsshr.o)
    0x08000762   0x08000762   0x00000002   PAD
    0x08000764   0x08000764   0x00000008   Code   RO         6948    .text               mc_w.l(ctype_o.o)
    0x0800076c   0x0800076c   0x0000009e   Code   RO         6976    .text               mc_w.l(_strtoul.o)
    0x0800080a   0x0800080a   0x000000ba   Code   RO         6979    .text               mf_w.l(depilogue.o)
    0x080008c4   0x080008c4   0x0000001c   Code   RO         6981    .text               mc_w.l(_chval.o)
    0x080008e0   0x080008e0   0x00000118   Code   RO          274    i.ADC_Config        initsystem.o
    0x080009f8   0x080009f8   0x00000004   Code   RO          520    i.BusFault_Handler  gd32e10x_it.o
    0x080009fc   0x080009fc   0x00000178   Code   RO         1240    i.ChangeGSMState    gsm_datalayer.o
    0x08000b74   0x08000b74   0x0000004c   Code   RO         1241    i.CheckGSMIdle      gsm_datalayer.o
    0x08000bc0   0x08000bc0   0x0000005c   Code   RO         1583    i.CheckMQTTGPRSBufferState  mqtt_clientmessage.o
    0x08000c1c   0x08000c1c   0x00000064   Code   RO          785    i.CopyParameter     utilities.o
    0x08000c80   0x08000c80   0x0000003c   Code   RO          608    i.DAC_Config        controloutput.o
    0x08000cbc   0x08000cbc   0x00000002   Code   RO          521    i.DebugMon_Handler  gd32e10x_it.o
    0x08000cbe   0x08000cbe   0x00000002   PAD
    0x08000cc0   0x08000cc0   0x0000008c   Code   RO          741    i.Debug_Tick        debug.o
    0x08000d4c   0x08000d4c   0x00000018   Code   RO          418    i.Delay_Decrement   main.o
    0x08000d64   0x08000d64   0x0000002c   Code   RO          419    i.Delayms           main.o
    0x08000d90   0x08000d90   0x000000c4   Code   RO           81    i.DetectResetReason  hardwaremanager.o
    0x08000e54   0x08000e54   0x000000ec   Code   RO          275    i.DrawScreen        initsystem.o
    0x08000f40   0x08000f40   0x00000016   Code   RO          522    i.EXTI10_15_IRQHandler  gd32e10x_it.o
    0x08000f56   0x08000f56   0x00000032   Code   RO          786    i.FindIndexOfChar   utilities.o
    0x08000f88   0x08000f88   0x000000d8   Code   RO         1242    i.GSM_ExitSleepMode  gsm_datalayer.o
    0x08001060   0x08001060   0x000000fc   Code   RO         1243    i.GSM_GetBTSInfor   gsm_datalayer.o
    0x0800115c   0x0800115c   0x0000006c   Code   RO         1534    i.GSM_GetIMEI       gsm_utilities.o
    0x080011c8   0x080011c8   0x00000002   Code   RO         1535    i.GSM_GetNetworkOperator  gsm_utilities.o
    0x080011ca   0x080011ca   0x00000002   PAD
    0x080011cc   0x080011cc   0x00000074   Code   RO         1536    i.GSM_GetNetworkStatus  gsm_utilities.o
    0x08001240   0x08001240   0x00000038   Code   RO         1537    i.GSM_GetSignalStrength  gsm_utilities.o
    0x08001278   0x08001278   0x0000000a   Code   RO         1244    i.GSM_GotoSleep     gsm_datalayer.o
    0x08001282   0x08001282   0x00000002   PAD
    0x08001284   0x08001284   0x000000d8   Code   RO         1245    i.GSM_GotoSleepMode  gsm_datalayer.o
    0x0800135c   0x0800135c   0x00000090   Code   RO         1246    i.GSM_HardReset     gsm_datalayer.o
    0x080013ec   0x080013ec   0x00000018   Code   RO         1247    i.GSM_InitDataLayer  gsm_datalayer.o
    0x08001404   0x08001404   0x000000e0   Code   RO         1389    i.GSM_InitHardware  gsm_hardwarelayer.o
    0x080014e4   0x080014e4   0x000002f8   Code   RO         1248    i.GSM_ManagerTick   gsm_datalayer.o
    0x080017dc   0x080017dc   0x00000002   Code   RO         1249    i.GSM_ReadSMS       gsm_datalayer.o
    0x080017de   0x080017de   0x00000002   PAD
    0x080017e0   0x080017e0   0x000000e4   Code   RO         1250    i.GSM_SendATCommand  gsm_datalayer.o
    0x080018c4   0x080018c4   0x00000002   Code   RO         1251    i.GSM_SendSMS       gsm_datalayer.o
    0x080018c6   0x080018c6   0x0000003e   Code   RO          787    i.GetNumberFromString  utilities.o
    0x08001904   0x08001904   0x000000ac   Code   RO         1584    i.GuiBanTinDinhKiTick  mqtt_clientmessage.o
    0x080019b0   0x080019b0   0x00000024   Code   RO          523    i.HardFault_Handler  gd32e10x_it.o
    0x080019d4   0x080019d4   0x000000bc   Code   RO           82    i.Hardware_XoaCoLoi  hardwaremanager.o
    0x08001a90   0x08001a90   0x00000034   Code   RO          276    i.InitIO            initsystem.o
    0x08001ac4   0x08001ac4   0x00000048   Code   RO          277    i.InitSystem        initsystem.o
    0x08001b0c   0x08001b0c   0x00000002   Code   RO          278    i.InitVariable      initsystem.o
    0x08001b0e   0x08001b0e   0x00000010   Code   RO         1144    i.InternalFlash_Init  internalflash.o
    0x08001b1e   0x08001b1e   0x00000002   PAD
    0x08001b20   0x08001b20   0x00000274   Code   RO         1147    i.InternalFlash_ReadConfig  internalflash.o
    0x08001d94   0x08001d94   0x00000198   Code   RO         1149    i.InternalFlash_WriteConfig  internalflash.o
    0x08001f2c   0x08001f2c   0x00000076   Code   RO         1789    i.MQTTDeserialize_connack  mqttconnectclient.o
    0x08001fa2   0x08001fa2   0x000000ae   Code   RO         1872    i.MQTTDeserialize_publish  mqttdeserializepublish.o
    0x08002050   0x08002050   0x00000092   Code   RO         2119    i.MQTTDeserialize_suback  mqttsubscribeclient.o
    0x080020e2   0x080020e2   0x00000058   Code   RO         1953    i.MQTTPacket_decode  mqttpacket.o
    0x0800213a   0x0800213a   0x00000002   PAD
    0x0800213c   0x0800213c   0x0000001c   Code   RO         1954    i.MQTTPacket_decodeBuf  mqttpacket.o
    0x08002158   0x08002158   0x00000036   Code   RO         1956    i.MQTTPacket_encode  mqttpacket.o
    0x0800218e   0x0800218e   0x00000002   PAD
    0x08002190   0x08002190   0x00000028   Code   RO         1958    i.MQTTPacket_len    mqttpacket.o
    0x080021b8   0x080021b8   0x00000066   Code   RO         1959    i.MQTTPacket_read   mqttpacket.o
    0x0800221e   0x0800221e   0x00000002   PAD
    0x08002220   0x08002220   0x00000168   Code   RO         1790    i.MQTTSerialize_connect  mqttconnectclient.o
    0x08002388   0x08002388   0x00000076   Code   RO         1791    i.MQTTSerialize_connectLength  mqttconnectclient.o
    0x080023fe   0x080023fe   0x00000012   Code   RO         1793    i.MQTTSerialize_pingreq  mqttconnectclient.o
    0x08002410   0x08002410   0x000000b0   Code   RO         2080    i.MQTTSerialize_publish  mqttserializepublish.o
    0x080024c0   0x080024c0   0x00000022   Code   RO         2081    i.MQTTSerialize_publishLength  mqttserializepublish.o
    0x080024e2   0x080024e2   0x000000b0   Code   RO         2120    i.MQTTSerialize_subscribe  mqttsubscribeclient.o
    0x08002592   0x08002592   0x0000002e   Code   RO         2121    i.MQTTSerialize_subscribeLength  mqttsubscribeclient.o
    0x080025c0   0x080025c0   0x0000004c   Code   RO         1794    i.MQTTSerialize_zero  mqttconnectclient.o
    0x0800260c   0x0800260c   0x00000020   Code   RO         1586    i.MQTT_ClientMessageTick  mqtt_clientmessage.o
    0x0800262c   0x0800262c   0x00000080   Code   RO         1665    i.MQTT_Init         mqtt_hardwarelayer.o
    0x080026ac   0x080026ac   0x00000068   Code   RO         1587    i.MQTT_InitBufferQueue  mqtt_clientmessage.o
    0x08002714   0x08002714   0x0000035c   Code   RO         1666    i.MQTT_ProcThread   mqtt_hardwarelayer.o
    0x08002a70   0x08002a70   0x00000064   Code   RO         1749    i.MQTT_ProcessDataFromServer  mqtt_servermessage.o
    0x08002ad4   0x08002ad4   0x00000374   Code   RO         1588    i.MQTT_PublishDataMsg  mqtt_clientmessage.o
    0x08002e48   0x08002e48   0x00000018   Code   RO         1667    i.MQTT_ReconnectTcp  mqtt_hardwarelayer.o
    0x08002e60   0x08002e60   0x00000006   Code   RO         1590    i.MQTT_SendBufferToServer  mqtt_clientmessage.o
    0x08002e66   0x08002e66   0x00000002   PAD
    0x08002e68   0x08002e68   0x00000074   Code   RO         1668    i.MQTT_SendPINGReq  mqtt_hardwarelayer.o
    0x08002edc   0x08002edc   0x000000a8   Code   RO         1669    i.MQTT_SubscribeNewTopic  mqtt_hardwarelayer.o
    0x08002f84   0x08002f84   0x000000dc   Code   RO         1670    i.MQTT_TCPSend      mqtt_hardwarelayer.o
    0x08003060   0x08003060   0x000005c4   Code   RO         1671    i.MQTT_Tick         mqtt_hardwarelayer.o
    0x08003624   0x08003624   0x00000018   Code   RO         1961    i.MQTTstrlen        mqttpacket.o
    0x0800363c   0x0800363c   0x00000068   Code   RO          650    i.MeasureInputTick  measureinput.o
    0x080036a4   0x080036a4   0x00000070   Code   RO          651    i.Measure_Init      measureinput.o
    0x08003714   0x08003714   0x000000d0   Code   RO          652    i.Measure_PulseTick  measureinput.o
    0x080037e4   0x080037e4   0x000001c0   Code   RO          653    i.Measure_Tick      measureinput.o
    0x080039a4   0x080039a4   0x00000004   Code   RO          524    i.MemManage_Handler  gd32e10x_it.o
    0x080039a8   0x080039a8   0x00000002   Code   RO          525    i.NMI_Handler       gd32e10x_it.o
    0x080039aa   0x080039aa   0x00000002   PAD
    0x080039ac   0x080039ac   0x0000018c   Code   RO         1253    i.OpenPPPStack      gsm_datalayer.o
    0x08003b38   0x08003b38   0x00000018   Code   RO          609    i.Output_Init       controloutput.o
    0x08003b50   0x08003b50   0x0000005c   Code   RO          610    i.Output_Tick       controloutput.o
    0x08003bac   0x08003bac   0x00000002   Code   RO          526    i.PendSV_Handler    gd32e10x_it.o
    0x08003bae   0x08003bae   0x00000002   PAD
    0x08003bb0   0x08003bb0   0x000007d4   Code   RO         1254    i.PowerOnModuleGSM  gsm_datalayer.o
    0x08004384   0x08004384   0x00000048   Code   RO         1672    i.ProcessMqttTCPPackage  mqtt_hardwarelayer.o
    0x080043cc   0x080043cc   0x000000e8   Code   RO          742    i.ProcessNewDebugData  debug.o
    0x080044b4   0x080044b4   0x00000002   Code   RO          654    i.ProcessNewSensorUartData  measureinput.o
    0x080044b6   0x080044b6   0x00000002   PAD
    0x080044b8   0x080044b8   0x000002c8   Code   RO         1750    i.ProcessSetParameters  mqtt_servermessage.o
    0x08004780   0x08004780   0x000000b4   Code   RO          420    i.ProcessTimeOut3000ms  main.o
    0x08004834   0x08004834   0x00000048   Code   RO          421    i.ProcessTimeout1000ms  main.o
    0x0800487c   0x0800487c   0x0000000c   Code   RO          422    i.ProcessTimeout100ms  main.o
    0x08004888   0x08004888   0x00000010   Code   RO          423    i.ProcessTimeout10ms  main.o
    0x08004898   0x08004898   0x000000a4   Code   RO          280    i.RCC_Config        initsystem.o
    0x0800493c   0x0800493c   0x00000008   Code   RO           83    i.ResetWatchdog     hardwaremanager.o
    0x08004944   0x08004944   0x00000038   Code   RO         2229    i.SEGGER_RTT_Read   segger_rtt.o
    0x0800497c   0x0800497c   0x000000a8   Code   RO         2230    i.SEGGER_RTT_ReadNoLock  segger_rtt.o
    0x08004a24   0x08004a24   0x00000048   Code   RO         2240    i.SEGGER_RTT_Write  segger_rtt.o
    0x08004a6c   0x08004a6c   0x00000084   Code   RO         2243    i.SEGGER_RTT_WriteNoLock  segger_rtt.o
    0x08004af0   0x08004af0   0x00000022   Code   RO         2445    i.SEGGER_RTT_printf  segger_rtt_printf.o
    0x08004b12   0x08004b12   0x0000020a   Code   RO         2446    i.SEGGER_RTT_vprintf  segger_rtt_printf.o
    0x08004d1c   0x08004d1c   0x00000002   Code   RO          527    i.SVC_Handler       gd32e10x_it.o
    0x08004d1e   0x08004d1e   0x00000002   PAD
    0x08004d20   0x08004d20   0x00000088   Code   RO         1391    i.SendATCommand     gsm_hardwarelayer.o
    0x08004da8   0x08004da8   0x00000040   Code   RO          655    i.Sensor_AddUartData  measureinput.o
    0x08004de8   0x08004de8   0x0000000c   Code   RO          528    i.SysTick_Handler   gd32e10x_it.o
    0x08004df4   0x08004df4   0x00000058   Code   RO         2487    i.SystemInit        system_gd32e10x.o
    0x08004e4c   0x08004e4c   0x00000058   Code   RO          424    i.SystemManagementTask  main.o
    0x08004ea4   0x08004ea4   0x00000054   Code   RO           84    i.SystemReset       hardwaremanager.o
    0x08004ef8   0x08004ef8   0x0000004c   Code   RO         1258    i.ThucHienLenhAT    gsm_datalayer.o
    0x08004f44   0x08004f44   0x000000d8   Code   RO         1071    i.UART_Init         driveruart.o
    0x0800501c   0x0800501c   0x000000c4   Code   RO         1392    i.USART0_IRQHandler  gsm_hardwarelayer.o
    0x080050e0   0x080050e0   0x0000002c   Code   RO          656    i.USART2_IRQHandler  measureinput.o
    0x0800510c   0x0800510c   0x00000004   Code   RO          529    i.UsageFault_Handler  gd32e10x_it.o
    0x08005110   0x08005110   0x00000008   Code   RO           85    i.WatchDogInit      hardwaremanager.o
    0x08005118   0x08005118   0x00000070   Code   RO         2247    i._DoInit           segger_rtt.o
    0x08005188   0x08005188   0x0000001c   Code   RO         2248    i._GetAvailWriteSpace  segger_rtt.o
    0x080051a4   0x080051a4   0x000000ec   Code   RO         2447    i._PrintInt         segger_rtt_printf.o
    0x08005290   0x08005290   0x000000ec   Code   RO         2448    i._PrintUnsigned    segger_rtt_printf.o
    0x0800537c   0x0800537c   0x00000044   Code   RO         2449    i._StoreChar        segger_rtt_printf.o
    0x080053c0   0x080053c0   0x00000076   Code   RO         2250    i._WriteBlocking    segger_rtt.o
    0x08005436   0x08005436   0x00000058   Code   RO         2251    i._WriteNoCheck     segger_rtt.o
    0x0800548e   0x0800548e   0x00000002   PAD
    0x08005490   0x08005490   0x00000028   Code   RO         6868    i.__0sprintf        mc_w.l(printfa.o)
    0x080054b8   0x080054b8   0x0000002c   Code   RO         6871    i.__0vsnprintf      mc_w.l(printfa.o)
    0x080054e4   0x080054e4   0x00000024   Code   RO         1393    i.__NVIC_DisableIRQ  gsm_hardwarelayer.o
    0x08005508   0x08005508   0x00000022   Code   RO         1394    i.__NVIC_EnableIRQ  gsm_hardwarelayer.o
    0x0800552a   0x0800552a   0x00000002   PAD
    0x0800552c   0x0800552c   0x00000028   Code   RO          281    i.__NVIC_SetPriority  initsystem.o
    0x08005554   0x08005554   0x00000008   Code   RO         6919    i.__aeabi_errno_addr  mc_w.l(errno.o)
    0x0800555c   0x0800555c   0x0000000e   Code   RO         6984    i.__scatterload_copy  mc_w.l(handlers.o)
    0x0800556a   0x0800556a   0x00000002   Code   RO         6985    i.__scatterload_null  mc_w.l(handlers.o)
    0x0800556c   0x0800556c   0x0000000e   Code   RO         6986    i.__scatterload_zeroinit  mc_w.l(handlers.o)
    0x0800557a   0x0800557a   0x00000002   PAD
    0x0800557c   0x0800557c   0x00000184   Code   RO         6873    i._fp_digits        mc_w.l(printfa.o)
    0x08005700   0x08005700   0x000006dc   Code   RO         6874    i._printf_core      mc_w.l(printfa.o)
    0x08005ddc   0x08005ddc   0x00000024   Code   RO         6875    i._printf_post_padding  mc_w.l(printfa.o)
    0x08005e00   0x08005e00   0x0000002e   Code   RO         6876    i._printf_pre_padding  mc_w.l(printfa.o)
    0x08005e2e   0x08005e2e   0x00000016   Code   RO         6877    i._snputc           mc_w.l(printfa.o)
    0x08005e44   0x08005e44   0x0000000a   Code   RO         6878    i._sputc            mc_w.l(printfa.o)
    0x08005e4e   0x08005e4e   0x0000002a   Code   RO         2532    i.adc_calibration_enable  gd32e10x_adc.o
    0x08005e78   0x08005e78   0x00000046   Code   RO         2533    i.adc_channel_length_config  gd32e10x_adc.o
    0x08005ebe   0x08005ebe   0x00000016   Code   RO         2534    i.adc_data_alignment_config  gd32e10x_adc.o
    0x08005ed4   0x08005ed4   0x00000040   Code   RO         2535    i.adc_deinit        gd32e10x_adc.o
    0x08005f14   0x08005f14   0x0000000a   Code   RO         2539    i.adc_dma_mode_enable  gd32e10x_adc.o
    0x08005f1e   0x08005f1e   0x00000012   Code   RO         2540    i.adc_enable        gd32e10x_adc.o
    0x08005f30   0x08005f30   0x0000003e   Code   RO         2541    i.adc_external_trigger_config  gd32e10x_adc.o
    0x08005f6e   0x08005f6e   0x00000030   Code   RO         2542    i.adc_external_trigger_source_config  gd32e10x_adc.o
    0x08005f9e   0x08005f9e   0x00000002   PAD
    0x08005fa0   0x08005fa0   0x0000001c   Code   RO         2553    i.adc_mode_config   gd32e10x_adc.o
    0x08005fbc   0x08005fbc   0x000000ac   Code   RO         2557    i.adc_regular_channel_config  gd32e10x_adc.o
    0x08006068   0x08006068   0x0000001e   Code   RO         2561    i.adc_software_trigger_enable  gd32e10x_adc.o
    0x08006086   0x08006086   0x0000005a   Code   RO         2562    i.adc_special_function_config  gd32e10x_adc.o
    0x080060e0   0x080060e0   0x000000b8   Code   RO         6568    i.alloc_mem         TCP_CM3.lib(at_mem.o)
    0x08006198   0x08006198   0x00000018   Code   RO          942    i.app_bkup_init     app_bkup.o
    0x080061b0   0x080061b0   0x0000004c   Code   RO          944    i.app_bkup_read_pulse_counter  app_bkup.o
    0x080061fc   0x080061fc   0x00000026   Code   RO          946    i.app_bkup_write_pulse_counter  app_bkup.o
    0x08006222   0x08006222   0x00000008   Code   RO          990    i.app_wdt_feed      app_wdt.o
    0x0800622a   0x0800622a   0x00000020   Code   RO          991    i.app_wdt_start     app_wdt.o
    0x0800624a   0x0800624a   0x00000002   PAD
    0x0800624c   0x0800624c   0x0000001c   Code   RO         6569    i.avail_mem         TCP_CM3.lib(at_mem.o)
    0x08006268   0x08006268   0x00000038   Code   RO         2778    i.bkp_data_read     gd32e10x_bkp.o
    0x080062a0   0x080062a0   0x00000034   Code   RO         2779    i.bkp_data_write    gd32e10x_bkp.o
    0x080062d4   0x080062d4   0x00000028   Code   RO         1962    i.bufchar           mqttpacket.o
    0x080062fc   0x080062fc   0x00000012   Code   RO         6415    i.calc_chksum16be   TCP_CM3.lib(at_lib.o)
    0x0800630e   0x0800630e   0x00000002   PAD
    0x08006310   0x08006310   0x000000a0   Code   RO         6530    i.chap_auth_rq      TCP_CM3.lib(at_ppp_chap.o)
    0x080063b0   0x080063b0   0x0000000c   Code   RO         6531    i.chap_init         TCP_CM3.lib(at_ppp_chap.o)
    0x080063bc   0x080063bc   0x0000018c   Code   RO         6532    i.chap_process      TCP_CM3.lib(at_ppp_chap.o)
    0x08006548   0x08006548   0x00000058   Code   RO         6533    i.chap_run          TCP_CM3.lib(at_ppp_chap.o)
    0x080065a0   0x080065a0   0x00000016   Code   RO         6534    i.chap_send         TCP_CM3.lib(at_ppp_chap.o)
    0x080065b6   0x080065b6   0x00000002   PAD
    0x080065b8   0x080065b8   0x00000028   Code   RO         6416    i.chksum16_buf      TCP_CM3.lib(at_lib.o)
    0x080065e0   0x080065e0   0x0000000a   Code   RO         6417    i.chksum16_val      TCP_CM3.lib(at_lib.o)
    0x080065ea   0x080065ea   0x00000002   PAD
    0x080065ec   0x080065ec   0x00000030   Code   RO         1395    i.com_getchar       gsm_hardwarelayer.o
    0x0800661c   0x0800661c   0x00000070   Code   RO         1396    i.com_put_at_character  gsm_hardwarelayer.o
    0x0800668c   0x0800668c   0x00000018   Code   RO         1397    i.com_put_at_string  gsm_hardwarelayer.o
    0x080066a4   0x080066a4   0x00000080   Code   RO         1398    i.com_putchar       gsm_hardwarelayer.o
    0x08006724   0x08006724   0x0000000c   Code   RO         1399    i.com_tx_active     gsm_hardwarelayer.o
    0x08006730   0x08006730   0x00000058   Code   RO         3351    i.dac_data_set      gd32e10x_dac.o
    0x08006788   0x08006788   0x00000014   Code   RO         3352    i.dac_deinit        gd32e10x_dac.o
    0x0800679c   0x0800679c   0x00000024   Code   RO         3356    i.dac_enable        gd32e10x_dac.o
    0x080067c0   0x080067c0   0x00000024   Code   RO         3359    i.dac_output_buffer_enable  gd32e10x_dac.o
    0x080067e4   0x080067e4   0x00000024   Code   RO         3364    i.dac_trigger_disable  gd32e10x_dac.o
    0x08006808   0x08006808   0x00000034   Code   RO         3368    i.dac_wave_mode_config  gd32e10x_dac.o
    0x0800683c   0x0800683c   0x0000006c   Code   RO           86    i.debug_printf      hardwaremanager.o
    0x080068a8   0x080068a8   0x0000006c   Code   RO          743    i.debug_printf      debug.o
    0x08006914   0x08006914   0x00000048   Code   RO          282    i.debug_raw         initsystem.o
    0x0800695c   0x0800695c   0x00000032   Code   RO         3579    i.dma_channel_enable  gd32e10x_dma.o
    0x0800698e   0x0800698e   0x00000032   Code   RO         3581    i.dma_circulation_enable  gd32e10x_dma.o
    0x080069c0   0x080069c0   0x00000070   Code   RO         3582    i.dma_deinit        gd32e10x_dma.o
    0x08006a30   0x08006a30   0x0000012e   Code   RO         3585    i.dma_init          gd32e10x_dma.o
    0x08006b5e   0x08006b5e   0x00000002   PAD
    0x08006b60   0x08006b60   0x00000018   Code   RO         3597    i.dma_periph_and_channel_check  gd32e10x_dma.o
    0x08006b78   0x08006b78   0x00000044   Code   RO         6334    i.dns_init          TCP_CM3.lib(at_dns.o)
    0x08006bbc   0x08006bbc   0x000001bc   Code   RO         6335    i.dns_listener      TCP_CM3.lib(at_dns.o)
    0x08006d78   0x08006d78   0x000000a8   Code   RO         6336    i.dns_run_client    TCP_CM3.lib(at_dns.o)
    0x08006e20   0x08006e20   0x00000070   Code   RO         6337    i.dns_send_message  TCP_CM3.lib(at_dns.o)
    0x08006e90   0x08006e90   0x00000030   Code   RO         6338    i.dns_stop          TCP_CM3.lib(at_dns.o)
    0x08006ec0   0x08006ec0   0x00000004   Code   RO            1    i.eth_chk_adr       net_config.o
    0x08006ec4   0x08006ec4   0x00000004   Code   RO            3    i.eth_send_frame    net_config.o
    0x08006ec8   0x08006ec8   0x0000000c   Code   RO         3825    i.exti_interrupt_flag_clear  gd32e10x_exti.o
    0x08006ed4   0x08006ed4   0x00000024   Code   RO         3826    i.exti_interrupt_flag_get  gd32e10x_exti.o
    0x08006ef8   0x08006ef8   0x00000020   Code   RO         3911    i.fmc_flag_clear    gd32e10x_fmc.o
    0x08006f18   0x08006f18   0x00000014   Code   RO         3921    i.fmc_lock          gd32e10x_fmc.o
    0x08006f2c   0x08006f2c   0x00000048   Code   RO         3923    i.fmc_page_erase    gd32e10x_fmc.o
    0x08006f74   0x08006f74   0x00000022   Code   RO         3927    i.fmc_ready_wait    gd32e10x_fmc.o
    0x08006f96   0x08006f96   0x00000002   PAD
    0x08006f98   0x08006f98   0x00000040   Code   RO         3928    i.fmc_state_get     gd32e10x_fmc.o
    0x08006fd8   0x08006fd8   0x00000024   Code   RO         3929    i.fmc_unlock        gd32e10x_fmc.o
    0x08006ffc   0x08006ffc   0x00000040   Code   RO         3930    i.fmc_word_program  gd32e10x_fmc.o
    0x0800703c   0x0800703c   0x00000084   Code   RO         6570    i.free_mem          TCP_CM3.lib(at_mem.o)
    0x080070c0   0x080070c0   0x00000068   Code   RO         4139    i.fwdgt_config      gd32e10x_fwdgt.o
    0x08007128   0x08007128   0x00000010   Code   RO         4140    i.fwdgt_counter_reload  gd32e10x_fwdgt.o
    0x08007138   0x08007138   0x00000010   Code   RO         4141    i.fwdgt_enable      gd32e10x_fwdgt.o
    0x08007148   0x08007148   0x00000050   Code   RO          425    i.getTimeNTP        main.o
    0x08007198   0x08007198   0x00000024   Code   RO         6419    i.get_crc32         TCP_CM3.lib(at_lib.o)
    0x080071bc   0x080071bc   0x00000040   Code   RO         6339    i.get_dns_ip        TCP_CM3.lib(at_dns.o)
    0x080071fc   0x080071fc   0x00000178   Code   RO         6340    i.get_host_by_name  TCP_CM3.lib(at_dns.o)
    0x08007374   0x08007374   0x0000003c   Code   RO         6341    i.get_locm          TCP_CM3.lib(at_dns.o)
    0x080073b0   0x080073b0   0x0000001c   Code   RO         6469    i.get_rnd32         TCP_CM3.lib(at_system.o)
    0x080073cc   0x080073cc   0x00000064   Code   RO         1673    i.getdata           mqtt_hardwarelayer.o
    0x08007430   0x08007430   0x00000004   Code   RO         4194    i.gpio_bit_reset    gd32e10x_gpio.o
    0x08007434   0x08007434   0x00000004   Code   RO         4195    i.gpio_bit_set      gd32e10x_gpio.o
    0x08007438   0x08007438   0x0000000a   Code   RO         4196    i.gpio_bit_write    gd32e10x_gpio.o
    0x08007442   0x08007442   0x000000bc   Code   RO         4204    i.gpio_init         gd32e10x_gpio.o
    0x080074fe   0x080074fe   0x00000010   Code   RO         4205    i.gpio_input_bit_get  gd32e10x_gpio.o
    0x0800750e   0x0800750e   0x00000002   PAD
    0x08007510   0x08007510   0x00000090   Code   RO         4210    i.gpio_pin_remap_config  gd32e10x_gpio.o
    0x080075a0   0x080075a0   0x00000002   Code   RO         1259    i.gsmWakeUpPeriodically  gsm_datalayer.o
    0x080075a2   0x080075a2   0x00000002   PAD
    0x080075a4   0x080075a4   0x00000010   Code   RO         6212    i.icmp_init         TCP_CM3.lib(at_icmp.o)
    0x080075b4   0x080075b4   0x000000cc   Code   RO         6214    i.icmp_process      TCP_CM3.lib(at_icmp.o)
    0x08007680   0x08007680   0x00000048   Code   RO         6215    i.icmp_run_engine   TCP_CM3.lib(at_icmp.o)
    0x080076c8   0x080076c8   0x00000070   Code   RO         6216    i.icmp_send_message  TCP_CM3.lib(at_icmp.o)
    0x08007738   0x08007738   0x00000004   Code   RO            4    i.igmp_is_member    net_config.o
    0x0800773c   0x0800773c   0x00000030   Code   RO         6470    i.init_TcpNet       TCP_CM3.lib(at_system.o)
    0x0800776c   0x0800776c   0x00000060   Code   RO         6572    i.init_mem          TCP_CM3.lib(at_mem.o)
    0x080077cc   0x080077cc   0x00000028   Code   RO         1400    i.init_serial       gsm_hardwarelayer.o
    0x080077f4   0x080077f4   0x00000022   Code   RO            6    i.init_system       net_config.o
    0x08007816   0x08007816   0x00000002   Code   RO         6602    i.int_disable_eth   TCP_CM3.lib(at_lib_def.o)
    0x08007818   0x08007818   0x00000002   Code   RO         6603    i.int_enable_eth    TCP_CM3.lib(at_lib_def.o)
    0x0800781a   0x0800781a   0x00000002   PAD
    0x0800781c   0x0800781c   0x000000d4   Code   RO         6190    i.ip_chk_frame      TCP_CM3.lib(at_ip.o)
    0x080078f0   0x080078f0   0x0000000a   Code   RO         6191    i.ip_get_chksum     TCP_CM3.lib(at_ip.o)
    0x080078fa   0x080078fa   0x00000002   PAD
    0x080078fc   0x080078fc   0x000000b8   Code   RO         6192    i.ip_get_locadr     TCP_CM3.lib(at_ip.o)
    0x080079b4   0x080079b4   0x0000000c   Code   RO         6193    i.ip_init           TCP_CM3.lib(at_ip.o)
    0x080079c0   0x080079c0   0x0000005c   Code   RO         6194    i.ip_run_local      TCP_CM3.lib(at_ip.o)
    0x08007a1c   0x08007a1c   0x0000014c   Code   RO         6195    i.ip_send_frame     TCP_CM3.lib(at_ip.o)
    0x08007b68   0x08007b68   0x00000094   Code   RO         6547    i.ipcp_conf_rq      TCP_CM3.lib(at_ppp_ipcp.o)
    0x08007bfc   0x08007bfc   0x00000030   Code   RO         6548    i.ipcp_configure    TCP_CM3.lib(at_ppp_ipcp.o)
    0x08007c2c   0x08007c2c   0x00000044   Code   RO         6549    i.ipcp_init         TCP_CM3.lib(at_ppp_ipcp.o)
    0x08007c70   0x08007c70   0x00000294   Code   RO         6550    i.ipcp_process      TCP_CM3.lib(at_ppp_ipcp.o)
    0x08007f04   0x08007f04   0x00000070   Code   RO         6551    i.ipcp_run          TCP_CM3.lib(at_ppp_ipcp.o)
    0x08007f74   0x08007f74   0x00000016   Code   RO         6552    i.ipcp_send         TCP_CM3.lib(at_ppp_ipcp.o)
    0x08007f8a   0x08007f8a   0x00000002   PAD
    0x08007f8c   0x08007f8c   0x0000003c   Code   RO         6553    i.ipcp_set_rem_ip   TCP_CM3.lib(at_ppp_ipcp.o)
    0x08007fc8   0x08007fc8   0x0000007c   Code   RO         6342    i.is_str_ip         TCP_CM3.lib(at_dns.o)
    0x08008044   0x08008044   0x00000014   Code   RO         6420    i.is_subnet         TCP_CM3.lib(at_lib.o)
    0x08008058   0x08008058   0x00000020   Code   RO         6196    i.is_subnet_bcast   TCP_CM3.lib(at_ip.o)
    0x08008078   0x08008078   0x00000134   Code   RO         6484    i.lcp_conf_rq       TCP_CM3.lib(at_ppp_lcp.o)
    0x080081ac   0x080081ac   0x00000074   Code   RO         6485    i.lcp_configure     TCP_CM3.lib(at_ppp_lcp.o)
    0x08008220   0x08008220   0x00000034   Code   RO         6486    i.lcp_echo          TCP_CM3.lib(at_ppp_lcp.o)
    0x08008254   0x08008254   0x0000003c   Code   RO         6487    i.lcp_echo_rq       TCP_CM3.lib(at_ppp_lcp.o)
    0x08008290   0x08008290   0x00000034   Code   RO         6488    i.lcp_init          TCP_CM3.lib(at_ppp_lcp.o)
    0x080082c4   0x080082c4   0x000004d6   Code   RO         6489    i.lcp_process       TCP_CM3.lib(at_ppp_lcp.o)
    0x0800879a   0x0800879a   0x00000002   PAD
    0x0800879c   0x0800879c   0x00000060   Code   RO         6490    i.lcp_run           TCP_CM3.lib(at_ppp_lcp.o)
    0x080087fc   0x080087fc   0x00000016   Code   RO         6491    i.lcp_send          TCP_CM3.lib(at_ppp_lcp.o)
    0x08008812   0x08008812   0x00000002   PAD
    0x08008814   0x08008814   0x00000030   Code   RO         6492    i.lcp_term_rq       TCP_CM3.lib(at_ppp_lcp.o)
    0x08008844   0x08008844   0x00000030   Code   RO         6493    i.lcp_terminate     TCP_CM3.lib(at_ppp_lcp.o)
    0x08008874   0x08008874   0x00000094   Code   RO          426    i.main              main.o
    0x08008908   0x08008908   0x00000064   Code   RO         6471    i.main_TcpNet       TCP_CM3.lib(at_system.o)
    0x0800896c   0x0800896c   0x0000005e   Code   RO         6587    i.md5_final         TCP_CM3.lib(at_md5.o)
    0x080089ca   0x080089ca   0x00000002   PAD
    0x080089cc   0x080089cc   0x00000024   Code   RO         6588    i.md5_init          TCP_CM3.lib(at_md5.o)
    0x080089f0   0x080089f0   0x00000170   Code   RO         6589    i.md5_transform     TCP_CM3.lib(at_md5.o)
    0x08008b60   0x08008b60   0x00000068   Code   RO         6590    i.md5_update        TCP_CM3.lib(at_md5.o)
    0x08008bc8   0x08008bc8   0x00000018   Code   RO         6421    i.mem_comp          TCP_CM3.lib(at_lib.o)
    0x08008be0   0x08008be0   0x00000016   Code   RO         6422    i.mem_copy          TCP_CM3.lib(at_lib.o)
    0x08008bf6   0x08008bf6   0x00000020   Code   RO         6424    i.mem_rcopy         TCP_CM3.lib(at_lib.o)
    0x08008c16   0x08008c16   0x0000000a   Code   RO         6425    i.mem_set           TCP_CM3.lib(at_lib.o)
    0x08008c20   0x08008c20   0x00000014   Code   RO         6426    i.mem_test          TCP_CM3.lib(at_lib.o)
    0x08008c34   0x08008c34   0x00000014   Code   RO         1401    i.modem_dial        gsm_hardwarelayer.o
    0x08008c48   0x08008c48   0x00000002   Code   RO         1402    i.modem_hangup      gsm_hardwarelayer.o
    0x08008c4a   0x08008c4a   0x00000002   PAD
    0x08008c4c   0x08008c4c   0x00000010   Code   RO         1403    i.modem_init        gsm_hardwarelayer.o
    0x08008c5c   0x08008c5c   0x00000018   Code   RO         1405    i.modem_online      gsm_hardwarelayer.o
    0x08008c74   0x08008c74   0x000001b0   Code   RO         1406    i.modem_process     gsm_hardwarelayer.o
    0x08008e24   0x08008e24   0x00000108   Code   RO         1407    i.modem_run         gsm_hardwarelayer.o
    0x08008f2c   0x08008f2c   0x000000c0   Code   RO         1674    i.mqtt_dns_callback  mqtt_hardwarelayer.o
    0x08008fec   0x08008fec   0x000000e8   Code   RO         1675    i.mqtt_tcp_callback  mqtt_hardwarelayer.o
    0x080090d4   0x080090d4   0x0000000a   Code   RO         6427    i.nrd_u16be         TCP_CM3.lib(at_lib.o)
    0x080090de   0x080090de   0x00000016   Code   RO         6428    i.nrd_u32be         TCP_CM3.lib(at_lib.o)
    0x080090f4   0x080090f4   0x000000ac   Code   RO         4554    i.nvic_irq_enable   gd32e10x_misc.o
    0x080091a0   0x080091a0   0x00000014   Code   RO         4555    i.nvic_priority_group_set  gd32e10x_misc.o
    0x080091b4   0x080091b4   0x00000014   Code   RO         4556    i.nvic_vector_table_set  gd32e10x_misc.o
    0x080091c8   0x080091c8   0x00000010   Code   RO         6430    i.nwr_u32be         TCP_CM3.lib(at_lib.o)
    0x080091d8   0x080091d8   0x00000080   Code   RO         6511    i.pap_auth_rq       TCP_CM3.lib(at_ppp_pap.o)
    0x08009258   0x08009258   0x0000000c   Code   RO         6512    i.pap_init          TCP_CM3.lib(at_ppp_pap.o)
    0x08009264   0x08009264   0x000000a8   Code   RO         6513    i.pap_process       TCP_CM3.lib(at_ppp_pap.o)
    0x0800930c   0x0800930c   0x00000058   Code   RO         6514    i.pap_run           TCP_CM3.lib(at_ppp_pap.o)
    0x08009364   0x08009364   0x00000016   Code   RO         6515    i.pap_send          TCP_CM3.lib(at_ppp_pap.o)
    0x0800937a   0x0800937a   0x00000002   PAD
    0x0800937c   0x0800937c   0x00000014   Code   RO         4614    i.pmu_backup_write_enable  gd32e10x_pmu.o
    0x08009390   0x08009390   0x0000006a   Code   RO         6378    i.ppp_chk_frame     TCP_CM3.lib(at_ppp.o)
    0x080093fa   0x080093fa   0x00000002   PAD
    0x080093fc   0x080093fc   0x00000018   Code   RO         6379    i.ppp_close         TCP_CM3.lib(at_ppp.o)
    0x08009414   0x08009414   0x00000024   Code   RO         6380    i.ppp_connect       TCP_CM3.lib(at_ppp.o)
    0x08009438   0x08009438   0x00000048   Code   RO         6381    i.ppp_cp_code_reject  TCP_CM3.lib(at_ppp.o)
    0x08009480   0x08009480   0x00000028   Code   RO         6382    i.ppp_get_fcs       TCP_CM3.lib(at_ppp.o)
    0x080094a8   0x080094a8   0x00000030   Code   RO         6383    i.ppp_init_link     TCP_CM3.lib(at_ppp.o)
    0x080094d8   0x080094d8   0x00000014   Code   RO         6384    i.ppp_is_up         TCP_CM3.lib(at_ppp.o)
    0x080094ec   0x080094ec   0x000000e8   Code   RO         6386    i.ppp_receive       TCP_CM3.lib(at_ppp.o)
    0x080095d4   0x080095d4   0x0000015c   Code   RO         6387    i.ppp_run_link      TCP_CM3.lib(at_ppp.o)
    0x08009730   0x08009730   0x000000c4   Code   RO         6388    i.ppp_send_frame    TCP_CM3.lib(at_ppp.o)
    0x080097f4   0x080097f4   0x00000024   Code   RO         6389    i.ppp_shutdown      TCP_CM3.lib(at_ppp.o)
    0x08009818   0x08009818   0x000000c4   Code   RO         6390    i.ppp_transmit      TCP_CM3.lib(at_ppp.o)
    0x080098dc   0x080098dc   0x0000006c   Code   RO         4710    i.rcu_adc_clock_config  gd32e10x_rcu.o
    0x08009948   0x08009948   0x00000014   Code   RO         4712    i.rcu_all_reset_flag_clear  gd32e10x_rcu.o
    0x0800995c   0x0800995c   0x00000180   Code   RO         4719    i.rcu_clock_freq_get  gd32e10x_rcu.o
    0x08009adc   0x08009adc   0x00000024   Code   RO         4722    i.rcu_flag_get      gd32e10x_rcu.o
    0x08009b00   0x08009b00   0x00000020   Code   RO         4739    i.rcu_periph_clock_enable  gd32e10x_rcu.o
    0x08009b20   0x08009b20   0x00000020   Code   RO         4742    i.rcu_periph_reset_disable  gd32e10x_rcu.o
    0x08009b40   0x08009b40   0x00000020   Code   RO         4743    i.rcu_periph_reset_enable  gd32e10x_rcu.o
    0x08009b60   0x08009b60   0x0000000e   Code   RO         1964    i.readChar          mqttpacket.o
    0x08009b6e   0x08009b6e   0x0000001a   Code   RO         1965    i.readInt           mqttpacket.o
    0x08009b88   0x08009b88   0x0000003a   Code   RO         1966    i.readMQTTLenString  mqttpacket.o
    0x08009bc2   0x08009bc2   0x00000002   PAD
    0x08009bc4   0x08009bc4   0x00000048   Code   RO         6573    i.resize_mem        TCP_CM3.lib(at_mem.o)
    0x08009c0c   0x08009c0c   0x0000001e   Code   RO            7    i.run_system        net_config.o
    0x08009c2a   0x08009c2a   0x00000004   Code   RO            8    i.slip_send_frame   net_config.o
    0x08009c2e   0x08009c2e   0x00000002   PAD
    0x08009c30   0x08009c30   0x00000084   Code   RO         6359    i.sntp_get_time     TCP_CM3.lib(at_sntp.o)
    0x08009cb4   0x08009cb4   0x00000024   Code   RO         6360    i.sntp_init         TCP_CM3.lib(at_sntp.o)
    0x08009cd8   0x08009cd8   0x00000084   Code   RO         6361    i.sntp_listener     TCP_CM3.lib(at_sntp.o)
    0x08009d5c   0x08009d5c   0x00000050   Code   RO         6362    i.sntp_run_client   TCP_CM3.lib(at_sntp.o)
    0x08009dac   0x08009dac   0x00000030   Code   RO         6363    i.sntp_send_message  TCP_CM3.lib(at_sntp.o)
    0x08009ddc   0x08009ddc   0x00000018   Code   RO         6364    i.sntp_stop         TCP_CM3.lib(at_sntp.o)
    0x08009df4   0x08009df4   0x00000022   Code   RO         6516    i.str_compare       TCP_CM3.lib(at_ppp_pap.o)
    0x08009e16   0x08009e16   0x00000012   Code   RO         6431    i.str_copy          TCP_CM3.lib(at_lib.o)
    0x08009e28   0x08009e28   0x0000001a   Code   RO         6432    i.str_crc32         TCP_CM3.lib(at_lib.o)
    0x08009e42   0x08009e42   0x00000016   Code   RO         6433    i.str_pos           TCP_CM3.lib(at_lib.o)
    0x08009e58   0x08009e58   0x0000001a   Code   RO         6434    i.str_scomp         TCP_CM3.lib(at_lib.o)
    0x08009e72   0x08009e72   0x00000024   Code   RO            9    i.sys_error         net_config.o
    0x08009e96   0x08009e96   0x00000002   PAD
    0x08009e98   0x08009e98   0x0000000c   Code   RO          427    i.sys_get_ms        main.o
    0x08009ea4   0x08009ea4   0x0000006c   Code   RO         2488    i.system_clock_8m_irc8m  system_gd32e10x.o
    0x08009f10   0x08009f10   0x00000008   Code   RO         2489    i.system_clock_config  system_gd32e10x.o
    0x08009f18   0x08009f18   0x00000050   Code   RO         6230    i.tcp_abort         TCP_CM3.lib(at_tcp.o)
    0x08009f68   0x08009f68   0x00000038   Code   RO         6231    i.tcp_check_send    TCP_CM3.lib(at_tcp.o)
    0x08009fa0   0x08009fa0   0x000000b4   Code   RO         6233    i.tcp_connect       TCP_CM3.lib(at_tcp.o)
    0x0800a054   0x0800a054   0x00000020   Code   RO         6235    i.tcp_get_buf       TCP_CM3.lib(at_tcp.o)
    0x0800a074   0x0800a074   0x00000044   Code   RO         6236    i.tcp_get_free_port  TCP_CM3.lib(at_tcp.o)
    0x0800a0b8   0x0800a0b8   0x0000004c   Code   RO         6237    i.tcp_get_socket    TCP_CM3.lib(at_tcp.o)
    0x0800a104   0x0800a104   0x00000024   Code   RO         6238    i.tcp_get_state     TCP_CM3.lib(at_tcp.o)
    0x0800a128   0x0800a128   0x00000018   Code   RO         6239    i.tcp_init          TCP_CM3.lib(at_tcp.o)
    0x0800a140   0x0800a140   0x00000098   Code   RO         6242    i.tcp_map_socket    TCP_CM3.lib(at_tcp.o)
    0x0800a1d8   0x0800a1d8   0x00000024   Code   RO         6243    i.tcp_max_dsize     TCP_CM3.lib(at_tcp.o)
    0x0800a1fc   0x0800a1fc   0x0000005e   Code   RO         6245    i.tcp_parse_opt     TCP_CM3.lib(at_tcp.o)
    0x0800a25a   0x0800a25a   0x00000002   PAD
    0x0800a25c   0x0800a25c   0x00000284   Code   RO         6246    i.tcp_poll_sockets  TCP_CM3.lib(at_tcp.o)
    0x0800a4e0   0x0800a4e0   0x000000c4   Code   RO         6247    i.tcp_proc_acknr    TCP_CM3.lib(at_tcp.o)
    0x0800a5a4   0x0800a5a4   0x00000052   Code   RO         6248    i.tcp_proc_dupack   TCP_CM3.lib(at_tcp.o)
    0x0800a5f6   0x0800a5f6   0x00000002   PAD
    0x0800a5f8   0x0800a5f8   0x000004c4   Code   RO         6249    i.tcp_process       TCP_CM3.lib(at_tcp.o)
    0x0800aabc   0x0800aabc   0x0000001a   Code   RO         6250    i.tcp_que_free      TCP_CM3.lib(at_tcp.o)
    0x0800aad6   0x0800aad6   0x0000001a   Code   RO         6251    i.tcp_que_init      TCP_CM3.lib(at_tcp.o)
    0x0800aaf0   0x0800aaf0   0x00000094   Code   RO         6252    i.tcp_que_resend    TCP_CM3.lib(at_tcp.o)
    0x0800ab84   0x0800ab84   0x00000038   Code   RO         6253    i.tcp_release_socket  TCP_CM3.lib(at_tcp.o)
    0x0800abbc   0x0800abbc   0x000000d4   Code   RO         6256    i.tcp_send          TCP_CM3.lib(at_tcp.o)
    0x0800ac90   0x0800ac90   0x00000066   Code   RO         6257    i.tcp_send_ctrl     TCP_CM3.lib(at_tcp.o)
    0x0800acf6   0x0800acf6   0x0000004e   Code   RO         6258    i.tcp_send_data     TCP_CM3.lib(at_tcp.o)
    0x0800ad44   0x0800ad44   0x00000068   Code   RO         6259    i.tcp_send_reset    TCP_CM3.lib(at_tcp.o)
    0x0800adac   0x0800adac   0x00000026   Code   RO         6260    i.tcp_set_cwnd      TCP_CM3.lib(at_tcp.o)
    0x0800add2   0x0800add2   0x00000002   PAD
    0x0800add4   0x0800add4   0x00000068   Code   RO         6261    i.tcp_transit       TCP_CM3.lib(at_tcp.o)
    0x0800ae3c   0x0800ae3c   0x000000c0   Code   RO         6262    i.tcp_write         TCP_CM3.lib(at_tcp.o)
    0x0800aefc   0x0800aefc   0x00000080   Code   RO          428    i.time_cback        main.o
    0x0800af7c   0x0800af7c   0x00000014   Code   RO         6472    i.timer_tick        TCP_CM3.lib(at_system.o)
    0x0800af90   0x0800af90   0x00000026   Code   RO          788    i.toUpperCase       utilities.o
    0x0800afb6   0x0800afb6   0x00000002   PAD
    0x0800afb8   0x0800afb8   0x0000002c   Code   RO         6303    i.udp_close         TCP_CM3.lib(at_udp.o)
    0x0800afe4   0x0800afe4   0x00000020   Code   RO         6305    i.udp_get_buf       TCP_CM3.lib(at_udp.o)
    0x0800b004   0x0800b004   0x00000044   Code   RO         6306    i.udp_get_socket    TCP_CM3.lib(at_udp.o)
    0x0800b048   0x0800b048   0x00000018   Code   RO         6307    i.udp_init          TCP_CM3.lib(at_udp.o)
    0x0800b060   0x0800b060   0x00000068   Code   RO         6310    i.udp_open          TCP_CM3.lib(at_udp.o)
    0x0800b0c8   0x0800b0c8   0x0000002c   Code   RO         6311    i.udp_port_in_use   TCP_CM3.lib(at_udp.o)
    0x0800b0f4   0x0800b0f4   0x000000b8   Code   RO         6312    i.udp_process       TCP_CM3.lib(at_udp.o)
    0x0800b1ac   0x0800b1ac   0x0000011c   Code   RO         6314    i.udp_send          TCP_CM3.lib(at_udp.o)
    0x0800b2c8   0x0800b2c8   0x00000090   Code   RO         5803    i.usart_baudrate_set  gd32e10x_usart.o
    0x0800b358   0x0800b358   0x0000000a   Code   RO         5806    i.usart_data_receive  gd32e10x_usart.o
    0x0800b362   0x0800b362   0x00000008   Code   RO         5807    i.usart_data_transmit  gd32e10x_usart.o
    0x0800b36a   0x0800b36a   0x00000002   PAD
    0x0800b36c   0x0800b36c   0x00000090   Code   RO         5808    i.usart_deinit      gd32e10x_usart.o
    0x0800b3fc   0x0800b3fc   0x0000000a   Code   RO         5812    i.usart_enable      gd32e10x_usart.o
    0x0800b406   0x0800b406   0x0000001a   Code   RO         5813    i.usart_flag_clear  gd32e10x_usart.o
    0x0800b420   0x0800b420   0x0000001e   Code   RO         5814    i.usart_flag_get    gd32e10x_usart.o
    0x0800b43e   0x0800b43e   0x0000001a   Code   RO         5821    i.usart_interrupt_disable  gd32e10x_usart.o
    0x0800b458   0x0800b458   0x0000001a   Code   RO         5822    i.usart_interrupt_enable  gd32e10x_usart.o
    0x0800b472   0x0800b472   0x0000001a   Code   RO         5823    i.usart_interrupt_flag_clear  gd32e10x_usart.o
    0x0800b48c   0x0800b48c   0x00000038   Code   RO         5824    i.usart_interrupt_flag_get  gd32e10x_usart.o
    0x0800b4c4   0x0800b4c4   0x00000010   Code   RO         5835    i.usart_parity_config  gd32e10x_usart.o
    0x0800b4d4   0x0800b4d4   0x00000010   Code   RO         5837    i.usart_receive_config  gd32e10x_usart.o
    0x0800b4e4   0x0800b4e4   0x00000010   Code   RO         5847    i.usart_stop_bit_set  gd32e10x_usart.o
    0x0800b4f4   0x0800b4f4   0x00000010   Code   RO         5851    i.usart_transmit_config  gd32e10x_usart.o
    0x0800b504   0x0800b504   0x00000010   Code   RO         5852    i.usart_word_length_set  gd32e10x_usart.o
    0x0800b514   0x0800b514   0x00000028   Code   RO         1967    i.writeCString      mqttpacket.o
    0x0800b53c   0x0800b53c   0x0000000c   Code   RO         1968    i.writeChar         mqttpacket.o
    0x0800b548   0x0800b548   0x00000030   Code   RO         1969    i.writeInt          mqttpacket.o
    0x0800b578   0x0800b578   0x0000003e   Code   RO         1970    i.writeMQTTString   mqttpacket.o
    0x0800b5b6   0x0800b5b6   0x00000002   PAD
    0x0800b5b8   0x0800b5b8   0x00000085   Data   RO           11    .constdata          net_config.o
    0x0800b63d   0x0800b63d   0x0000001d   Data   RO          284    .constdata          initsystem.o
    0x0800b65a   0x0800b65a   0x00000010   Data   RO         2450    .constdata          segger_rtt_printf.o
    0x0800b66a   0x0800b66a   0x00000008   Data   RO         6197    .constdata          TCP_CM3.lib(at_ip.o)
    0x0800b672   0x0800b672   0x00000200   Data   RO         6392    .constdata          TCP_CM3.lib(at_ppp.o)
    0x0800b872   0x0800b872   0x00000002   PAD
    0x0800b874   0x0800b874   0x00000110   Data   RO         6591    .constdata          TCP_CM3.lib(at_md5.o)
    0x0800b984   0x0800b984   0x00000081   Data   RO         6949    .constdata          mc_w.l(ctype_o.o)
    0x0800ba05   0x0800ba05   0x00000003   PAD
    0x0800ba08   0x0800ba08   0x00000004   Data   RO         6950    .constdata          mc_w.l(ctype_o.o)
    0x0800ba0c   0x0800ba0c   0x00000020   Data   RO         6983    Region$$Table       anon$$obj.o


    Execution Region RW_IRAM1 (Exec base: 0x20000000, Load base: 0x0800ba2c, Size: 0x00003f18, Max: 0x00008000, ABSOLUTE)

    Exec Addr    Load Addr    Size         Type   Attr      Idx    E Section Name        Object

    0x20000000   0x0800ba2c   0x00000010   Data   RW           12    .data               net_config.o
    0x20000010   0x0800ba3c   0x00000018   Data   RW          429    .data               main.o
    0x20000028   0x0800ba54   0x00000013   Data   RW          661    .data               measureinput.o
    0x2000003b   0x0800ba67   0x00000001   PAD
    0x2000003c   0x0800ba68   0x00000013   Data   RW         1262    .data               gsm_datalayer.o
    0x2000004f   0x0800ba7b   0x00000001   PAD
    0x20000050   0x0800ba7c   0x00000005   Data   RW         1409    .data               gsm_hardwarelayer.o
    0x20000055   0x0800ba81   0x00000001   PAD
    0x20000056   0x0800ba82   0x0000000c   Data   RW         1592    .data               mqtt_clientmessage.o
    0x20000062   0x0800ba8e   0x00000002   PAD
    0x20000064   0x0800ba90   0x0000006f   Data   RW         1677    .data               mqtt_hardwarelayer.o
    0x200000d3   0x0800baff   0x00000001   PAD
    0x200000d4   0x0800bb00   0x00000004   Data   RW         1971    .data               mqttpacket.o
    0x200000d8   0x0800bb04   0x00000004   Data   RW         2490    .data               system_gd32e10x.o
    0x200000dc   0x0800bb08   0x0000000c   Data   RW         6198    .data               TCP_CM3.lib(at_ip.o)
    0x200000e8   0x0800bb14   0x00000004   Data   RW         6263    .data               TCP_CM3.lib(at_tcp.o)
    0x200000ec   0x0800bb18   0x00000002   Data   RW         6315    .data               TCP_CM3.lib(at_udp.o)
    0x200000ee   0x0800bb1a   0x00000004   Data   RW         6517    .data               TCP_CM3.lib(at_ppp_pap.o)
    0x200000f2   0x0800bb1e   0x00000002   PAD
    0x200000f4   0x0800bb20   0x00000004   Data   RW         6922    .data               mc_w.l(errno.o)
    0x200000f8        -       0x000012fc   Zero   RW           10    .bss                net_config.o
    0x200013f4        -       0x00000b98   Zero   RW          283    .bss                initsystem.o
    0x20001f8c        -       0x00000101   Zero   RW          660    .bss                measureinput.o
    0x2000208d        -       0x00000048   Zero   RW          744    .bss                debug.o
    0x200020d5        -       0x00000050   Zero   RW         1261    .bss                gsm_datalayer.o
    0x20002125   0x0800bb24   0x00000003   PAD
    0x20002128        -       0x00000cee   Zero   RW         1408    .bss                gsm_hardwarelayer.o
    0x20002e16   0x0800bb24   0x00000002   PAD
    0x20002e18        -       0x00000610   Zero   RW         1591    .bss                mqtt_clientmessage.o
    0x20003428        -       0x0000033f   Zero   RW         1676    .bss                mqtt_hardwarelayer.o
    0x20003767   0x0800bb24   0x00000001   PAD
    0x20003768        -       0x000002b8   Zero   RW         2252    .bss                segger_rtt.o
    0x20003a20        -       0x00000010   Zero   RW         6217    .bss                TCP_CM3.lib(at_icmp.o)
    0x20003a30        -       0x00000020   Zero   RW         6343    .bss                TCP_CM3.lib(at_dns.o)
    0x20003a50        -       0x00000010   Zero   RW         6365    .bss                TCP_CM3.lib(at_sntp.o)
    0x20003a60        -       0x0000001c   Zero   RW         6391    .bss                TCP_CM3.lib(at_ppp.o)
    0x20003a7c        -       0x0000004c   Zero   RW         6473    .bss                TCP_CM3.lib(at_system.o)
    0x20003ac8        -       0x00000014   Zero   RW         6494    .bss                TCP_CM3.lib(at_ppp_lcp.o)
    0x20003adc        -       0x00000014   Zero   RW         6535    .bss                TCP_CM3.lib(at_ppp_chap.o)
    0x20003af0        -       0x00000016   Zero   RW         6554    .bss                TCP_CM3.lib(at_ppp_ipcp.o)
    0x20003b06   0x0800bb24   0x00000002   PAD
    0x20003b08        -       0x00000010   Zero   RW         6574    .bss                TCP_CM3.lib(at_mem.o)
    0x20003b18        -       0x00000400   Zero   RW         6183    STACK               startup_gd32e10x.o


==============================================================================

Image component sizes


      Code (inc. data)   RO Data    RW Data    ZI Data      Debug   Object Name

       138         24          0          0          0       1769   app_bkup.o
        40          0          0          0          0        967   app_wdt.o
       176         18          0          0          0       1556   controloutput.o
       480        114          0          0         72       2624   debug.o
       216         24          0          0          0        672   driveruart.o
       656         10          0          0          0       8419   gd32e10x_adc.o
       108         12          0          0          0       1349   gd32e10x_bkp.o
       268         28          0          0          0       3789   gd32e10x_dac.o
       538          6          0          0          0       4126   gd32e10x_dma.o
        48         10          0          0          0       1382   gd32e10x_exti.o
       322         40          0          0          0       4413   gd32e10x_fmc.o
       136         22          0          0          0       2017   gd32e10x_fwdgt.o
       366          6          0          0          0       4510   gd32e10x_gpio.o
        90         24          0          0          0       4717   gd32e10x_it.o
       212         28          0          0          0       2164   gd32e10x_misc.o
        20          6          0          0          0        574   gd32e10x_pmu.o
       644         78          0          0          0       5205   gd32e10x_rcu.o
       586         16          0          0          0      11031   gd32e10x_usart.o
      4784       1824          0         19         80      12107   gsm_datalayer.o
      1748        348          0          5       3310      18537   gsm_hardwarelayer.o
       282         36          0          0          0       3228   gsm_utilities.o
       592        210          0          0          0      95276   hardwaremanager.o
       918        180         29          0       2968      38334   initsystem.o
      1052        284          0          0          0       2260   internalflash.o
       804        296          0         24          0      20230   main.o
       982        298          0         19        257       5102   measureinput.o
      1290        380          0         12       1552      12876   mqtt_clientmessage.o
      3588       1420          0        111        831       9661   mqtt_hardwarelayer.o
       812        172          0          0          0       2552   mqtt_servermessage.o
       690         18          0          0          0       4593   mqttconnectclient.o
       174          0          0          0          0       1710   mqttdeserializepublish.o
       636         18          0          4          0      10034   mqttpacket.o
       210          0          0          0          0       1854   mqttserializepublish.o
       368          0          0          0          0       3323   mqttsubscribeclient.o
       116          8        133         16       4860      20329   net_config.o
       774         52          0          0        696      11660   segger_rtt.o
      1096          6         16          0          0       5977   segger_rtt_printf.o
        36          8        336          0       1024        900   startup_gd32e10x.o
       204         16          0          4          0       1991   system_gd32e10x.o
       250          0          0          0          0       3078   utilities.o

    ----------------------------------------------------------------------
     26506       6040        546        220      15656     346896   Object Totals
         0          0         32          0          0          0   (incl. Generated)
        56          0          0          6          6          0   (incl. Padding)

    ----------------------------------------------------------------------

      Code (inc. data)   RO Data    RW Data    ZI Data      Debug   Library Member Name

      1464         78          0          0         32        760   at_dns.o
       404         30          0          0         16        308   at_icmp.o
       874         62          8         12          0        588   at_ip.o
       372          4          0          0          0       1204   at_lib.o
         4          0          0          0          0        136   at_lib_def.o
       602         16        272          0          0        340   at_md5.o
       512         36          0          0         16        444   at_mem.o
      1354         70        512          0         28        964   at_ppp.o
       678         42          0          0         20        416   at_ppp_chap.o
      1118         82          0          0         22        656   at_ppp_ipcp.o
      2040        152          0          0         20        876   at_ppp_lcp.o
       452         42          0          4          0        492   at_ppp_pap.o
       452         58          0          0         16        472   at_sntp.o
       196         40          0          0         76        292   at_system.o
      4062        160          0          4          0       2160   at_tcp.o
       784         40          0          2          0        624   at_udp.o
        28          0          0          0          0         68   _chval.o
       158          0          0          0          0         92   _strtoul.o
        26          0          0          0          0         80   atoi.o
         8          4        133          0          0         68   ctype_o.o
         0          0          0          0          0          0   entry.o
         0          0          0          0          0          0   entry10a.o
         0          0          0          0          0          0   entry11a.o
         8          4          0          0          0          0   entry2.o
         4          0          0          0          0          0   entry5.o
         0          0          0          0          0          0   entry7b.o
         0          0          0          0          0          0   entry8b.o
         8          4          0          0          0          0   entry9a.o
         8          4          0          4          0         68   errno.o
        30          0          0          0          0          0   handlers.o
        36          8          0          0          0         68   init.o
         0          0          0          0          0          0   iusefp.o
        30          0          0          0          0         68   llshl.o
        36          0          0          0          0         68   llsshr.o
        32          0          0          0          0         68   llushr.o
        36          0          0          0          0         68   memcpya.o
        36          0          0          0          0        108   memseta.o
      2342         90          0          0          0        668   printfa.o
        24          0          0          0          0         68   strcat.o
        18          0          0          0          0         68   strcpy.o
        14          0          0          0          0         68   strlen.o
        36          0          0          0          0         80   strstr.o
       112          0          0          0          0         88   strtol.o
        44          0          0          0          0         80   uidiv.o
        98          0          0          0          0         92   uldiv.o
        48          0          0          0          0         68   cdrcmple.o
       334          0          0          0          0        148   dadd.o
       222          0          0          0          0        100   ddiv.o
       186          0          0          0          0        176   depilogue.o
        48          0          0          0          0         68   dfixul.o
       228          0          0          0          0         96   dmul.o
        38          0          0          0          0         68   f2d.o

    ----------------------------------------------------------------------
     19678       1026        930         28        248      13492   Library Totals
        34          0          5          2          2          0   (incl. Padding)

    ----------------------------------------------------------------------

      Code (inc. data)   RO Data    RW Data    ZI Data      Debug   Library Name

     15368        912        792         22        246      10732   TCP_CM3.lib
      3172        114        133          4          0       2036   mc_w.l
      1104          0          0          0          0        724   mf_w.l

    ----------------------------------------------------------------------
     19678       1026        930         28        248      13492   Library Totals

    ----------------------------------------------------------------------

==============================================================================


      Code (inc. data)   RO Data    RW Data    ZI Data      Debug   

     46184       7066       1476        248      15904     329472   Grand Totals
     46184       7066       1476        248      15904     329472   ELF Image Totals
     46184       7066       1476        248          0          0   ROM Totals

==============================================================================

    Total RO  Size (Code + RO Data)                47660 (  46.54kB)
    Total RW  Size (RW Data + ZI Data)             16152 (  15.77kB)
    Total ROM Size (Code + RO Data + RW Data)      47908 (  46.79kB)

==============================================================================

