Component: ARM Compiler 5.06 update 6 (build 750) Tool: armlink [4d35ed]

==============================================================================

Section Cross References

    net_config.o(i.init_system) refers to at_ppp.o(i.ppp_init_link) for ppp_init_link
    net_config.o(i.init_system) refers to at_ip.o(i.ip_init) for ip_init
    net_config.o(i.init_system) refers to at_icmp.o(i.icmp_init) for icmp_init
    net_config.o(i.init_system) refers to at_udp.o(i.udp_init) for udp_init
    net_config.o(i.init_system) refers to at_tcp.o(i.tcp_init) for tcp_init
    net_config.o(i.init_system) refers to at_dns.o(i.dns_init) for dns_init
    net_config.o(i.run_system) refers to at_ppp.o(i.ppp_run_link) for ppp_run_link
    net_config.o(i.run_system) refers to at_ip.o(i.ip_run_local) for ip_run_local
    net_config.o(i.run_system) refers to at_icmp.o(i.icmp_run_engine) for icmp_run_engine
    net_config.o(i.run_system) refers to at_tcp.o(i.tcp_poll_sockets) for tcp_poll_sockets
    net_config.o(i.run_system) refers to at_dns.o(i.dns_run_client) for dns_run_client
    net_config.o(.constdata) refers to net_config.o(.bss) for mem_pool
    net_config.o(.constdata) refers to net_config.o(.data) for lhost_name
    measurement.o(i.AVGVphoto) refers to measurement.o(.data) for VphotoAvg
    measurement.o(i.GetInputPower) refers to initsystem.o(.bss) for xSystem
    measurement.o(i.MeasureInputPowerTick) refers to measurement.o(.data) for ADC_RegularConvertedValueTab
    measurement.o(i.MeasureInputPowerTick) refers to initsystem.o(.bss) for xSystem
    measurement.o(i.Measure_Init) refers to gd32e10x_gpio.o(i.gpio_init) for gpio_init
    measurement.o(i.Measure_Init) refers to app_bkup.o(i.app_bkup_read_pulse_counter) for app_bkup_read_pulse_counter
    measurement.o(i.Measure_Init) refers to segger_rtt_printf.o(i.SEGGER_RTT_printf) for SEGGER_RTT_printf
    measurement.o(i.Measure_Init) refers to initsystem.o(.bss) for xSystem
    measurement.o(i.Measure_PulseTick) refers to gd32e10x_gpio.o(i.gpio_input_bit_get) for gpio_input_bit_get
    measurement.o(i.Measure_PulseTick) refers to segger_rtt_printf.o(i.SEGGER_RTT_printf) for SEGGER_RTT_printf
    measurement.o(i.Measure_PulseTick) refers to app_bkup.o(i.app_bkup_write_pulse_counter) for app_bkup_write_pulse_counter
    measurement.o(i.Measure_PulseTick) refers to measurement.o(.data) for curPulseState
    measurement.o(i.Measure_PulseTick) refers to initsystem.o(.bss) for xSystem
    measurement.o(i.Measure_Tick) refers to measurement.o(i.ProcessNewSensorUartData) for ProcessNewSensorUartData
    measurement.o(i.Measure_Tick) refers to measurement.o(i.MeasureInputPowerTick) for MeasureInputPowerTick
    measurement.o(i.Measure_Tick) refers to segger_rtt_printf.o(i.SEGGER_RTT_printf) for SEGGER_RTT_printf
    measurement.o(i.Measure_Tick) refers to gd32e10x_gpio.o(i.gpio_bit_set) for gpio_bit_set
    measurement.o(i.Measure_Tick) refers to internalflash.o(i.InternalFlash_WriteConfig) for InternalFlash_WriteConfig
    measurement.o(i.Measure_Tick) refers to initsystem.o(.bss) for xSystem
    measurement.o(i.Measure_Tick) refers to measurement.o(.bss) for SensorUartBuffer
    measurement.o(i.Measure_Tick) refers to measurement.o(.data) for Timeout1000msTick
    measurement.o(i.Sensor_AddUartData) refers to measurement.o(.bss) for SensorUartBuffer
    measurement.o(i.USART2_IRQHandler) refers to gd32e10x_usart.o(i.usart_interrupt_flag_get) for usart_interrupt_flag_get
    measurement.o(i.USART2_IRQHandler) refers to gd32e10x_usart.o(i.usart_interrupt_flag_clear) for usart_interrupt_flag_clear
    measurement.o(i.USART2_IRQHandler) refers to gd32e10x_usart.o(i.usart_data_receive) for usart_data_receive
    measurement.o(i.USART2_IRQHandler) refers to measurement.o(i.Sensor_AddUartData) for Sensor_AddUartData
    measurement.o(i.isPowerOnRS485) refers to gd32e10x_gpio.o(i.gpio_output_bit_get) for gpio_output_bit_get
    hardwaremanager.o(i.DetectResetReason) refers to hardwaremanager.o(i.debug_printf) for debug_printf
    hardwaremanager.o(i.DetectResetReason) refers to gd32e10x_rcu.o(i.rcu_flag_get) for rcu_flag_get
    hardwaremanager.o(i.DetectResetReason) refers to gd32e10x_rcu.o(i.rcu_all_reset_flag_clear) for rcu_all_reset_flag_clear
    hardwaremanager.o(i.DetectResetReason) refers to initsystem.o(.bss) for xSystem
    hardwaremanager.o(i.Hardware_XoaCoLoi) refers to gd32e10x_usart.o(i.usart_flag_get) for usart_flag_get
    hardwaremanager.o(i.Hardware_XoaCoLoi) refers to hardwaremanager.o(i.debug_printf) for debug_printf
    hardwaremanager.o(i.Hardware_XoaCoLoi) refers to gd32e10x_usart.o(i.usart_flag_clear) for usart_flag_clear
    hardwaremanager.o(i.ResetWatchdog) refers to app_wdt.o(i.app_wdt_feed) for app_wdt_feed
    hardwaremanager.o(i.SystemReset) refers to segger_rtt_printf.o(i.SEGGER_RTT_printf) for SEGGER_RTT_printf
    hardwaremanager.o(i.WatchDogInit) refers to app_wdt.o(i.app_wdt_start) for app_wdt_start
[...]
    ChangeGSMState                           0x080009d5   Thumb Code   228  gsm_datalayer.o(i.ChangeGSMState)
    CheckGSMIdle                             0x08000b4d   Thumb Code    66  gsm_datalayer.o(i.CheckGSMIdle)
    CheckMQTTGPRSBufferState                 0x08000b99   Thumb Code    86  mqtt_clientmessage.o(i.CheckMQTTGPRSBufferState)
    DebugMon_Handler                         0x08000bf5   Thumb Code     2  gd32e10x_it.o(i.DebugMon_Handler)
    Debug_Tick                               0x08000bf9   Thumb Code   128  debug.o(i.Debug_Tick)
    Delay_Decrement                          0x08000c85   Thumb Code    20  main.o(i.Delay_Decrement)
    Delayms                                  0x08000c9d   Thumb Code    40  main.o(i.Delayms)
    DetectResetReason                        0x08000cc9   Thumb Code   118  hardwaremanager.o(i.DetectResetReason)
    EXTI10_15_IRQHandler                     0x08000e79   Thumb Code    22  gd32e10x_it.o(i.EXTI10_15_IRQHandler)
    GSM_ExitSleepMode                        0x08000e91   Thumb Code   126  gsm_datalayer.o(i.GSM_ExitSleepMode)
    GSM_GetBTSInfor                          0x08000f69   Thumb Code   200  gsm_datalayer.o(i.GSM_GetBTSInfor)
    GSM_GetIMEI                              0x08001065   Thumb Code   102  gsm_utilities.o(i.GSM_GetIMEI)
    GSM_GetNetworkOperator                   0x080010d1   Thumb Code     2  gsm_utilities.o(i.GSM_GetNetworkOperator)
    GSM_GetNetworkStatus                     0x080010d5   Thumb Code   102  gsm_utilities.o(i.GSM_GetNetworkStatus)
    GSM_GetSignalStrength                    0x08001149   Thumb Code    40  gsm_utilities.o(i.GSM_GetSignalStrength)
    GSM_GotoSleep                            0x08001181   Thumb Code    10  gsm_datalayer.o(i.GSM_GotoSleep)
    GSM_GotoSleepMode                        0x0800118d   Thumb Code   132  gsm_datalayer.o(i.GSM_GotoSleepMode)
    GSM_HardReset                            0x08001265   Thumb Code   126  gsm_datalayer.o(i.GSM_HardReset)
    GSM_InitDataLayer                        0x080012f5   Thumb Code    20  gsm_datalayer.o(i.GSM_InitDataLayer)
    GSM_InitHardware                         0x0800130d   Thumb Code   204  gsm_hardwarelayer.o(i.GSM_InitHardware)
    GSM_ManagerTick                          0x080013ed   Thumb Code   610  gsm_datalayer.o(i.GSM_ManagerTick)
    GSM_ReadSMS                              0x080016e5   Thumb Code     2  gsm_datalayer.o(i.GSM_ReadSMS)
    GSM_SendATCommand                        0x080016e9   Thumb Code   180  gsm_datalayer.o(i.GSM_SendATCommand)
    GSM_SendSMS                              0x080017cd   Thumb Code     2  gsm_datalayer.o(i.GSM_SendSMS)
    GetNumberFromString                      0x080017cf   Thumb Code    62  utilities.o(i.GetNumberFromString)
    HardFault_Handler                        0x08001839   Thumb Code    12  gd32e10x_it.o(i.HardFault_Handler)
    Hardware_XoaCoLoi                        0x0800185d   Thumb Code   100  hardwaremanager.o(i.Hardware_XoaCoLoi)
    InitSystem                               0x0800194d   Thumb Code    62  initsystem.o(i.InitSystem)
    InternalFlash_Init                       0x08001993   Thumb Code    16  internalflash.o(i.InternalFlash_Init)
    InternalFlash_ReadConfig                 0x080019a5   Thumb Code   150  internalflash.o(i.InternalFlash_ReadConfig)
    InternalFlash_WriteConfig                0x08001ab5   Thumb Code   232  internalflash.o(i.InternalFlash_WriteConfig)
    MQTTDeserialize_connack                  0x08001c19   Thumb Code   118  mqttconnectclient.o(i.MQTTDeserialize_connack)
    MQTTDeserialize_publish                  0x08001c8f   Thumb Code   174  mqttdeserializepublish.o(i.MQTTDeserialize_publish)
    MQTTDeserialize_suback                   0x08001d3d   Thumb Code   146  mqttsubscribeclient.o(i.MQTTDeserialize_suback)
    MQTTPacket_decode                        0x08001dcf   Thumb Code    88  mqttpacket.o(i.MQTTPacket_decode)
    MQTTPacket_decodeBuf                     0x08001e29   Thumb Code    20  mqttpacket.o(i.MQTTPacket_decodeBuf)
    MQTTPacket_encode                        0x08001e45   Thumb Code    54  mqttpacket.o(i.MQTTPacket_encode)
    MQTTPacket_len                           0x08001e7d   Thumb Code    34  mqttpacket.o(i.MQTTPacket_len)
    MQTTPacket_read                          0x08001ea5   Thumb Code   102  mqttpacket.o(i.MQTTPacket_read)
    MQTTSerialize_connect                    0x08001f0d   Thumb Code   342  mqttconnectclient.o(i.MQTTSerialize_connect)
    MQTTSerialize_connectLength              0x08002075   Thumb Code   118  mqttconnectclient.o(i.MQTTSerialize_connectLength)
    MQTTSerialize_publish                    0x080020eb   Thumb Code   176  mqttserializepublish.o(i.MQTTSerialize_publish)
    MQTTSerialize_publishLength              0x0800219b   Thumb Code    34  mqttserializepublish.o(i.MQTTSerialize_publishLength)
    MQTTSerialize_subscribe                  0x080021bd   Thumb Code   176  mqttsubscribeclient.o(i.MQTTSerialize_subscribe)
    MQTTSerialize_subscribeLength            0x0800226d   Thumb Code    46  mqttsubscribeclient.o(i.MQTTSerialize_subscribeLength)
    MQTT_ClientMessageTick                   0x0800229d   Thumb Code    28  mqtt_clientmessage.o(i.MQTT_ClientMessageTick)
    MQTT_Init                                0x080022bd   Thumb Code    72  mqtt_hardwarelayer.o(i.MQTT_Init)
    MQTT_InitBufferQueue                     0x0800233d   Thumb Code    70  mqtt_clientmessage.o(i.MQTT_InitBufferQueue)
    MQTT_ProcThread                          0x080023a5   Thumb Code   404  mqtt_hardwarelayer.o(i.MQTT_ProcThread)
    MQTT_PublishDataMsg                      0x080026f5   Thumb Code   490  mqtt_clientmessage.o(i.MQTT_PublishDataMsg)
    MQTT_SendBufferToServer                  0x08002a2d   Thumb Code     6  mqtt_clientmessage.o(i.MQTT_SendBufferToServer)
    MQTT_SubscribeNewTopic                   0x08002a35   Thumb Code    90  mqtt_hardwarelayer.o(i.MQTT_SubscribeNewTopic)
    MQTT_Tick                                0x08002bb9   Thumb Code   976  mqtt_hardwarelayer.o(i.MQTT_Tick)
    MQTTstrlen                               0x0800317d   Thumb Code    24  mqttpacket.o(i.MQTTstrlen)
    Measure_Init                             0x080031bd   Thumb Code    76  measurement.o(i.Measure_Init)
    Measure_PulseTick                        0x0800322d   Thumb Code   142  measurement.o(i.Measure_PulseTick)
    Measure_Tick                             0x080032fd   Thumb Code   260  measurement.o(i.Measure_Tick)
    MemManage_Handler                        0x080034a9   Thumb Code     4  gd32e10x_it.o(i.MemManage_Handler)
    NMI_Handler                              0x080034ad   Thumb Code     2  gd32e10x_it.o(i.NMI_Handler)
    OpenPPPStack                             0x080034b1   Thumb Code   230  gsm_datalayer.o(i.OpenPPPStack)
    PendSV_Handler                           0x0800363d   Thumb Code     2  gd32e10x_it.o(i.PendSV_Handler)
    PowerOnModuleGSM                         0x08003641   Thumb Code  1932  gsm_datalayer.o(i.PowerOnModuleGSM)
    ResetWatchdog                            0x080040d5   Thumb Code     8  hardwaremanager.o(i.ResetWatchdog)
    SEGGER_RTT_Read                          0x080040dd   Thumb Code    56  segger_rtt.o(i.SEGGER_RTT_Read)
    SEGGER_RTT_ReadNoLock                    0x08004115   Thumb Code   164  segger_rtt.o(i.SEGGER_RTT_ReadNoLock)
    SEGGER_RTT_Write                         0x080041bd   Thumb Code    68  segger_rtt.o(i.SEGGER_RTT_Write)
    SEGGER_RTT_WriteNoLock                   0x08004205   Thumb Code   126  segger_rtt.o(i.SEGGER_RTT_WriteNoLock)
    SEGGER_RTT_printf                        0x08004289   Thumb Code    34  segger_rtt_printf.o(i.SEGGER_RTT_printf)
    SEGGER_RTT_vprintf                       0x080042ab   Thumb Code   522  segger_rtt_printf.o(i.SEGGER_RTT_vprintf)
    SVC_Handler                              0x080044b5   Thumb Code     2  gd32e10x_it.o(i.SVC_Handler)
    SendATCommand                            0x080044b9   Thumb Code   118  gsm_hardwarelayer.o(i.SendATCommand)
    SysTick_Handler                          0x08004581   Thumb Code    12  gd32e10x_it.o(i.SysTick_Handler)
    SystemInit                               0x0800458d   Thumb Code    76  system_gd32e10x.o(i.SystemInit)
    SystemManagementTask                     0x080045e5   Thumb Code    80  main.o(i.SystemManagementTask)
    SystemReset                              0x08004651   Thumb Code    48  hardwaremanager.o(i.SystemReset)
    ThucHienLenhAT                           0x080046a5   Thumb Code    62  gsm_datalayer.o(i.ThucHienLenhAT)
    UART_Init                                0x080046f1   Thumb Code   192  driveruart.o(i.UART_Init)
    USART0_IRQHandler                        0x080047c9   Thumb Code   168  gsm_hardwarelayer.o(i.USART0_IRQHandler)
    USART2_IRQHandler                        0x0800488d   Thumb Code    36  measurement.o(i.USART2_IRQHandler)
    UsageFault_Handler                       0x080048b9   Thumb Code     4  gd32e10x_it.o(i.UsageFault_Handler)
    WatchDogInit                             0x080048bd   Thumb Code     8  hardwaremanager.o(i.WatchDogInit)
    __0sprintf                               0x08004c3d   Thumb Code    34  printfa.o(i.__0sprintf)
    __1sprintf                               0x08004c3d   Thumb Code     0  printfa.o(i.__0sprintf)
    __2sprintf                               0x08004c3d   Thumb Code     0  printfa.o(i.__0sprintf)
    __c89sprintf                             0x08004c3d   Thumb Code     0  printfa.o(i.__0sprintf)
    sprintf                                  0x08004c3d   Thumb Code     0  printfa.o(i.__0sprintf)
    __0vsnprintf                             0x08004c65   Thumb Code    40  printfa.o(i.__0vsnprintf)
    __1vsnprintf                             0x08004c65   Thumb Code     0  printfa.o(i.__0vsnprintf)
    __2vsnprintf                             0x08004c65   Thumb Code     0  printfa.o(i.__0vsnprintf)
    __c89vsnprintf                           0x08004c65   Thumb Code     0  printfa.o(i.__0vsnprintf)
    vsnprintf                                0x08004c65   Thumb Code     0  printfa.o(i.__0vsnprintf)
    __aeabi_errno_addr                       0x08004d01   Thumb Code     4  errno.o(i.__aeabi_errno_addr)
    __rt_errno_addr                          0x08004d01   Thumb Code     0  errno.o(i.__aeabi_errno_addr)
    __scatterload_copy                       0x08004d09   Thumb Code    14  handlers.o(i.__scatterload_copy)
    __scatterload_null                       0x08004d17   Thumb Code     2  handlers.o(i.__scatterload_null)
    __scatterload_zeroinit                   0x08004d19   Thumb Code    14  handlers.o(i.__scatterload_zeroinit)
    adc_calibration_enable                   0x080055fb   Thumb Code    42  gd32e10x_adc.o(i.adc_calibration_enable)
    adc_channel_length_config                0x08005625   Thumb Code    70  gd32e10x_adc.o(i.adc_channel_length_config)
    adc_data_alignment_config                0x0800566b   Thumb Code    22  gd32e10x_adc.o(i.adc_data_alignment_config)
    adc_deinit                               0x08005681   Thumb Code    60  gd32e10x_adc.o(i.adc_deinit)
    adc_dma_mode_enable                      0x080056c1   Thumb Code    10  gd32e10x_adc.o(i.adc_dma_mode_enable)
    adc_enable                               0x080056cb   Thumb Code    18  gd32e10x_adc.o(i.adc_enable)
    adc_external_trigger_config              0x080056dd   Thumb Code    62  gd32e10x_adc.o(i.adc_external_trigger_config)
    adc_external_trigger_source_config       0x0800571b   Thumb Code    48  gd32e10x_adc.o(i.adc_external_trigger_source_config)
    adc_mode_config                          0x0800574d   Thumb Code    22  gd32e10x_adc.o(i.adc_mode_config)
    adc_regular_channel_config               0x08005769   Thumb Code   172  gd32e10x_adc.o(i.adc_regular_channel_config)
    adc_software_trigger_enable              0x08005815   Thumb Code    30  gd32e10x_adc.o(i.adc_software_trigger_enable)
    adc_special_function_config              0x08005833   Thumb Code    90  gd32e10x_adc.o(i.adc_special_function_config)
    alloc_mem                                0x0800588d   Thumb Code   176  at_mem.o(i.alloc_mem)
    app_bkup_init                            0x08005945   Thumb Code    24  app_bkup.o(i.app_bkup_init)
    app_bkup_read_pulse_counter              0x0800595d   Thumb Code    52  app_bkup.o(i.app_bkup_read_pulse_counter)
    app_bkup_write_pulse_counter             0x080059a9   Thumb Code    38  app_bkup.o(i.app_bkup_write_pulse_counter)
    app_wdt_feed                             0x080059cf   Thumb Code     8  app_wdt.o(i.app_wdt_feed)
    app_wdt_start                            0x080059d7   Thumb Code    32  app_wdt.o(i.app_wdt_start)
    avail_mem                                0x080059f9   Thumb Code    22  at_mem.o(i.avail_mem)
    bkp_data_read                            0x08005a15   Thumb Code    50  gd32e10x_bkp.o(i.bkp_data_read)
    bkp_data_write                           0x08005a4d   Thumb Code    46  gd32e10x_bkp.o(i.bkp_data_write)
    bufchar                                  0x08005a81   Thumb Code    36  mqttpacket.o(i.bufchar)
    calc_chksum16be                          0x08005aa9   Thumb Code    18  at_lib.o(i.calc_chksum16be)
    chap_init                                0x08005b5d   Thumb Code     8  at_ppp_chap.o(i.chap_init)
    chap_process                             0x08005b69   Thumb Code   388  at_ppp_chap.o(i.chap_process)
    chap_run                                 0x08005cf5   Thumb Code    74  at_ppp_chap.o(i.chap_run)
    chksum16_buf                             0x08005d65   Thumb Code    40  at_lib.o(i.chksum16_buf)
    chksum16_val                             0x08005d8d   Thumb Code    10  at_lib.o(i.chksum16_val)
    com_getchar                              0x08005d99   Thumb Code    44  gsm_hardwarelayer.o(i.com_getchar)
    com_put_at_character                     0x08005dc9   Thumb Code   100  gsm_hardwarelayer.o(i.com_put_at_character)
    com_put_at_string                        0x08005e39   Thumb Code    24  gsm_hardwarelayer.o(i.com_put_at_string)
    com_putchar                              0x08005e51   Thumb Code   112  gsm_hardwarelayer.o(i.com_putchar)
    com_tx_active                            0x08005ed1   Thumb Code     8  gsm_hardwarelayer.o(i.com_tx_active)
    dma_channel_enable                       0x08005ffd   Thumb Code    50  gd32e10x_dma.o(i.dma_channel_enable)
    dma_circulation_enable                   0x0800602f   Thumb Code    50  gd32e10x_dma.o(i.dma_circulation_enable)
    dma_deinit                               0x08006061   Thumb Code   112  gd32e10x_dma.o(i.dma_deinit)
    dma_init                                 0x080060d1   Thumb Code   302  gd32e10x_dma.o(i.dma_init)
    dns_init                                 0x08006219   Thumb Code    54  at_dns.o(i.dns_init)
    dns_run_client                           0x08006419   Thumb Code   150  at_dns.o(i.dns_run_client)
    eth_chk_adr                              0x08006561   Thumb Code     4  net_config.o(i.eth_chk_adr)
    eth_send_frame                           0x08006565   Thumb Code     4  net_config.o(i.eth_send_frame)
    exti_interrupt_flag_clear                0x08006569   Thumb Code     6  gd32e10x_exti.o(i.exti_interrupt_flag_clear)
    exti_interrupt_flag_get                  0x08006575   Thumb Code    32  gd32e10x_exti.o(i.exti_interrupt_flag_get)
    fmc_flag_clear                           0x08006599   Thumb Code    28  gd32e10x_fmc.o(i.fmc_flag_clear)
    fmc_lock                                 0x080065b9   Thumb Code    14  gd32e10x_fmc.o(i.fmc_lock)
    fmc_page_erase                           0x080065cd   Thumb Code    66  gd32e10x_fmc.o(i.fmc_page_erase)
    fmc_unlock                               0x08006679   Thumb Code    22  gd32e10x_fmc.o(i.fmc_unlock)
    fmc_word_program                         0x0800669d   Thumb Code    60  gd32e10x_fmc.o(i.fmc_word_program)
    free_mem                                 0x080066dd   Thumb Code   124  at_mem.o(i.free_mem)
    fwdgt_config                             0x08006761   Thumb Code    94  gd32e10x_fwdgt.o(i.fwdgt_config)
    fwdgt_counter_reload                     0x080067c9   Thumb Code    10  gd32e10x_fwdgt.o(i.fwdgt_counter_reload)
    fwdgt_enable                             0x080067d9   Thumb Code    10  gd32e10x_fwdgt.o(i.fwdgt_enable)
    get_host_by_name                         0x0800684d   Thumb Code   362  at_dns.o(i.get_host_by_name)
    get_rnd32                                0x08006a01   Thumb Code    18  at_system.o(i.get_rnd32)
    getdata                                  0x08006a1d   Thumb Code    94  mqtt_hardwarelayer.o(i.getdata)
    gpio_bit_set                             0x08006a81   Thumb Code     4  gd32e10x_gpio.o(i.gpio_bit_set)
    gpio_bit_write                           0x08006a85   Thumb Code    10  gd32e10x_gpio.o(i.gpio_bit_write)
    gpio_init                                0x08006a8f   Thumb Code   188  gd32e10x_gpio.o(i.gpio_init)
    gpio_input_bit_get                       0x08006b4b   Thumb Code    16  gd32e10x_gpio.o(i.gpio_input_bit_get)
    gpio_pin_remap_config                    0x08006b5d   Thumb Code   138  gd32e10x_gpio.o(i.gpio_pin_remap_config)
    gsmWakeUpPeriodically                    0x08006bed   Thumb Code     2  gsm_datalayer.o(i.gsmWakeUpPeriodically)
    icmp_init                                0x08006bf1   Thumb Code    10  at_icmp.o(i.icmp_init)
    icmp_process                             0x08006c01   Thumb Code   198  at_icmp.o(i.icmp_process)
    icmp_run_engine                          0x08006ccd   Thumb Code    58  at_icmp.o(i.icmp_run_engine)
    igmp_is_member                           0x08006d85   Thumb Code     4  net_config.o(i.igmp_is_member)
    init_TcpNet                              0x08006d89   Thumb Code    38  at_system.o(i.init_TcpNet)
    init_mem                                 0x08006db9   Thumb Code    86  at_mem.o(i.init_mem)
    init_serial                              0x08006e19   Thumb Code    34  gsm_hardwarelayer.o(i.init_serial)
    init_system                              0x08006e41   Thumb Code    30  net_config.o(i.init_system)
    int_disable_eth                          0x08006e5f   Thumb Code     2  at_lib_def.o(i.int_disable_eth)
    int_enable_eth                           0x08006e61   Thumb Code     2  at_lib_def.o(i.int_enable_eth)
    ip_chk_frame                             0x08006e65   Thumb Code   202  at_ip.o(i.ip_chk_frame)
    ip_get_locadr                            0x08006f45   Thumb Code   166  at_ip.o(i.ip_get_locadr)
    ip_init                                  0x08006ffd   Thumb Code     8  at_ip.o(i.ip_init)
    ip_run_local                             0x08007009   Thumb Code    82  at_ip.o(i.ip_run_local)
    ip_send_frame                            0x08007065   Thumb Code   322  at_ip.o(i.ip_send_frame)
    ipcp_init                                0x08007275   Thumb Code    50  at_ppp_ipcp.o(i.ipcp_init)
    ipcp_process                             0x080072b9   Thumb Code   648  at_ppp_ipcp.o(i.ipcp_process)
    ipcp_run                                 0x0800754d   Thumb Code    98  at_ppp_ipcp.o(i.ipcp_run)
    is_subnet                                0x0800768d   Thumb Code    20  at_lib.o(i.is_subnet)
    lcp_echo                                 0x08007869   Thumb Code    38  at_ppp_lcp.o(i.lcp_echo)
    lcp_init                                 0x080078d9   Thumb Code    40  at_ppp_lcp.o(i.lcp_init)
    lcp_process                              0x0800790d   Thumb Code  1238  at_ppp_lcp.o(i.lcp_process)
    lcp_run                                  0x08007de5   Thumb Code    86  at_ppp_lcp.o(i.lcp_run)
    lcp_terminate                            0x08007e8d   Thumb Code    36  at_ppp_lcp.o(i.lcp_terminate)
    main                                     0x08007ebd   Thumb Code   112  main.o(i.main)
    main_TcpNet                              0x08007f41   Thumb Code    86  at_system.o(i.main_TcpNet)
    md5_final                                0x08007fa5   Thumb Code    94  at_md5.o(i.md5_final)
    md5_init                                 0x08008005   Thumb Code    26  at_md5.o(i.md5_init)
    md5_update                               0x08008199   Thumb Code   104  at_md5.o(i.md5_update)
    mem_comp                                 0x08008201   Thumb Code    24  at_lib.o(i.mem_comp)
    mem_copy                                 0x08008219   Thumb Code    22  at_lib.o(i.mem_copy)
    mem_rcopy                                0x0800822f   Thumb Code    32  at_lib.o(i.mem_rcopy)
    mem_set                                  0x0800824f   Thumb Code    10  at_lib.o(i.mem_set)
    mem_test                                 0x08008259   Thumb Code    20  at_lib.o(i.mem_test)
    modem_dial                               0x0800826d   Thumb Code    14  gsm_hardwarelayer.o(i.modem_dial)
    modem_hangup                             0x08008281   Thumb Code     2  gsm_hardwarelayer.o(i.modem_hangup)
    modem_init                               0x08008285   Thumb Code    10  gsm_hardwarelayer.o(i.modem_init)
    modem_online                             0x08008295   Thumb Code    18  gsm_hardwarelayer.o(i.modem_online)
    modem_process                            0x080082ad   Thumb Code   272  gsm_hardwarelayer.o(i.modem_process)
    modem_run                                0x0800845d   Thumb Code   208  gsm_hardwarelayer.o(i.modem_run)
    nrd_u16be                                0x0800870d   Thumb Code    10  at_lib.o(i.nrd_u16be)
    nrd_u32be                                0x08008717   Thumb Code    22  at_lib.o(i.nrd_u32be)
    nvic_irq_enable                          0x0800872d   Thumb Code   162  gd32e10x_misc.o(i.nvic_irq_enable)
    nvic_priority_group_set                  0x080087d9   Thumb Code    10  gd32e10x_misc.o(i.nvic_priority_group_set)
    nvic_vector_table_set                    0x080087ed   Thumb Code    12  gd32e10x_misc.o(i.nvic_vector_table_set)
    nwr_u32be                                0x08008801   Thumb Code    16  at_lib.o(i.nwr_u32be)
    pap_init                                 0x08008891   Thumb Code     8  at_ppp_pap.o(i.pap_init)
    pap_process                              0x0800889d   Thumb Code   158  at_ppp_pap.o(i.pap_process)
    pap_run                                  0x08008945   Thumb Code    74  at_ppp_pap.o(i.pap_run)
    pmu_backup_write_enable                  0x080089b5   Thumb Code    14  gd32e10x_pmu.o(i.pmu_backup_write_enable)
    ppp_close                                0x08008a35   Thumb Code    20  at_ppp.o(i.ppp_close)
    ppp_connect                              0x08008a4d   Thumb Code    30  at_ppp.o(i.ppp_connect)
    ppp_cp_code_reject                       0x08008a71   Thumb Code    72  at_ppp.o(i.ppp_cp_code_reject)
    ppp_init_link                            0x08008ae1   Thumb Code    42  at_ppp.o(i.ppp_init_link)
    ppp_is_up                                0x08008b11   Thumb Code    16  at_ppp.o(i.ppp_is_up)
    ppp_run_link                             0x08008c0d   Thumb Code   334  at_ppp.o(i.ppp_run_link)
    ppp_send_frame                           0x08008d69   Thumb Code   190  at_ppp.o(i.ppp_send_frame)
    ppp_shutdown                             0x08008e2d   Thumb Code    30  at_ppp.o(i.ppp_shutdown)
    rcu_adc_clock_config                     0x08008f15   Thumb Code    98  gd32e10x_rcu.o(i.rcu_adc_clock_config)
    rcu_all_reset_flag_clear                 0x08008f81   Thumb Code    14  gd32e10x_rcu.o(i.rcu_all_reset_flag_clear)
    rcu_clock_freq_get                       0x08008f95   Thumb Code   352  gd32e10x_rcu.o(i.rcu_clock_freq_get)
    rcu_flag_get                             0x08009115   Thumb Code    30  gd32e10x_rcu.o(i.rcu_flag_get)
    rcu_periph_clock_enable                  0x08009139   Thumb Code    28  gd32e10x_rcu.o(i.rcu_periph_clock_enable)
    rcu_periph_reset_disable                 0x08009159   Thumb Code    28  gd32e10x_rcu.o(i.rcu_periph_reset_disable)
    rcu_periph_reset_enable                  0x08009179   Thumb Code    28  gd32e10x_rcu.o(i.rcu_periph_reset_enable)
    readChar                                 0x08009199   Thumb Code    14  mqttpacket.o(i.readChar)
    readInt                                  0x080091a7   Thumb Code    26  mqttpacket.o(i.readInt)
    readMQTTLenString                        0x080091c1   Thumb Code    58  mqttpacket.o(i.readMQTTLenString)
    resize_mem                               0x080091fd   Thumb Code    68  at_mem.o(i.resize_mem)
    run_system                               0x08009245   Thumb Code    26  net_config.o(i.run_system)
    slip_send_frame                          0x0800925f   Thumb Code     4  net_config.o(i.slip_send_frame)
    str_copy                                 0x08009285   Thumb Code    18  at_lib.o(i.str_copy)
    str_crc32                                0x08009297   Thumb Code    26  at_lib.o(i.str_crc32)
    str_pos                                  0x080092b1   Thumb Code    22  at_lib.o(i.str_pos)
    str_scomp                                0x080092c7   Thumb Code    26  at_lib.o(i.str_scomp)
    sys_error                                0x080092e1   Thumb Code    36  net_config.o(i.sys_error)
    sys_get_ms                               0x08009305   Thumb Code     6  main.o(i.sys_get_ms)
    tcp_abort                                0x08009385   Thumb Code    76  at_tcp.o(i.tcp_abort)
    tcp_check_send                           0x080093d5   Thumb Code    52  at_tcp.o(i.tcp_check_send)
    tcp_connect                              0x0800940d   Thumb Code   174  at_tcp.o(i.tcp_connect)
    tcp_get_buf                              0x080094c1   Thumb Code    32  at_tcp.o(i.tcp_get_buf)
    tcp_get_free_port                        0x080094e1   Thumb Code    58  at_tcp.o(i.tcp_get_free_port)
    tcp_get_socket                           0x08009525   Thumb Code    70  at_tcp.o(i.tcp_get_socket)
    tcp_get_state                            0x08009571   Thumb Code    32  at_tcp.o(i.tcp_get_state)
    tcp_init                                 0x08009595   Thumb Code    18  at_tcp.o(i.tcp_init)
    tcp_max_dsize                            0x08009645   Thumb Code    30  at_tcp.o(i.tcp_max_dsize)
    tcp_poll_sockets                         0x080096c9   Thumb Code   630  at_tcp.o(i.tcp_poll_sockets)
    tcp_process                              0x08009a65   Thumb Code  1206  at_tcp.o(i.tcp_process)
    tcp_release_socket                       0x08009ff1   Thumb Code    50  at_tcp.o(i.tcp_release_socket)
    tcp_send                                 0x0800a029   Thumb Code   202  at_tcp.o(i.tcp_send)
    timer_tick                               0x0800a369   Thumb Code    14  at_system.o(i.timer_tick)
    udp_close                                0x0800a37d   Thumb Code    38  at_udp.o(i.udp_close)
    udp_get_buf                              0x0800a3a9   Thumb Code    32  at_udp.o(i.udp_get_buf)
    udp_get_socket                           0x0800a3c9   Thumb Code    62  at_udp.o(i.udp_get_socket)
    udp_init                                 0x0800a40d   Thumb Code    18  at_udp.o(i.udp_init)
    udp_open                                 0x0800a425   Thumb Code    96  at_udp.o(i.udp_open)
    udp_process                              0x0800a4b9   Thumb Code   178  at_udp.o(i.udp_process)
    udp_send                                 0x0800a571   Thumb Code   280  at_udp.o(i.udp_send)
    usart_baudrate_set                       0x0800a68d   Thumb Code   136  gd32e10x_usart.o(i.usart_baudrate_set)
    usart_data_receive                       0x0800a71d   Thumb Code    10  gd32e10x_usart.o(i.usart_data_receive)
    usart_data_transmit                      0x0800a727   Thumb Code     8  gd32e10x_usart.o(i.usart_data_transmit)
    usart_deinit                             0x0800a731   Thumb Code   136  gd32e10x_usart.o(i.usart_deinit)
    usart_enable                             0x0800a7c1   Thumb Code    10  gd32e10x_usart.o(i.usart_enable)
    usart_flag_clear                         0x0800a7cb   Thumb Code    26  gd32e10x_usart.o(i.usart_flag_clear)
    usart_flag_get                           0x0800a7e5   Thumb Code    30  gd32e10x_usart.o(i.usart_flag_get)
    usart_interrupt_disable                  0x0800a803   Thumb Code    26  gd32e10x_usart.o(i.usart_interrupt_disable)
    usart_interrupt_enable                   0x0800a81d   Thumb Code    26  gd32e10x_usart.o(i.usart_interrupt_enable)
    usart_interrupt_flag_clear               0x0800a837   Thumb Code    26  gd32e10x_usart.o(i.usart_interrupt_flag_clear)
    usart_interrupt_flag_get                 0x0800a851   Thumb Code    56  gd32e10x_usart.o(i.usart_interrupt_flag_get)
    usart_parity_config                      0x0800a889   Thumb Code    16  gd32e10x_usart.o(i.usart_parity_config)
    usart_receive_config                     0x0800a899   Thumb Code    16  gd32e10x_usart.o(i.usart_receive_config)
    usart_stop_bit_set                       0x0800a8a9   Thumb Code    16  gd32e10x_usart.o(i.usart_stop_bit_set)
    usart_transmit_config                    0x0800a8b9   Thumb Code    16  gd32e10x_usart.o(i.usart_transmit_config)
    usart_word_length_set                    0x0800a8c9   Thumb Code    16  gd32e10x_usart.o(i.usart_word_length_set)
    writeCString                             0x0800a8d9   Thumb Code    40  mqttpacket.o(i.writeCString)
    writeChar                                0x0800a901   Thumb Code    12  mqttpacket.o(i.writeChar)
    writeInt                                 0x0800a90d   Thumb Code    48  mqttpacket.o(i.writeInt)
    writeMQTTString                          0x0800a93d   Thumb Code    62  mqttpacket.o(i.writeMQTTString)
    nlocalm                                  0x0800a97c   Data          60  net_config.o(.constdata)
    sys_config                               0x0800a9b8   Data          16  net_config.o(.constdata)
    ppp_config                               0x0800a9c8   Data          12  net_config.o(.constdata)
    udp_config                               0x0800a9d4   Data           8  net_config.o(.constdata)
    tcp_config                               0x0800a9dc   Data          24  net_config.o(.constdata)
    dns_config                               0x0800a9f4   Data           8  net_config.o(.constdata)
    WelcomeStr                               0x0800a9fc   Data          29  initsystem.o(.constdata)
    IP_Broadcast                             0x0800aa29   Data           4  at_ip.o(.constdata)
    __ctype_table                            0x0800ad44   Data         129  ctype_o.o(.constdata)
    Region$$Table$$Base                      0x0800adcc   Number         0  anon$$obj.o(Region$$Table)
    Region$$Table$$Limit                     0x0800adec   Number         0  anon$$obj.o(Region$$Table)
    lhost_name                               0x20000000   Data          16  net_config.o(.data)
    ADC_RegularConvertedValueTab             0x20000010   Data           4  measurement.o(.data)
    receiveMasterTimeout                     0x2000001c   Data           1  measurement.o(.data)
    VphotoAvg                                0x2000001e   Data           4  measurement.o(.data)
    lastPulseState                           0x20000022   Data           1  measurement.o(.data)
    curPulseState                            0x20000023   Data           1  measurement.o(.data)
    pulseLengthInMs                          0x20000024   Data           2  measurement.o(.data)
    tmpVcell                                 0x20000026   Data           2  measurement.o(.data)
    measureUltraTimeout                      0x20000028   Data           1  measurement.o(.data)
    TimingDelay                              0x20000044   Data           2  main.o(.data)
    m_sys_tick                               0x20000048   Data           4  main.o(.data)
    m_sys_tick64                             0x20000050   Data           8  main.o(.data)
    ledToggle                                0x20000058   Data           1  main.o(.data)
    WaitGSMReady                             0x20000062   Data           1  gsm_datalayer.o(.data)
    GSMNotReady                              0x20000063   Data           1  gsm_datalayer.o(.data)
    SendATOPeriod                            0x20000064   Data           1  gsm_datalayer.o(.data)
    ModuleNotMounted                         0x20000065   Data           1  gsm_datalayer.o(.data)
    InSleepModeTick                          0x20000066   Data           1  gsm_datalayer.o(.data)
    TimeoutToSleep                           0x20000067   Data           1  gsm_datalayer.o(.data)
    GetSignalLevelTimeOut                    0x20000068   Data           2  gsm_datalayer.o(.data)
    SendATInATModeIdle                       0x2000006a   Data           1  gsm_datalayer.o(.data)
    LastRIState                              0x2000006f   Data           1  gsm_datalayer.o(.data)
    CallCounter                              0x20000070   Data           1  gsm_datalayer.o(.data)
    TrangThaiDen                             0x2000007a   Data           1  mqtt_clientmessage.o(.data)
    pub_dup                                  0x2000007e   Data           1  mqtt_clientmessage.o(.data)
    pub_retained                             0x2000007f   Data           1  mqtt_clientmessage.o(.data)
    MqttClientInfo                           0x20000088   Data          88  mqtt_hardwarelayer.o(.data)
    DNSResolved                              0x200000e0   Data           1  mqtt_hardwarelayer.o(.data)
    pubPackageId                             0x200000e8   Data           2  mqtt_hardwarelayer.o(.data)
    subPayload                               0x200000ec   Data           4  mqtt_hardwarelayer.o(.data)
    isSubscribed                             0x200000f0   Data           1  mqtt_hardwarelayer.o(.data)
    SystemCoreClock                          0x200000fc   Data           4  system_gd32e10x.o(.data)
    SensorUartBuffer                         0x20001418   Data         257  measurement.o(.bss)
    xSystem                                  0x2000151c   Data        2924  initsystem.o(.bss)
    debugBuffer                              0x20002088   Data          52  debug.o(.bss)
    tmpRTTBuff                               0x200020bc   Data          20  debug.o(.bss)
    GSM_Hardware                             0x20002120   Data        3292  gsm_hardwarelayer.o(.bss)
    GSM_Manager                              0x20002dfc   Data          18  gsm_hardwarelayer.o(.bss)
    mqttBuffer                               0x20003010   Data        1028  mqtt_clientmessage.o(.bss)
    PubTopicString                           0x20003414   Data          12  mqtt_clientmessage.o(.bss)
    SubTopicString                           0x20003420   Data          12  mqtt_hardwarelayer.o(.bss)
    RecvSubTopic                             0x2000342c   Data          12  mqtt_hardwarelayer.o(.bss)
    mqttTcpRecvBuff                          0x20003538   Data         516  mqtt_hardwarelayer.o(.bss)
    mqttClientIdBuff                         0x2000373c   Data          35  mqtt_hardwarelayer.o(.bss)
    _SEGGER_RTT                              0x20003760   Data         168  segger_rtt.o(.bss)
    ppp_control                              0x20003a48   Data          28  at_ppp.o(.bss)
    localm                                   0x20003a64   Data          60  at_system.o(.bss)
    sys_control                              0x20003aa0   Data          16  at_system.o(.bss)
    __initial_sp                             0x20003f00   Data           0  startup_gd32e10x.o(STACK)



==============================================================================

Memory Map of the image

  Image Entry point : 0x08000151

  Load Region LR_IROM1 (Base: 0x08000000, Size: 0x0000af08, Max: 0x00020000, ABSOLUTE)

    Execution Region ER_IROM1 (Exec base: 0x08000000, Load base: 0x08000000, Size: 0x0000adec, Max: 0x00020000, ABSOLUTE)

    Exec Addr    Load Addr    Size         Type   Attr      Idx    E Section Name        Object

    0x08000000   0x08000000   0x00000150   Data   RO         6295    RESET               startup_gd32e10x.o
    0x08000150   0x08000150   0x00000000   Code   RO         6703  * .ARM.Collect$$$$00000000  mc_w.l(entry.o)
    0x08000150   0x08000150   0x00000004   Code   RO         7004    .ARM.Collect$$$$00000001  mc_w.l(entry2.o)
    0x08000154   0x08000154   0x00000004   Code   RO         7007    .ARM.Collect$$$$00000004  mc_w.l(entry5.o)
    0x08000158   0x08000158   0x00000000   Code   RO         7009    .ARM.Collect$$$$00000008  mc_w.l(entry7b.o)
    0x08000158   0x08000158   0x00000000   Code   RO         7011    .ARM.Collect$$$$0000000A  mc_w.l(entry8b.o)
    0x08000158   0x08000158   0x00000008   Code   RO         7012    .ARM.Collect$$$$0000000B  mc_w.l(entry9a.o)
    0x08000160   0x08000160   0x00000000   Code   RO         7014    .ARM.Collect$$$$0000000D  mc_w.l(entry10a.o)
    0x08000160   0x08000160   0x00000000   Code   RO         7016    .ARM.Collect$$$$0000000F  mc_w.l(entry11a.o)
    0x08000160   0x08000160   0x00000004   Code   RO         7005    .ARM.Collect$$$$00002712  mc_w.l(entry2.o)
    0x08000164   0x08000164   0x00000024   Code   RO         6296    .text               startup_gd32e10x.o
    0x08000188   0x08000188   0x00000024   Code   RO         6723    .text               mc_w.l(memcpya.o)
    0x080001ac   0x080001ac   0x00000024   Code   RO         6725    .text               mc_w.l(memseta.o)
    0x080001d0   0x080001d0   0x00000018   Code   RO         6727    .text               mc_w.l(strcat.o)
    0x080001e8   0x080001e8   0x00000024   Code   RO         6729    .text               mc_w.l(strstr.o)
    0x0800020c   0x0800020c   0x0000000e   Code   RO         6731    .text               mc_w.l(strlen.o)
    0x0800021a   0x0800021a   0x00000012   Code   RO         6735    .text               mc_w.l(strcpy.o)
    0x0800022c   0x0800022c   0x0000001a   Code   RO         7002    .text               mc_w.l(atoi.o)
    0x08000246   0x08000246   0x0000002c   Code   RO         7020    .text               mc_w.l(uidiv.o)
    0x08000272   0x08000272   0x00000062   Code   RO         7022    .text               mc_w.l(uldiv.o)
    0x080002d4   0x080002d4   0x00000070   Code   RO         7031    .text               mc_w.l(strtol.o)
    0x08000344   0x08000344   0x00000000   Code   RO         7033    .text               mc_w.l(iusefp.o)
    0x08000344   0x08000344   0x0000014e   Code   RO         7036    .text               mf_w.l(dadd.o)
    0x08000492   0x08000492   0x000000e4   Code   RO         7038    .text               mf_w.l(dmul.o)
    0x08000576   0x08000576   0x000000de   Code   RO         7040    .text               mf_w.l(ddiv.o)
    0x08000654   0x08000654   0x00000030   Code   RO         7042    .text               mf_w.l(dfixul.o)
    0x08000684   0x08000684   0x00000030   Code   RO         7044    .text               mf_w.l(cdrcmple.o)
    0x080006b4   0x080006b4   0x00000024   Code   RO         7046    .text               mc_w.l(init.o)
    0x080006d8   0x080006d8   0x0000001e   Code   RO         7048    .text               mc_w.l(llshl.o)
    0x080006f6   0x080006f6   0x00000020   Code   RO         7050    .text               mc_w.l(llushr.o)
    0x08000716   0x08000716   0x00000024   Code   RO         7052    .text               mc_w.l(llsshr.o)
    0x0800073a   0x0800073a   0x00000002   PAD
    0x0800073c   0x0800073c   0x00000008   Code   RO         7054    .text               mc_w.l(ctype_o.o)
    0x08000744   0x08000744   0x0000009e   Code   RO         7082    .text               mc_w.l(_strtoul.o)
    0x080007e2   0x080007e2   0x000000ba   Code   RO         7084    .text               mf_w.l(depilogue.o)
    0x0800089c   0x0800089c   0x0000001c   Code   RO         7086    .text               mc_w.l(_chval.o)
    0x080008b8   0x080008b8   0x00000118   Code   RO          401    i.ADC_Config        initsystem.o
    0x080009d0   0x080009d0   0x00000004   Code   RO          623    i.BusFault_Handler  gd32e10x_it.o
    0x080009d4   0x080009d4   0x00000178   Code   RO         1202    i.ChangeGSMState    gsm_datalayer.o
    0x08000b4c   0x08000b4c   0x0000004c   Code   RO         1203    i.CheckGSMIdle      gsm_datalayer.o
    0x08000b98   0x08000b98   0x0000005c   Code   RO         1546    i.CheckMQTTGPRSBufferState  mqtt_clientmessage.o
    0x08000bf4   0x08000bf4   0x00000002   Code   RO          624    i.DebugMon_Handler  gd32e10x_it.o
    0x08000bf6   0x08000bf6   0x00000002   PAD
    0x08000bf8   0x08000bf8   0x0000008c   Code   RO          712    i.Debug_Tick        debug.o
    0x08000c84   0x08000c84   0x00000018   Code   RO          527    i.Delay_Decrement   main.o
    0x08000c9c   0x08000c9c   0x0000002c   Code   RO          528    i.Delayms           main.o
    0x08000cc8   0x08000cc8   0x000000c4   Code   RO          329    i.DetectResetReason  hardwaremanager.o
    0x08000d8c   0x08000d8c   0x000000ec   Code   RO          402    i.DrawScreen        initsystem.o
    0x08000e78   0x08000e78   0x00000016   Code   RO          625    i.EXTI10_15_IRQHandler  gd32e10x_it.o
    0x08000e8e   0x08000e8e   0x00000002   PAD
    0x08000e90   0x08000e90   0x000000d8   Code   RO         1204    i.GSM_ExitSleepMode  gsm_datalayer.o
    0x08000f68   0x08000f68   0x000000fc   Code   RO         1205    i.GSM_GetBTSInfor   gsm_datalayer.o
    0x08001064   0x08001064   0x0000006c   Code   RO         1496    i.GSM_GetIMEI       gsm_utilities.o
    0x080010d0   0x080010d0   0x00000002   Code   RO         1497    i.GSM_GetNetworkOperator  gsm_utilities.o
    0x080010d2   0x080010d2   0x00000002   PAD
    0x080010d4   0x080010d4   0x00000074   Code   RO         1498    i.GSM_GetNetworkStatus  gsm_utilities.o
    0x08001148   0x08001148   0x00000038   Code   RO         1499    i.GSM_GetSignalStrength  gsm_utilities.o
    0x08001180   0x08001180   0x0000000a   Code   RO         1206    i.GSM_GotoSleep     gsm_datalayer.o
    0x0800118a   0x0800118a   0x00000002   PAD
    0x0800118c   0x0800118c   0x000000d8   Code   RO         1207    i.GSM_GotoSleepMode  gsm_datalayer.o
    0x08001264   0x08001264   0x00000090   Code   RO         1208    i.GSM_HardReset     gsm_datalayer.o
    0x080012f4   0x080012f4   0x00000018   Code   RO         1209    i.GSM_InitDataLayer  gsm_datalayer.o
    0x0800130c   0x0800130c   0x000000e0   Code   RO         1351    i.GSM_InitHardware  gsm_hardwarelayer.o
    0x080013ec   0x080013ec   0x000002f8   Code   RO         1210    i.GSM_ManagerTick   gsm_datalayer.o
    0x080016e4   0x080016e4   0x00000002   Code   RO         1211    i.GSM_ReadSMS       gsm_datalayer.o
    0x080016e6   0x080016e6   0x00000002   PAD
    0x080016e8   0x080016e8   0x000000e4   Code   RO         1212    i.GSM_SendATCommand  gsm_datalayer.o
    0x080017cc   0x080017cc   0x00000002   Code   RO         1213    i.GSM_SendSMS       gsm_datalayer.o
    0x080017ce   0x080017ce   0x0000003e   Code   RO          759    i.GetNumberFromString  utilities.o
    0x0800180c   0x0800180c   0x0000002c   Code   RO         1548    i.GuiBanTinDinhKiTick  mqtt_clientmessage.o
    0x08001838   0x08001838   0x00000024   Code   RO          626    i.HardFault_Handler  gd32e10x_it.o
    0x0800185c   0x0800185c   0x000000bc   Code   RO          330    i.Hardware_XoaCoLoi  hardwaremanager.o
    0x08001918   0x08001918   0x00000034   Code   RO          403    i.InitIO            initsystem.o
    0x0800194c   0x0800194c   0x00000044   Code   RO          404    i.InitSystem        initsystem.o
    0x08001990   0x08001990   0x00000002   Code   RO          405    i.InitVariable      initsystem.o
    0x08001992   0x08001992   0x00000010   Code   RO         1112    i.InternalFlash_Init  internalflash.o
    0x080019a2   0x080019a2   0x00000002   PAD
    0x080019a4   0x080019a4   0x00000110   Code   RO         1115    i.InternalFlash_ReadConfig  internalflash.o
    0x08001ab4   0x08001ab4   0x00000164   Code   RO         1117    i.InternalFlash_WriteConfig  internalflash.o
    0x08001c18   0x08001c18   0x00000076   Code   RO         1722    i.MQTTDeserialize_connack  mqttconnectclient.o
    0x08001c8e   0x08001c8e   0x000000ae   Code   RO         1805    i.MQTTDeserialize_publish  mqttdeserializepublish.o
    0x08001d3c   0x08001d3c   0x00000092   Code   RO         2052    i.MQTTDeserialize_suback  mqttsubscribeclient.o
    0x08001dce   0x08001dce   0x00000058   Code   RO         1886    i.MQTTPacket_decode  mqttpacket.o
    0x08001e26   0x08001e26   0x00000002   PAD
    0x08001e28   0x08001e28   0x0000001c   Code   RO         1887    i.MQTTPacket_decodeBuf  mqttpacket.o
    0x08001e44   0x08001e44   0x00000036   Code   RO         1889    i.MQTTPacket_encode  mqttpacket.o
    0x08001e7a   0x08001e7a   0x00000002   PAD
    0x08001e7c   0x08001e7c   0x00000028   Code   RO         1891    i.MQTTPacket_len    mqttpacket.o
    0x08001ea4   0x08001ea4   0x00000066   Code   RO         1892    i.MQTTPacket_read   mqttpacket.o
    0x08001f0a   0x08001f0a   0x00000002   PAD
    0x08001f0c   0x08001f0c   0x00000168   Code   RO         1723    i.MQTTSerialize_connect  mqttconnectclient.o
    0x08002074   0x08002074   0x00000076   Code   RO         1724    i.MQTTSerialize_connectLength  mqttconnectclient.o
    0x080020ea   0x080020ea   0x000000b0   Code   RO         2013    i.MQTTSerialize_publish  mqttserializepublish.o
    0x0800219a   0x0800219a   0x00000022   Code   RO         2014    i.MQTTSerialize_publishLength  mqttserializepublish.o
    0x080021bc   0x080021bc   0x000000b0   Code   RO         2053    i.MQTTSerialize_subscribe  mqttsubscribeclient.o
    0x0800226c   0x0800226c   0x0000002e   Code   RO         2054    i.MQTTSerialize_subscribeLength  mqttsubscribeclient.o
    0x0800229a   0x0800229a   0x00000002   PAD
    0x0800229c   0x0800229c   0x00000020   Code   RO         1550    i.MQTT_ClientMessageTick  mqtt_clientmessage.o
    0x080022bc   0x080022bc   0x00000080   Code   RO         1638    i.MQTT_Init         mqtt_hardwarelayer.o
    0x0800233c   0x0800233c   0x00000068   Code   RO         1551    i.MQTT_InitBufferQueue  mqtt_clientmessage.o
    0x080023a4   0x080023a4   0x00000350   Code   RO         1639    i.MQTT_ProcThread   mqtt_hardwarelayer.o
    0x080026f4   0x080026f4   0x00000320   Code   RO         1552    i.MQTT_PublishDataMsg  mqtt_clientmessage.o
    0x08002a14   0x08002a14   0x00000018   Code   RO         1640    i.MQTT_ReconnectTcp  mqtt_hardwarelayer.o
    0x08002a2c   0x08002a2c   0x00000006   Code   RO         1554    i.MQTT_SendBufferToServer  mqtt_clientmessage.o
    0x08002a32   0x08002a32   0x00000002   PAD
    0x08002a34   0x08002a34   0x000000a8   Code   RO         1642    i.MQTT_SubscribeNewTopic  mqtt_hardwarelayer.o
    0x08002adc   0x08002adc   0x000000dc   Code   RO         1643    i.MQTT_TCPSend      mqtt_hardwarelayer.o
    0x08002bb8   0x08002bb8   0x000005c4   Code   RO         1644    i.MQTT_Tick         mqtt_hardwarelayer.o
    0x0800317c   0x0800317c   0x00000018   Code   RO         1894    i.MQTTstrlen        mqttpacket.o
    0x08003194   0x08003194   0x00000028   Code   RO           88    i.MeasureInputPowerTick  measurement.o
    0x080031bc   0x080031bc   0x00000070   Code   RO           89    i.Measure_Init      measurement.o
    0x0800322c   0x0800322c   0x000000d0   Code   RO           90    i.Measure_PulseTick  measurement.o
    0x080032fc   0x080032fc   0x000001ac   Code   RO           91    i.Measure_Tick      measurement.o
    0x080034a8   0x080034a8   0x00000004   Code   RO          627    i.MemManage_Handler  gd32e10x_it.o
    0x080034ac   0x080034ac   0x00000002   Code   RO          628    i.NMI_Handler       gd32e10x_it.o
    0x080034ae   0x080034ae   0x00000002   PAD
    0x080034b0   0x080034b0   0x0000018c   Code   RO         1215    i.OpenPPPStack      gsm_datalayer.o
    0x0800363c   0x0800363c   0x00000002   Code   RO          629    i.PendSV_Handler    gd32e10x_it.o
    0x0800363e   0x0800363e   0x00000002   PAD
    0x08003640   0x08003640   0x000007d4   Code   RO         1216    i.PowerOnModuleGSM  gsm_datalayer.o
    0x08003e14   0x08003e14   0x00000048   Code   RO         1645    i.ProcessMqttTCPPackage  mqtt_hardwarelayer.o
    0x08003e5c   0x08003e5c   0x000000e8   Code   RO          713    i.ProcessNewDebugData  debug.o
    0x08003f44   0x08003f44   0x00000002   Code   RO           92    i.ProcessNewSensorUartData  measurement.o
    0x08003f46   0x08003f46   0x00000002   PAD
    0x08003f48   0x08003f48   0x00000044   Code   RO          529    i.ProcessTimeout1000ms  main.o
    0x08003f8c   0x08003f8c   0x0000000c   Code   RO          530    i.ProcessTimeout100ms  main.o
    0x08003f98   0x08003f98   0x00000010   Code   RO          531    i.ProcessTimeout10ms  main.o
    0x08003fa8   0x08003fa8   0x00000088   Code   RO          532    i.ProcessTimeout5000ms  main.o
    0x08004030   0x08004030   0x000000a4   Code   RO          407    i.RCC_Config        initsystem.o
    0x080040d4   0x080040d4   0x00000008   Code   RO          331    i.ResetWatchdog     hardwaremanager.o
    0x080040dc   0x080040dc   0x00000038   Code   RO         2339    i.SEGGER_RTT_Read   segger_rtt.o
    0x08004114   0x08004114   0x000000a8   Code   RO         2340    i.SEGGER_RTT_ReadNoLock  segger_rtt.o
    0x080041bc   0x080041bc   0x00000048   Code   RO         2350    i.SEGGER_RTT_Write  segger_rtt.o
    0x08004204   0x08004204   0x00000084   Code   RO         2353    i.SEGGER_RTT_WriteNoLock  segger_rtt.o
    0x08004288   0x08004288   0x00000022   Code   RO         2555    i.SEGGER_RTT_printf  segger_rtt_printf.o
    0x080042aa   0x080042aa   0x0000020a   Code   RO         2556    i.SEGGER_RTT_vprintf  segger_rtt_printf.o
    0x080044b4   0x080044b4   0x00000002   Code   RO          630    i.SVC_Handler       gd32e10x_it.o
    0x080044b6   0x080044b6   0x00000002   PAD
    0x080044b8   0x080044b8   0x00000088   Code   RO         1353    i.SendATCommand     gsm_hardwarelayer.o
    0x08004540   0x08004540   0x00000040   Code   RO           93    i.Sensor_AddUartData  measurement.o
    0x08004580   0x08004580   0x0000000c   Code   RO          631    i.SysTick_Handler   gd32e10x_it.o
    0x0800458c   0x0800458c   0x00000058   Code   RO         2597    i.SystemInit        system_gd32e10x.o
    0x080045e4   0x080045e4   0x0000006c   Code   RO          533    i.SystemManagementTask  main.o
    0x08004650   0x08004650   0x00000054   Code   RO          332    i.SystemReset       hardwaremanager.o
    0x080046a4   0x080046a4   0x0000004c   Code   RO         1220    i.ThucHienLenhAT    gsm_datalayer.o
    0x080046f0   0x080046f0   0x000000d8   Code   RO         1039    i.UART_Init         driveruart.o
    0x080047c8   0x080047c8   0x000000c4   Code   RO         1354    i.USART0_IRQHandler  gsm_hardwarelayer.o
    0x0800488c   0x0800488c   0x0000002c   Code   RO           94    i.USART2_IRQHandler  measurement.o
    0x080048b8   0x080048b8   0x00000004   Code   RO          632    i.UsageFault_Handler  gd32e10x_it.o
    0x080048bc   0x080048bc   0x00000008   Code   RO          333    i.WatchDogInit      hardwaremanager.o
    0x080048c4   0x080048c4   0x00000070   Code   RO         2357    i._DoInit           segger_rtt.o
    0x08004934   0x08004934   0x0000001c   Code   RO         2358    i._GetAvailWriteSpace  segger_rtt.o
    0x08004950   0x08004950   0x000000ec   Code   RO         2557    i._PrintInt         segger_rtt_printf.o
    0x08004a3c   0x08004a3c   0x000000ec   Code   RO         2558    i._PrintUnsigned    segger_rtt_printf.o
    0x08004b28   0x08004b28   0x00000044   Code   RO         2559    i._StoreChar        segger_rtt_printf.o
    0x08004b6c   0x08004b6c   0x00000076   Code   RO         2360    i._WriteBlocking    segger_rtt.o
    0x08004be2   0x08004be2   0x00000058   Code   RO         2361    i._WriteNoCheck     segger_rtt.o
    0x08004c3a   0x08004c3a   0x00000002   PAD
    0x08004c3c   0x08004c3c   0x00000028   Code   RO         6976    i.__0sprintf        mc_w.l(printfa.o)
    0x08004c64   0x08004c64   0x0000002c   Code   RO         6979    i.__0vsnprintf      mc_w.l(printfa.o)
    0x08004c90   0x08004c90   0x00000024   Code   RO         1355    i.__NVIC_DisableIRQ  gsm_hardwarelayer.o
    0x08004cb4   0x08004cb4   0x00000022   Code   RO         1356    i.__NVIC_EnableIRQ  gsm_hardwarelayer.o
    0x08004cd6   0x08004cd6   0x00000002   PAD
    0x08004cd8   0x08004cd8   0x00000028   Code   RO          408    i.__NVIC_SetPriority  initsystem.o
    0x08004d00   0x08004d00   0x00000008   Code   RO         7024    i.__aeabi_errno_addr  mc_w.l(errno.o)
    0x08004d08   0x08004d08   0x0000000e   Code   RO         7089    i.__scatterload_copy  mc_w.l(handlers.o)
    0x08004d16   0x08004d16   0x00000002   Code   RO         7090    i.__scatterload_null  mc_w.l(handlers.o)
    0x08004d18   0x08004d18   0x0000000e   Code   RO         7091    i.__scatterload_zeroinit  mc_w.l(handlers.o)
    0x08004d26   0x08004d26   0x00000002   PAD
    0x08004d28   0x08004d28   0x00000184   Code   RO         6981    i._fp_digits        mc_w.l(printfa.o)
    0x08004eac   0x08004eac   0x000006dc   Code   RO         6982    i._printf_core      mc_w.l(printfa.o)
    0x08005588   0x08005588   0x00000024   Code   RO         6983    i._printf_post_padding  mc_w.l(printfa.o)
    0x080055ac   0x080055ac   0x0000002e   Code   RO         6984    i._printf_pre_padding  mc_w.l(printfa.o)
    0x080055da   0x080055da   0x00000016   Code   RO         6985    i._snputc           mc_w.l(printfa.o)
    0x080055f0   0x080055f0   0x0000000a   Code   RO         6986    i._sputc            mc_w.l(printfa.o)
    0x080055fa   0x080055fa   0x0000002a   Code   RO         2642    i.adc_calibration_enable  gd32e10x_adc.o
    0x08005624   0x08005624   0x00000046   Code   RO         2643    i.adc_channel_length_config  gd32e10x_adc.o
    0x0800566a   0x0800566a   0x00000016   Code   RO         2644    i.adc_data_alignment_config  gd32e10x_adc.o
    0x08005680   0x08005680   0x00000040   Code   RO         2645    i.adc_deinit        gd32e10x_adc.o
    0x080056c0   0x080056c0   0x0000000a   Code   RO         2649    i.adc_dma_mode_enable  gd32e10x_adc.o
    0x080056ca   0x080056ca   0x00000012   Code   RO         2650    i.adc_enable        gd32e10x_adc.o
    0x080056dc   0x080056dc   0x0000003e   Code   RO         2651    i.adc_external_trigger_config  gd32e10x_adc.o
    0x0800571a   0x0800571a   0x00000030   Code   RO         2652    i.adc_external_trigger_source_config  gd32e10x_adc.o
    0x0800574a   0x0800574a   0x00000002   PAD
    0x0800574c   0x0800574c   0x0000001c   Code   RO         2663    i.adc_mode_config   gd32e10x_adc.o
    0x08005768   0x08005768   0x000000ac   Code   RO         2667    i.adc_regular_channel_config  gd32e10x_adc.o
    0x08005814   0x08005814   0x0000001e   Code   RO         2671    i.adc_software_trigger_enable  gd32e10x_adc.o
    0x08005832   0x08005832   0x0000005a   Code   RO         2672    i.adc_special_function_config  gd32e10x_adc.o
    0x0800588c   0x0800588c   0x000000b8   Code   RO         6659    i.alloc_mem         TCP_CM3.lib(at_mem.o)
    0x08005944   0x08005944   0x00000018   Code   RO          913    i.app_bkup_init     app_bkup.o
    0x0800595c   0x0800595c   0x0000004c   Code   RO          915    i.app_bkup_read_pulse_counter  app_bkup.o
    0x080059a8   0x080059a8   0x00000026   Code   RO          917    i.app_bkup_write_pulse_counter  app_bkup.o
    0x080059ce   0x080059ce   0x00000008   Code   RO          961    i.app_wdt_feed      app_wdt.o
    0x080059d6   0x080059d6   0x00000020   Code   RO          962    i.app_wdt_start     app_wdt.o
    0x080059f6   0x080059f6   0x00000002   PAD
    0x080059f8   0x080059f8   0x0000001c   Code   RO         6660    i.avail_mem         TCP_CM3.lib(at_mem.o)
    0x08005a14   0x08005a14   0x00000038   Code   RO         2888    i.bkp_data_read     gd32e10x_bkp.o
    0x08005a4c   0x08005a4c   0x00000034   Code   RO         2889    i.bkp_data_write    gd32e10x_bkp.o
    0x08005a80   0x08005a80   0x00000028   Code   RO         1895    i.bufchar           mqttpacket.o
    0x08005aa8   0x08005aa8   0x00000012   Code   RO         6506    i.calc_chksum16be   TCP_CM3.lib(at_lib.o)
    0x08005aba   0x08005aba   0x00000002   PAD
    0x08005abc   0x08005abc   0x000000a0   Code   RO         6621    i.chap_auth_rq      TCP_CM3.lib(at_ppp_chap.o)
    0x08005b5c   0x08005b5c   0x0000000c   Code   RO         6622    i.chap_init         TCP_CM3.lib(at_ppp_chap.o)
    0x08005b68   0x08005b68   0x0000018c   Code   RO         6623    i.chap_process      TCP_CM3.lib(at_ppp_chap.o)
    0x08005cf4   0x08005cf4   0x00000058   Code   RO         6624    i.chap_run          TCP_CM3.lib(at_ppp_chap.o)
    0x08005d4c   0x08005d4c   0x00000016   Code   RO         6625    i.chap_send         TCP_CM3.lib(at_ppp_chap.o)
    0x08005d62   0x08005d62   0x00000002   PAD
    0x08005d64   0x08005d64   0x00000028   Code   RO         6507    i.chksum16_buf      TCP_CM3.lib(at_lib.o)
    0x08005d8c   0x08005d8c   0x0000000a   Code   RO         6508    i.chksum16_val      TCP_CM3.lib(at_lib.o)
    0x08005d96   0x08005d96   0x00000002   PAD
    0x08005d98   0x08005d98   0x00000030   Code   RO         1357    i.com_getchar       gsm_hardwarelayer.o
    0x08005dc8   0x08005dc8   0x00000070   Code   RO         1358    i.com_put_at_character  gsm_hardwarelayer.o
    0x08005e38   0x08005e38   0x00000018   Code   RO         1359    i.com_put_at_string  gsm_hardwarelayer.o
    0x08005e50   0x08005e50   0x00000080   Code   RO         1360    i.com_putchar       gsm_hardwarelayer.o
    0x08005ed0   0x08005ed0   0x0000000c   Code   RO         1361    i.com_tx_active     gsm_hardwarelayer.o
    0x08005edc   0x08005edc   0x0000006c   Code   RO          334    i.debug_printf      hardwaremanager.o
    0x08005f48   0x08005f48   0x0000006c   Code   RO          714    i.debug_printf      debug.o
    0x08005fb4   0x08005fb4   0x00000048   Code   RO          409    i.debug_raw         initsystem.o
    0x08005ffc   0x08005ffc   0x00000032   Code   RO         3689    i.dma_channel_enable  gd32e10x_dma.o
    0x0800602e   0x0800602e   0x00000032   Code   RO         3691    i.dma_circulation_enable  gd32e10x_dma.o
    0x08006060   0x08006060   0x00000070   Code   RO         3692    i.dma_deinit        gd32e10x_dma.o
    0x080060d0   0x080060d0   0x0000012e   Code   RO         3695    i.dma_init          gd32e10x_dma.o
    0x080061fe   0x080061fe   0x00000002   PAD
    0x08006200   0x08006200   0x00000018   Code   RO         3707    i.dma_periph_and_channel_check  gd32e10x_dma.o
    0x08006218   0x08006218   0x00000044   Code   RO         6444    i.dns_init          TCP_CM3.lib(at_dns.o)
    0x0800625c   0x0800625c   0x000001bc   Code   RO         6445    i.dns_listener      TCP_CM3.lib(at_dns.o)
    0x08006418   0x08006418   0x000000a8   Code   RO         6446    i.dns_run_client    TCP_CM3.lib(at_dns.o)
    0x080064c0   0x080064c0   0x00000070   Code   RO         6447    i.dns_send_message  TCP_CM3.lib(at_dns.o)
    0x08006530   0x08006530   0x00000030   Code   RO         6448    i.dns_stop          TCP_CM3.lib(at_dns.o)
    0x08006560   0x08006560   0x00000004   Code   RO            1    i.eth_chk_adr       net_config.o
    0x08006564   0x08006564   0x00000004   Code   RO            3    i.eth_send_frame    net_config.o
    0x08006568   0x08006568   0x0000000c   Code   RO         3935    i.exti_interrupt_flag_clear  gd32e10x_exti.o
    0x08006574   0x08006574   0x00000024   Code   RO         3936    i.exti_interrupt_flag_get  gd32e10x_exti.o
    0x08006598   0x08006598   0x00000020   Code   RO         4021    i.fmc_flag_clear    gd32e10x_fmc.o
    0x080065b8   0x080065b8   0x00000014   Code   RO         4031    i.fmc_lock          gd32e10x_fmc.o
    0x080065cc   0x080065cc   0x00000048   Code   RO         4033    i.fmc_page_erase    gd32e10x_fmc.o
    0x08006614   0x08006614   0x00000022   Code   RO         4037    i.fmc_ready_wait    gd32e10x_fmc.o
    0x08006636   0x08006636   0x00000002   PAD
    0x08006638   0x08006638   0x00000040   Code   RO         4038    i.fmc_state_get     gd32e10x_fmc.o
    0x08006678   0x08006678   0x00000024   Code   RO         4039    i.fmc_unlock        gd32e10x_fmc.o
    0x0800669c   0x0800669c   0x00000040   Code   RO         4040    i.fmc_word_program  gd32e10x_fmc.o
    0x080066dc   0x080066dc   0x00000084   Code   RO         6661    i.free_mem          TCP_CM3.lib(at_mem.o)
    0x08006760   0x08006760   0x00000068   Code   RO         4249    i.fwdgt_config      gd32e10x_fwdgt.o
    0x080067c8   0x080067c8   0x00000010   Code   RO         4250    i.fwdgt_counter_reload  gd32e10x_fwdgt.o
    0x080067d8   0x080067d8   0x00000010   Code   RO         4251    i.fwdgt_enable      gd32e10x_fwdgt.o
    0x080067e8   0x080067e8   0x00000024   Code   RO         6510    i.get_crc32         TCP_CM3.lib(at_lib.o)
    0x0800680c   0x0800680c   0x00000040   Code   RO         6449    i.get_dns_ip        TCP_CM3.lib(at_dns.o)
    0x0800684c   0x0800684c   0x00000178   Code   RO         6450    i.get_host_by_name  TCP_CM3.lib(at_dns.o)
    0x080069c4   0x080069c4   0x0000003c   Code   RO         6451    i.get_locm          TCP_CM3.lib(at_dns.o)
    0x08006a00   0x08006a00   0x0000001c   Code   RO         6560    i.get_rnd32         TCP_CM3.lib(at_system.o)
    0x08006a1c   0x08006a1c   0x00000064   Code   RO         1646    i.getdata           mqtt_hardwarelayer.o
    0x08006a80   0x08006a80   0x00000004   Code   RO         4305    i.gpio_bit_set      gd32e10x_gpio.o
    0x08006a84   0x08006a84   0x0000000a   Code   RO         4306    i.gpio_bit_write    gd32e10x_gpio.o
    0x08006a8e   0x08006a8e   0x000000bc   Code   RO         4314    i.gpio_init         gd32e10x_gpio.o
    0x08006b4a   0x08006b4a   0x00000010   Code   RO         4315    i.gpio_input_bit_get  gd32e10x_gpio.o
    0x08006b5a   0x08006b5a   0x00000002   PAD
    0x08006b5c   0x08006b5c   0x00000090   Code   RO         4320    i.gpio_pin_remap_config  gd32e10x_gpio.o
    0x08006bec   0x08006bec   0x00000002   Code   RO         1221    i.gsmWakeUpPeriodically  gsm_datalayer.o
    0x08006bee   0x08006bee   0x00000002   PAD
    0x08006bf0   0x08006bf0   0x00000010   Code   RO         6322    i.icmp_init         TCP_CM3.lib(at_icmp.o)
    0x08006c00   0x08006c00   0x000000cc   Code   RO         6324    i.icmp_process      TCP_CM3.lib(at_icmp.o)
    0x08006ccc   0x08006ccc   0x00000048   Code   RO         6325    i.icmp_run_engine   TCP_CM3.lib(at_icmp.o)
    0x08006d14   0x08006d14   0x00000070   Code   RO         6326    i.icmp_send_message  TCP_CM3.lib(at_icmp.o)
    0x08006d84   0x08006d84   0x00000004   Code   RO            4    i.igmp_is_member    net_config.o
    0x08006d88   0x08006d88   0x00000030   Code   RO         6561    i.init_TcpNet       TCP_CM3.lib(at_system.o)
    0x08006db8   0x08006db8   0x00000060   Code   RO         6663    i.init_mem          TCP_CM3.lib(at_mem.o)
    0x08006e18   0x08006e18   0x00000028   Code   RO         1362    i.init_serial       gsm_hardwarelayer.o
    0x08006e40   0x08006e40   0x0000001e   Code   RO            6    i.init_system       net_config.o
    0x08006e5e   0x08006e5e   0x00000002   Code   RO         6693    i.int_disable_eth   TCP_CM3.lib(at_lib_def.o)
    0x08006e60   0x08006e60   0x00000002   Code   RO         6694    i.int_enable_eth    TCP_CM3.lib(at_lib_def.o)
    0x08006e62   0x08006e62   0x00000002   PAD
    0x08006e64   0x08006e64   0x000000d4   Code   RO         6300    i.ip_chk_frame      TCP_CM3.lib(at_ip.o)
    0x08006f38   0x08006f38   0x0000000a   Code   RO         6301    i.ip_get_chksum     TCP_CM3.lib(at_ip.o)
    0x08006f42   0x08006f42   0x00000002   PAD
    0x08006f44   0x08006f44   0x000000b8   Code   RO         6302    i.ip_get_locadr     TCP_CM3.lib(at_ip.o)
    0x08006ffc   0x08006ffc   0x0000000c   Code   RO         6303    i.ip_init           TCP_CM3.lib(at_ip.o)
    0x08007008   0x08007008   0x0000005c   Code   RO         6304    i.ip_run_local      TCP_CM3.lib(at_ip.o)
    0x08007064   0x08007064   0x0000014c   Code   RO         6305    i.ip_send_frame     TCP_CM3.lib(at_ip.o)
    0x080071b0   0x080071b0   0x00000094   Code   RO         6638    i.ipcp_conf_rq      TCP_CM3.lib(at_ppp_ipcp.o)
    0x08007244   0x08007244   0x00000030   Code   RO         6639    i.ipcp_configure    TCP_CM3.lib(at_ppp_ipcp.o)
    0x08007274   0x08007274   0x00000044   Code   RO         6640    i.ipcp_init         TCP_CM3.lib(at_ppp_ipcp.o)
    0x080072b8   0x080072b8   0x00000294   Code   RO         6641    i.ipcp_process      TCP_CM3.lib(at_ppp_ipcp.o)
    0x0800754c   0x0800754c   0x00000070   Code   RO         6642    i.ipcp_run          TCP_CM3.lib(at_ppp_ipcp.o)
    0x080075bc   0x080075bc   0x00000016   Code   RO         6643    i.ipcp_send         TCP_CM3.lib(at_ppp_ipcp.o)
    0x080075d2   0x080075d2   0x00000002   PAD
    0x080075d4   0x080075d4   0x0000003c   Code   RO         6644    i.ipcp_set_rem_ip   TCP_CM3.lib(at_ppp_ipcp.o)
    0x08007610   0x08007610   0x0000007c   Code   RO         6452    i.is_str_ip         TCP_CM3.lib(at_dns.o)
    0x0800768c   0x0800768c   0x00000014   Code   RO         6511    i.is_subnet         TCP_CM3.lib(at_lib.o)
    0x080076a0   0x080076a0   0x00000020   Code   RO         6306    i.is_subnet_bcast   TCP_CM3.lib(at_ip.o)
    0x080076c0   0x080076c0   0x00000134   Code   RO         6575    i.lcp_conf_rq       TCP_CM3.lib(at_ppp_lcp.o)
    0x080077f4   0x080077f4   0x00000074   Code   RO         6576    i.lcp_configure     TCP_CM3.lib(at_ppp_lcp.o)
    0x08007868   0x08007868   0x00000034   Code   RO         6577    i.lcp_echo          TCP_CM3.lib(at_ppp_lcp.o)
    0x0800789c   0x0800789c   0x0000003c   Code   RO         6578    i.lcp_echo_rq       TCP_CM3.lib(at_ppp_lcp.o)
    0x080078d8   0x080078d8   0x00000034   Code   RO         6579    i.lcp_init          TCP_CM3.lib(at_ppp_lcp.o)
    0x0800790c   0x0800790c   0x000004d6   Code   RO         6580    i.lcp_process       TCP_CM3.lib(at_ppp_lcp.o)
    0x08007de2   0x08007de2   0x00000002   PAD
    0x08007de4   0x08007de4   0x00000060   Code   RO         6581    i.lcp_run           TCP_CM3.lib(at_ppp_lcp.o)
    0x08007e44   0x08007e44   0x00000016   Code   RO         6582    i.lcp_send          TCP_CM3.lib(at_ppp_lcp.o)
    0x08007e5a   0x08007e5a   0x00000002   PAD
    0x08007e5c   0x08007e5c   0x00000030   Code   RO         6583    i.lcp_term_rq       TCP_CM3.lib(at_ppp_lcp.o)
    0x08007e8c   0x08007e8c   0x00000030   Code   RO         6584    i.lcp_terminate     TCP_CM3.lib(at_ppp_lcp.o)
    0x08007ebc   0x08007ebc   0x00000084   Code   RO          534    i.main              main.o
    0x08007f40   0x08007f40   0x00000064   Code   RO         6562    i.main_TcpNet       TCP_CM3.lib(at_system.o)
    0x08007fa4   0x08007fa4   0x0000005e   Code   RO         6678    i.md5_final         TCP_CM3.lib(at_md5.o)
    0x08008002   0x08008002   0x00000002   PAD
    0x08008004   0x08008004   0x00000024   Code   RO         6679    i.md5_init          TCP_CM3.lib(at_md5.o)
    0x08008028   0x08008028   0x00000170   Code   RO         6680    i.md5_transform     TCP_CM3.lib(at_md5.o)
    0x08008198   0x08008198   0x00000068   Code   RO         6681    i.md5_update        TCP_CM3.lib(at_md5.o)
    0x08008200   0x08008200   0x00000018   Code   RO         6512    i.mem_comp          TCP_CM3.lib(at_lib.o)
    0x08008218   0x08008218   0x00000016   Code   RO         6513    i.mem_copy          TCP_CM3.lib(at_lib.o)
    0x0800822e   0x0800822e   0x00000020   Code   RO         6515    i.mem_rcopy         TCP_CM3.lib(at_lib.o)
    0x0800824e   0x0800824e   0x0000000a   Code   RO         6516    i.mem_set           TCP_CM3.lib(at_lib.o)
    0x08008258   0x08008258   0x00000014   Code   RO         6517    i.mem_test          TCP_CM3.lib(at_lib.o)
    0x0800826c   0x0800826c   0x00000014   Code   RO         1363    i.modem_dial        gsm_hardwarelayer.o
    0x08008280   0x08008280   0x00000002   Code   RO         1364    i.modem_hangup      gsm_hardwarelayer.o
    0x08008282   0x08008282   0x00000002   PAD
    0x08008284   0x08008284   0x00000010   Code   RO         1365    i.modem_init        gsm_hardwarelayer.o
    0x08008294   0x08008294   0x00000018   Code   RO         1367    i.modem_online      gsm_hardwarelayer.o
    0x080082ac   0x080082ac   0x000001b0   Code   RO         1368    i.modem_process     gsm_hardwarelayer.o
    0x0800845c   0x0800845c   0x00000108   Code   RO         1369    i.modem_run         gsm_hardwarelayer.o
    0x08008564   0x08008564   0x000000c0   Code   RO         1647    i.mqtt_dns_callback  mqtt_hardwarelayer.o
    0x08008624   0x08008624   0x000000e8   Code   RO         1648    i.mqtt_tcp_callback  mqtt_hardwarelayer.o
    0x0800870c   0x0800870c   0x0000000a   Code   RO         6518    i.nrd_u16be         TCP_CM3.lib(at_lib.o)
    0x08008716   0x08008716   0x00000016   Code   RO         6519    i.nrd_u32be         TCP_CM3.lib(at_lib.o)
    0x0800872c   0x0800872c   0x000000ac   Code   RO         4664    i.nvic_irq_enable   gd32e10x_misc.o
    0x080087d8   0x080087d8   0x00000014   Code   RO         4665    i.nvic_priority_group_set  gd32e10x_misc.o
    0x080087ec   0x080087ec   0x00000014   Code   RO         4666    i.nvic_vector_table_set  gd32e10x_misc.o
    0x08008800   0x08008800   0x00000010   Code   RO         6521    i.nwr_u32be         TCP_CM3.lib(at_lib.o)
    0x08008810   0x08008810   0x00000080   Code   RO         6602    i.pap_auth_rq       TCP_CM3.lib(at_ppp_pap.o)
    0x08008890   0x08008890   0x0000000c   Code   RO         6603    i.pap_init          TCP_CM3.lib(at_ppp_pap.o)
    0x0800889c   0x0800889c   0x000000a8   Code   RO         6604    i.pap_process       TCP_CM3.lib(at_ppp_pap.o)
    0x08008944   0x08008944   0x00000058   Code   RO         6605    i.pap_run           TCP_CM3.lib(at_ppp_pap.o)
    0x0800899c   0x0800899c   0x00000016   Code   RO         6606    i.pap_send          TCP_CM3.lib(at_ppp_pap.o)
    0x080089b2   0x080089b2   0x00000002   PAD
    0x080089b4   0x080089b4   0x00000014   Code   RO         4724    i.pmu_backup_write_enable  gd32e10x_pmu.o
    0x080089c8   0x080089c8   0x0000006a   Code   RO         6469    i.ppp_chk_frame     TCP_CM3.lib(at_ppp.o)
    0x08008a32   0x08008a32   0x00000002   PAD
    0x08008a34   0x08008a34   0x00000018   Code   RO         6470    i.ppp_close         TCP_CM3.lib(at_ppp.o)
    0x08008a4c   0x08008a4c   0x00000024   Code   RO         6471    i.ppp_connect       TCP_CM3.lib(at_ppp.o)
    0x08008a70   0x08008a70   0x00000048   Code   RO         6472    i.ppp_cp_code_reject  TCP_CM3.lib(at_ppp.o)
    0x08008ab8   0x08008ab8   0x00000028   Code   RO         6473    i.ppp_get_fcs       TCP_CM3.lib(at_ppp.o)
    0x08008ae0   0x08008ae0   0x00000030   Code   RO         6474    i.ppp_init_link     TCP_CM3.lib(at_ppp.o)
    0x08008b10   0x08008b10   0x00000014   Code   RO         6475    i.ppp_is_up         TCP_CM3.lib(at_ppp.o)
    0x08008b24   0x08008b24   0x000000e8   Code   RO         6477    i.ppp_receive       TCP_CM3.lib(at_ppp.o)
    0x08008c0c   0x08008c0c   0x0000015c   Code   RO         6478    i.ppp_run_link      TCP_CM3.lib(at_ppp.o)
    0x08008d68   0x08008d68   0x000000c4   Code   RO         6479    i.ppp_send_frame    TCP_CM3.lib(at_ppp.o)
    0x08008e2c   0x08008e2c   0x00000024   Code   RO         6480    i.ppp_shutdown      TCP_CM3.lib(at_ppp.o)
    0x08008e50   0x08008e50   0x000000c4   Code   RO         6481    i.ppp_transmit      TCP_CM3.lib(at_ppp.o)
    0x08008f14   0x08008f14   0x0000006c   Code   RO         4820    i.rcu_adc_clock_config  gd32e10x_rcu.o
    0x08008f80   0x08008f80   0x00000014   Code   RO         4822    i.rcu_all_reset_flag_clear  gd32e10x_rcu.o
    0x08008f94   0x08008f94   0x00000180   Code   RO         4829    i.rcu_clock_freq_get  gd32e10x_rcu.o
    0x08009114   0x08009114   0x00000024   Code   RO         4832    i.rcu_flag_get      gd32e10x_rcu.o
    0x08009138   0x08009138   0x00000020   Code   RO         4849    i.rcu_periph_clock_enable  gd32e10x_rcu.o
    0x08009158   0x08009158   0x00000020   Code   RO         4852    i.rcu_periph_reset_disable  gd32e10x_rcu.o
    0x08009178   0x08009178   0x00000020   Code   RO         4853    i.rcu_periph_reset_enable  gd32e10x_rcu.o
    0x08009198   0x08009198   0x0000000e   Code   RO         1897    i.readChar          mqttpacket.o
    0x080091a6   0x080091a6   0x0000001a   Code   RO         1898    i.readInt           mqttpacket.o
    0x080091c0   0x080091c0   0x0000003a   Code   RO         1899    i.readMQTTLenString  mqttpacket.o
    0x080091fa   0x080091fa   0x00000002   PAD
    0x080091fc   0x080091fc   0x00000048   Code   RO         6664    i.resize_mem        TCP_CM3.lib(at_mem.o)
    0x08009244   0x08009244   0x0000001a   Code   RO            7    i.run_system        net_config.o
    0x0800925e   0x0800925e   0x00000004   Code   RO            8    i.slip_send_frame   net_config.o
    0x08009262   0x08009262   0x00000022   Code   RO         6607    i.str_compare       TCP_CM3.lib(at_ppp_pap.o)
    0x08009284   0x08009284   0x00000012   Code   RO         6522    i.str_copy          TCP_CM3.lib(at_lib.o)
    0x08009296   0x08009296   0x0000001a   Code   RO         6523    i.str_crc32         TCP_CM3.lib(at_lib.o)
    0x080092b0   0x080092b0   0x00000016   Code   RO         6524    i.str_pos           TCP_CM3.lib(at_lib.o)
    0x080092c6   0x080092c6   0x0000001a   Code   RO         6525    i.str_scomp         TCP_CM3.lib(at_lib.o)
    0x080092e0   0x080092e0   0x00000024   Code   RO           10    i.sys_error         net_config.o
    0x08009304   0x08009304   0x0000000c   Code   RO          535    i.sys_get_ms        main.o
    0x08009310   0x08009310   0x0000006c   Code   RO         2598    i.system_clock_8m_irc8m  system_gd32e10x.o
    0x0800937c   0x0800937c   0x00000008   Code   RO         2599    i.system_clock_config  system_gd32e10x.o
    0x08009384   0x08009384   0x00000050   Code   RO         6340    i.tcp_abort         TCP_CM3.lib(at_tcp.o)
    0x080093d4   0x080093d4   0x00000038   Code   RO         6341    i.tcp_check_send    TCP_CM3.lib(at_tcp.o)
    0x0800940c   0x0800940c   0x000000b4   Code   RO         6343    i.tcp_connect       TCP_CM3.lib(at_tcp.o)
    0x080094c0   0x080094c0   0x00000020   Code   RO         6345    i.tcp_get_buf       TCP_CM3.lib(at_tcp.o)
    0x080094e0   0x080094e0   0x00000044   Code   RO         6346    i.tcp_get_free_port  TCP_CM3.lib(at_tcp.o)
    0x08009524   0x08009524   0x0000004c   Code   RO         6347    i.tcp_get_socket    TCP_CM3.lib(at_tcp.o)
    0x08009570   0x08009570   0x00000024   Code   RO         6348    i.tcp_get_state     TCP_CM3.lib(at_tcp.o)
    0x08009594   0x08009594   0x00000018   Code   RO         6349    i.tcp_init          TCP_CM3.lib(at_tcp.o)
    0x080095ac   0x080095ac   0x00000098   Code   RO         6352    i.tcp_map_socket    TCP_CM3.lib(at_tcp.o)
    0x08009644   0x08009644   0x00000024   Code   RO         6353    i.tcp_max_dsize     TCP_CM3.lib(at_tcp.o)
    0x08009668   0x08009668   0x0000005e   Code   RO         6355    i.tcp_parse_opt     TCP_CM3.lib(at_tcp.o)
    0x080096c6   0x080096c6   0x00000002   PAD
    0x080096c8   0x080096c8   0x00000284   Code   RO         6356    i.tcp_poll_sockets  TCP_CM3.lib(at_tcp.o)
    0x0800994c   0x0800994c   0x000000c4   Code   RO         6357    i.tcp_proc_acknr    TCP_CM3.lib(at_tcp.o)
    0x08009a10   0x08009a10   0x00000052   Code   RO         6358    i.tcp_proc_dupack   TCP_CM3.lib(at_tcp.o)
    0x08009a62   0x08009a62   0x00000002   PAD
    0x08009a64   0x08009a64   0x000004c4   Code   RO         6359    i.tcp_process       TCP_CM3.lib(at_tcp.o)
    0x08009f28   0x08009f28   0x0000001a   Code   RO         6360    i.tcp_que_free      TCP_CM3.lib(at_tcp.o)
    0x08009f42   0x08009f42   0x0000001a   Code   RO         6361    i.tcp_que_init      TCP_CM3.lib(at_tcp.o)
    0x08009f5c   0x08009f5c   0x00000094   Code   RO         6362    i.tcp_que_resend    TCP_CM3.lib(at_tcp.o)
    0x08009ff0   0x08009ff0   0x00000038   Code   RO         6363    i.tcp_release_socket  TCP_CM3.lib(at_tcp.o)
    0x0800a028   0x0800a028   0x000000d4   Code   RO         6366    i.tcp_send          TCP_CM3.lib(at_tcp.o)
    0x0800a0fc   0x0800a0fc   0x00000066   Code   RO         6367    i.tcp_send_ctrl     TCP_CM3.lib(at_tcp.o)
    0x0800a162   0x0800a162   0x0000004e   Code   RO         6368    i.tcp_send_data     TCP_CM3.lib(at_tcp.o)
    0x0800a1b0   0x0800a1b0   0x00000068   Code   RO         6369    i.tcp_send_reset    TCP_CM3.lib(at_tcp.o)
    0x0800a218   0x0800a218   0x00000026   Code   RO         6370    i.tcp_set_cwnd      TCP_CM3.lib(at_tcp.o)
    0x0800a23e   0x0800a23e   0x00000002   PAD
    0x0800a240   0x0800a240   0x00000068   Code   RO         6371    i.tcp_transit       TCP_CM3.lib(at_tcp.o)
    0x0800a2a8   0x0800a2a8   0x000000c0   Code   RO         6372    i.tcp_write         TCP_CM3.lib(at_tcp.o)
    0x0800a368   0x0800a368   0x00000014   Code   RO         6563    i.timer_tick        TCP_CM3.lib(at_system.o)
    0x0800a37c   0x0800a37c   0x0000002c   Code   RO         6413    i.udp_close         TCP_CM3.lib(at_udp.o)
    0x0800a3a8   0x0800a3a8   0x00000020   Code   RO         6415    i.udp_get_buf       TCP_CM3.lib(at_udp.o)
    0x0800a3c8   0x0800a3c8   0x00000044   Code   RO         6416    i.udp_get_socket    TCP_CM3.lib(at_udp.o)
    0x0800a40c   0x0800a40c   0x00000018   Code   RO         6417    i.udp_init          TCP_CM3.lib(at_udp.o)
    0x0800a424   0x0800a424   0x00000068   Code   RO         6420    i.udp_open          TCP_CM3.lib(at_udp.o)
    0x0800a48c   0x0800a48c   0x0000002c   Code   RO         6421    i.udp_port_in_use   TCP_CM3.lib(at_udp.o)
    0x0800a4b8   0x0800a4b8   0x000000b8   Code   RO         6422    i.udp_process       TCP_CM3.lib(at_udp.o)
    0x0800a570   0x0800a570   0x0000011c   Code   RO         6424    i.udp_send          TCP_CM3.lib(at_udp.o)
    0x0800a68c   0x0800a68c   0x00000090   Code   RO         5913    i.usart_baudrate_set  gd32e10x_usart.o
    0x0800a71c   0x0800a71c   0x0000000a   Code   RO         5916    i.usart_data_receive  gd32e10x_usart.o
    0x0800a726   0x0800a726   0x00000008   Code   RO         5917    i.usart_data_transmit  gd32e10x_usart.o
    0x0800a72e   0x0800a72e   0x00000002   PAD
    0x0800a730   0x0800a730   0x00000090   Code   RO         5918    i.usart_deinit      gd32e10x_usart.o
    0x0800a7c0   0x0800a7c0   0x0000000a   Code   RO         5922    i.usart_enable      gd32e10x_usart.o
    0x0800a7ca   0x0800a7ca   0x0000001a   Code   RO         5923    i.usart_flag_clear  gd32e10x_usart.o
    0x0800a7e4   0x0800a7e4   0x0000001e   Code   RO         5924    i.usart_flag_get    gd32e10x_usart.o
    0x0800a802   0x0800a802   0x0000001a   Code   RO         5931    i.usart_interrupt_disable  gd32e10x_usart.o
    0x0800a81c   0x0800a81c   0x0000001a   Code   RO         5932    i.usart_interrupt_enable  gd32e10x_usart.o
    0x0800a836   0x0800a836   0x0000001a   Code   RO         5933    i.usart_interrupt_flag_clear  gd32e10x_usart.o
    0x0800a850   0x0800a850   0x00000038   Code   RO         5934    i.usart_interrupt_flag_get  gd32e10x_usart.o
    0x0800a888   0x0800a888   0x00000010   Code   RO         5945    i.usart_parity_config  gd32e10x_usart.o
    0x0800a898   0x0800a898   0x00000010   Code   RO         5947    i.usart_receive_config  gd32e10x_usart.o
    0x0800a8a8   0x0800a8a8   0x00000010   Code   RO         5957    i.usart_stop_bit_set  gd32e10x_usart.o
    0x0800a8b8   0x0800a8b8   0x00000010   Code   RO         5961    i.usart_transmit_config  gd32e10x_usart.o
    0x0800a8c8   0x0800a8c8   0x00000010   Code   RO         5962    i.usart_word_length_set  gd32e10x_usart.o
    0x0800a8d8   0x0800a8d8   0x00000028   Code   RO         1900    i.writeCString      mqttpacket.o
    0x0800a900   0x0800a900   0x0000000c   Code   RO         1901    i.writeChar         mqttpacket.o
    0x0800a90c   0x0800a90c   0x00000030   Code   RO         1902    i.writeInt          mqttpacket.o
    0x0800a93c   0x0800a93c   0x0000003e   Code   RO         1903    i.writeMQTTString   mqttpacket.o
    0x0800a97a   0x0800a97a   0x00000002   PAD
    0x0800a97c   0x0800a97c   0x00000080   Data   RO           12    .constdata          net_config.o
    0x0800a9fc   0x0800a9fc   0x0000001d   Data   RO          411    .constdata          initsystem.o
    0x0800aa19   0x0800aa19   0x00000010   Data   RO         2560    .constdata          segger_rtt_printf.o
    0x0800aa29   0x0800aa29   0x00000008   Data   RO         6307    .constdata          TCP_CM3.lib(at_ip.o)
    0x0800aa31   0x0800aa31   0x00000001   PAD
    0x0800aa32   0x0800aa32   0x00000200   Data   RO         6483    .constdata          TCP_CM3.lib(at_ppp.o)
    0x0800ac32   0x0800ac32   0x00000002   PAD
    0x0800ac34   0x0800ac34   0x00000110   Data   RO         6682    .constdata          TCP_CM3.lib(at_md5.o)
    0x0800ad44   0x0800ad44   0x00000081   Data   RO         7055    .constdata          mc_w.l(ctype_o.o)
    0x0800adc5   0x0800adc5   0x00000003   PAD
    0x0800adc8   0x0800adc8   0x00000004   Data   RO         7056    .constdata          mc_w.l(ctype_o.o)
    0x0800adcc   0x0800adcc   0x00000020   Data   RO         7088    Region$$Table       anon$$obj.o


    Execution Region RW_IRAM1 (Exec base: 0x20000000, Load base: 0x0800adec, Size: 0x00003f00, Max: 0x00008000, ABSOLUTE)

    Exec Addr    Load Addr    Size         Type   Attr      Idx    E Section Name        Object

    0x20000000   0x0800adec   0x00000010   Data   RW           13    .data               net_config.o
    0x20000010   0x0800adfc   0x00000024   Data   RW           99    .data               measurement.o
    0x20000034   0x0800ae20   0x00000004   PAD
    0x20000038   0x0800ae24   0x00000028   Data   RW          537    .data               main.o
    0x20000060   0x0800ae4c   0x00000013   Data   RW         1224    .data               gsm_datalayer.o
    0x20000073   0x0800ae5f   0x00000001   PAD
    0x20000074   0x0800ae60   0x00000005   Data   RW         1371    .data               gsm_hardwarelayer.o
    0x20000079   0x0800ae65   0x00000001   PAD
    0x2000007a   0x0800ae66   0x0000000b   Data   RW         1556    .data               mqtt_clientmessage.o
    0x20000085   0x0800ae71   0x00000003   PAD
    0x20000088   0x0800ae74   0x0000006f   Data   RW         1650    .data               mqtt_hardwarelayer.o
    0x200000f7   0x0800aee3   0x00000001   PAD
    0x200000f8   0x0800aee4   0x00000004   Data   RW         1904    .data               mqttpacket.o
    0x200000fc   0x0800aee8   0x00000004   Data   RW         2600    .data               system_gd32e10x.o
    0x20000100   0x0800aeec   0x0000000c   Data   RW         6308    .data               TCP_CM3.lib(at_ip.o)
    0x2000010c   0x0800aef8   0x00000004   Data   RW         6373    .data               TCP_CM3.lib(at_tcp.o)
    0x20000110   0x0800aefc   0x00000002   Data   RW         6425    .data               TCP_CM3.lib(at_udp.o)
    0x20000112   0x0800aefe   0x00000004   Data   RW         6608    .data               TCP_CM3.lib(at_ppp_pap.o)
    0x20000116   0x0800af02   0x00000002   PAD
    0x20000118   0x0800af04   0x00000004   Data   RW         7027    .data               mc_w.l(errno.o)
    0x2000011c        -       0x000012fc   Zero   RW           11    .bss                net_config.o
    0x20001418        -       0x00000101   Zero   RW           98    .bss                measurement.o
    0x20001519   0x0800af08   0x00000003   PAD
    0x2000151c        -       0x00000b6c   Zero   RW          410    .bss                initsystem.o
    0x20002088        -       0x00000048   Zero   RW          715    .bss                debug.o
    0x200020d0        -       0x00000050   Zero   RW         1223    .bss                gsm_datalayer.o
    0x20002120        -       0x00000cee   Zero   RW         1370    .bss                gsm_hardwarelayer.o
    0x20002e0e   0x0800af08   0x00000002   PAD
    0x20002e10        -       0x00000610   Zero   RW         1555    .bss                mqtt_clientmessage.o
    0x20003420        -       0x0000033f   Zero   RW         1649    .bss                mqtt_hardwarelayer.o
    0x2000375f   0x0800af08   0x00000001   PAD
    0x20003760        -       0x000002b8   Zero   RW         2362    .bss                segger_rtt.o
    0x20003a18        -       0x00000010   Zero   RW         6327    .bss                TCP_CM3.lib(at_icmp.o)
    0x20003a28        -       0x00000020   Zero   RW         6453    .bss                TCP_CM3.lib(at_dns.o)
    0x20003a48        -       0x0000001c   Zero   RW         6482    .bss                TCP_CM3.lib(at_ppp.o)
    0x20003a64        -       0x0000004c   Zero   RW         6564    .bss                TCP_CM3.lib(at_system.o)
    0x20003ab0        -       0x00000014   Zero   RW         6585    .bss                TCP_CM3.lib(at_ppp_lcp.o)
    0x20003ac4        -       0x00000014   Zero   RW         6626    .bss                TCP_CM3.lib(at_ppp_chap.o)
    0x20003ad8        -       0x00000016   Zero   RW         6645    .bss                TCP_CM3.lib(at_ppp_ipcp.o)
    0x20003aee   0x0800af08   0x00000002   PAD
    0x20003af0        -       0x00000010   Zero   RW         6665    .bss                TCP_CM3.lib(at_mem.o)
    0x20003b00        -       0x00000400   Zero   RW         6293    STACK               startup_gd32e10x.o


==============================================================================

Image component sizes


      Code (inc. data)   RO Data    RW Data    ZI Data      Debug   Object Name

       138         24          0          0          0       1769   app_bkup.o
        40          0          0          0          0        967   app_wdt.o
       480        114          0          0         72       2624   debug.o
       216         24          0          0          0        672   driveruart.o
       656         10          0          0          0       8419   gd32e10x_adc.o
       108         12          0          0          0       1349   gd32e10x_bkp.o
       538          6          0          0          0       4126   gd32e10x_dma.o
        48         10          0          0          0       1382   gd32e10x_exti.o
       322         40          0          0          0       4413   gd32e10x_fmc.o
       136         22          0          0          0       2017   gd32e10x_fwdgt.o
       362          6          0          0          0       3881   gd32e10x_gpio.o
        90         24          0          0          0       4717   gd32e10x_it.o
       212         28          0          0          0       2164   gd32e10x_misc.o
        20          6          0          0          0        574   gd32e10x_pmu.o
       644         78          0          0          0       5205   gd32e10x_rcu.o
       586         16          0          0          0      11031   gd32e10x_usart.o
      4784       1824          0         19         80      12107   gsm_datalayer.o
      1748        348          0          5       3310      18537   gsm_hardwarelayer.o
       282         36          0          0          0       3228   gsm_utilities.o
       592        210          0          0          0      31916   hardwaremanager.o
       914        180         29          0       2924      38310   initsystem.o
       644        246          0          0          0       1872   internalflash.o
       552        142          0         40          0      19728   main.o
       898        290          0         36        257      68465   measurement.o
      1078        362          0         11       1552      12748   mqtt_clientmessage.o
      3460       1372          0        111        831       9058   mqtt_hardwarelayer.o
       596         18          0          0          0       3112   mqttconnectclient.o
       174          0          0          0          0       1710   mqttdeserializepublish.o
       636         18          0          4          0      10034   mqttpacket.o
       210          0          0          0          0       1854   mqttserializepublish.o
       368          0          0          0          0       3323   mqttsubscribeclient.o
       108          8        128         16       4860      20277   net_config.o
       774         52          0          0        696      11660   segger_rtt.o
      1096          6         16          0          0       5977   segger_rtt_printf.o
        36          8        336          0       1024        900   startup_gd32e10x.o
       204         16          0          4          0       1991   system_gd32e10x.o
        62          0          0          0          0        722   utilities.o

    ----------------------------------------------------------------------
     23866       5556        541        256      15612     332839   Object Totals
         0          0         32          0          0          0   (incl. Generated)
        54          0          0         10          6          0   (incl. Padding)

    ----------------------------------------------------------------------

      Code (inc. data)   RO Data    RW Data    ZI Data      Debug   Library Member Name

      1464         78          0          0         32        760   at_dns.o
       404         30          0          0         16        308   at_icmp.o
       874         62          8         12          0        588   at_ip.o
       372          4          0          0          0       1204   at_lib.o
         4          0          0          0          0        136   at_lib_def.o
       602         16        272          0          0        340   at_md5.o
       512         36          0          0         16        444   at_mem.o
      1354         70        512          0         28        964   at_ppp.o
       678         42          0          0         20        416   at_ppp_chap.o
      1118         82          0          0         22        656   at_ppp_ipcp.o
      2040        152          0          0         20        876   at_ppp_lcp.o
       452         42          0          4          0        492   at_ppp_pap.o
       196         40          0          0         76        292   at_system.o
      4062        160          0          4          0       2160   at_tcp.o
       784         40          0          2          0        624   at_udp.o
        28          0          0          0          0         68   _chval.o
       158          0          0          0          0         92   _strtoul.o
        26          0          0          0          0         80   atoi.o
         8          4        133          0          0         68   ctype_o.o
         0          0          0          0          0          0   entry.o
         0          0          0          0          0          0   entry10a.o
         0          0          0          0          0          0   entry11a.o
         8          4          0          0          0          0   entry2.o
         4          0          0          0          0          0   entry5.o
         0          0          0          0          0          0   entry7b.o
         0          0          0          0          0          0   entry8b.o
         8          4          0          0          0          0   entry9a.o
         8          4          0          4          0         68   errno.o
        30          0          0          0          0          0   handlers.o
        36          8          0          0          0         68   init.o
         0          0          0          0          0          0   iusefp.o
        30          0          0          0          0         68   llshl.o
        36          0          0          0          0         68   llsshr.o
        32          0          0          0          0         68   llushr.o
        36          0          0          0          0         68   memcpya.o
        36          0          0          0          0        108   memseta.o
      2342         90          0          0          0        668   printfa.o
        24          0          0          0          0         68   strcat.o
        18          0          0          0          0         68   strcpy.o
        14          0          0          0          0         68   strlen.o
        36          0          0          0          0         80   strstr.o
       112          0          0          0          0         88   strtol.o
        44          0          0          0          0         80   uidiv.o
        98          0          0          0          0         92   uldiv.o
        48          0          0          0          0         68   cdrcmple.o
       334          0          0          0          0        148   dadd.o
       222          0          0          0          0        100   ddiv.o
       186          0          0          0          0        176   depilogue.o
        48          0          0          0          0         68   dfixul.o
       228          0          0          0          0         96   dmul.o

    ----------------------------------------------------------------------
     19186        968        931         28        232      12952   Library Totals
        32          0          6          2          2          0   (incl. Padding)

    ----------------------------------------------------------------------

      Code (inc. data)   RO Data    RW Data    ZI Data      Debug   Library Name

     14916        854        792         22        230      10260   TCP_CM3.lib
      3172        114        133          4          0       2036   mc_w.l
      1066          0          0          0          0        656   mf_w.l

    ----------------------------------------------------------------------
     19186        968        931         28        232      12952   Library Totals

    ----------------------------------------------------------------------

==============================================================================


      Code (inc. data)   RO Data    RW Data    ZI Data      Debug   

     43052       6524       1472        284      15844     317239   Grand Totals
     43052       6524       1472        284      15844     317239   ELF Image Totals
     43052       6524       1472        284          0          0   ROM Totals

==============================================================================

    Total RO  Size (Code + RO Data)                44524 (  43.48kB)
    Total RW  Size (RW Data + ZI Data)             16128 (  15.75kB)
    Total ROM Size (Code + RO Data + RW Data)      44808 (  43.76kB)

==============================================================================

